Archive member included because of file (symbol)

C:\Users\11850637\Documents\OSExample\Library\libOS.a(OS.o)
                              ./Sources/main.o (OS_Init)
c:/freescale/kds_3.0.0/toolchain/bin/../lib/gcc/arm-none-eabi/4.8.4/../../../../arm-none-eabi/lib/armv7e-m/fpu\libg_s.a(lib_a-exit.o)
                              c:/freescale/kds_3.0.0/toolchain/bin/../lib/gcc/arm-none-eabi/4.8.4/../../../../arm-none-eabi/lib/armv7e-m/fpu/crt0.o (exit)
c:/freescale/kds_3.0.0/toolchain/bin/../lib/gcc/arm-none-eabi/4.8.4/../../../../arm-none-eabi/lib/armv7e-m/fpu\libg_s.a(lib_a-impure.o)
                              c:/freescale/kds_3.0.0/toolchain/bin/../lib/gcc/arm-none-eabi/4.8.4/../../../../arm-none-eabi/lib/armv7e-m/fpu\libg_s.a(lib_a-exit.o) (_global_impure_ptr)
c:/freescale/kds_3.0.0/toolchain/bin/../lib/gcc/arm-none-eabi/4.8.4/../../../../arm-none-eabi/lib/armv7e-m/fpu\libg_s.a(lib_a-init.o)
                              c:/freescale/kds_3.0.0/toolchain/bin/../lib/gcc/arm-none-eabi/4.8.4/../../../../arm-none-eabi/lib/armv7e-m/fpu/crt0.o (__libc_init_array)
c:/freescale/kds_3.0.0/toolchain/bin/../lib/gcc/arm-none-eabi/4.8.4/../../../../arm-none-eabi/lib/armv7e-m/fpu\libg_s.a(lib_a-memset.o)
                              c:/freescale/kds_3.0.0/toolchain/bin/../lib/gcc/arm-none-eabi/4.8.4/../../../../arm-none-eabi/lib/armv7e-m/fpu/crt0.o (memset)
c:/freescale/kds_3.0.0/toolchain/bin/../lib/gcc/arm-none-eabi/4.8.4/../../../../arm-none-eabi/lib/armv7e-m/fpu\libnosys.a(_exit.o)
                              c:/freescale/kds_3.0.0/toolchain/bin/../lib/gcc/arm-none-eabi/4.8.4/../../../../arm-none-eabi/lib/armv7e-m/fpu\libg_s.a(lib_a-exit.o) (_exit)

Allocating common symbols
Common symbol       size              file

SR_reg              0x1               ./Generated_Code/Cpu.o

Discarded input sections

 .text          0x00000000        0x0 c:/freescale/kds_3.0.0/toolchain/bin/../lib/gcc/arm-none-eabi/4.8.4/armv7e-m/fpu/crti.o
 .data          0x00000000        0x0 c:/freescale/kds_3.0.0/toolchain/bin/../lib/gcc/arm-none-eabi/4.8.4/armv7e-m/fpu/crti.o
 .bss           0x00000000        0x0 c:/freescale/kds_3.0.0/toolchain/bin/../lib/gcc/arm-none-eabi/4.8.4/armv7e-m/fpu/crti.o
 .data          0x00000000        0x4 c:/freescale/kds_3.0.0/toolchain/bin/../lib/gcc/arm-none-eabi/4.8.4/armv7e-m/fpu/crtbegin.o
 .data          0x00000000        0x0 c:/freescale/kds_3.0.0/toolchain/bin/../lib/gcc/arm-none-eabi/4.8.4/../../../../arm-none-eabi/lib/armv7e-m/fpu/crt0.o
 .bss           0x00000000        0x0 c:/freescale/kds_3.0.0/toolchain/bin/../lib/gcc/arm-none-eabi/4.8.4/../../../../arm-none-eabi/lib/armv7e-m/fpu/crt0.o
 .ARM.extab     0x00000000        0x0 c:/freescale/kds_3.0.0/toolchain/bin/../lib/gcc/arm-none-eabi/4.8.4/../../../../arm-none-eabi/lib/armv7e-m/fpu/crt0.o
 .group         0x00000000        0x8 ./Sources/main.o
 .group         0x00000000        0x8 ./Sources/main.o
 .group         0x00000000        0x8 ./Sources/main.o
 .group         0x00000000        0x8 ./Sources/main.o
 .group         0x00000000        0x8 ./Sources/main.o
 .group         0x00000000        0x8 ./Sources/main.o
 .group         0x00000000        0x8 ./Sources/main.o
 .group         0x00000000        0x8 ./Sources/main.o
 .group         0x00000000        0x8 ./Sources/main.o
 .text          0x00000000        0x0 ./Sources/main.o
 .data          0x00000000        0x0 ./Sources/main.o
 .bss           0x00000000        0x0 ./Sources/main.o
 .group         0x00000000        0x8 ./Project_Settings/Startup_Code/startup.o
 .group         0x00000000        0x8 ./Project_Settings/Startup_Code/startup.o
 .group         0x00000000        0x8 ./Project_Settings/Startup_Code/startup.o
 .group         0x00000000        0x8 ./Project_Settings/Startup_Code/startup.o
 .group         0x00000000        0x8 ./Project_Settings/Startup_Code/startup.o
 .group         0x00000000        0x8 ./Project_Settings/Startup_Code/startup.o
 .group         0x00000000        0x8 ./Project_Settings/Startup_Code/startup.o
 .group         0x00000000        0x8 ./Project_Settings/Startup_Code/startup.o
 .group         0x00000000        0x8 ./Project_Settings/Startup_Code/startup.o
 .group         0x00000000        0x8 ./Project_Settings/Startup_Code/startup.o
 .group         0x00000000        0x8 ./Project_Settings/Startup_Code/startup.o
 .group         0x00000000        0x8 ./Project_Settings/Startup_Code/startup.o
 .group         0x00000000        0x8 ./Project_Settings/Startup_Code/startup.o
 .group         0x00000000        0x8 ./Project_Settings/Startup_Code/startup.o
 .group         0x00000000        0x8 ./Project_Settings/Startup_Code/startup.o
 .group         0x00000000        0x8 ./Project_Settings/Startup_Code/startup.o
 .group         0x00000000        0x8 ./Project_Settings/Startup_Code/startup.o
 .group         0x00000000        0x8 ./Project_Settings/Startup_Code/startup.o
 .group         0x00000000        0x8 ./Project_Settings/Startup_Code/startup.o
 .text          0x00000000        0x0 ./Project_Settings/Startup_Code/startup.o
 .data          0x00000000        0x0 ./Project_Settings/Startup_Code/startup.o
 .bss           0x00000000        0x0 ./Project_Settings/Startup_Code/startup.o
 .text.__init_hardware
                0x00000000        0xc ./Project_Settings/Startup_Code/startup.o
 .text.__iar_program_start
                0x00000000        0xc ./Project_Settings/Startup_Code/startup.o
 .debug_macro   0x00000000      0x850 ./Project_Settings/Startup_Code/startup.o
 .debug_macro   0x00000000       0x16 ./Project_Settings/Startup_Code/startup.o
 .group         0x00000000        0x8 ./Generated_Code/Cpu.o
 .group         0x00000000        0x8 ./Generated_Code/Cpu.o
 .group         0x00000000        0x8 ./Generated_Code/Cpu.o
 .group         0x00000000        0x8 ./Generated_Code/Cpu.o
 .group         0x00000000        0x8 ./Generated_Code/Cpu.o
 .group         0x00000000        0x8 ./Generated_Code/Cpu.o
 .group         0x00000000        0x8 ./Generated_Code/Cpu.o
 .text          0x00000000        0x0 ./Generated_Code/Cpu.o
 .data          0x00000000        0x0 ./Generated_Code/Cpu.o
 .bss           0x00000000        0x0 ./Generated_Code/Cpu.o
 .debug_macro   0x00000000      0x850 ./Generated_Code/Cpu.o
 .debug_macro   0x00000000       0x16 ./Generated_Code/Cpu.o
 .debug_macro   0x00000000       0x44 ./Generated_Code/Cpu.o
 .debug_macro   0x00000000      0x209 ./Generated_Code/Cpu.o
 .debug_macro   0x00000000     0x17fa ./Generated_Code/Cpu.o
 .debug_macro   0x00000000    0x174c1 ./Generated_Code/Cpu.o
 .group         0x00000000        0x8 ./Generated_Code/Vectors.o
 .group         0x00000000        0x8 ./Generated_Code/Vectors.o
 .group         0x00000000        0x8 ./Generated_Code/Vectors.o
 .group         0x00000000        0x8 ./Generated_Code/Vectors.o
 .group         0x00000000        0x8 ./Generated_Code/Vectors.o
 .group         0x00000000        0x8 ./Generated_Code/Vectors.o
 .group         0x00000000        0x8 ./Generated_Code/Vectors.o
 .group         0x00000000        0x8 ./Generated_Code/Vectors.o
 .group         0x00000000        0x8 ./Generated_Code/Vectors.o
 .text          0x00000000        0x0 ./Generated_Code/Vectors.o
 .data          0x00000000        0x0 ./Generated_Code/Vectors.o
 .bss           0x00000000        0x0 ./Generated_Code/Vectors.o
 .debug_macro   0x00000000      0x850 ./Generated_Code/Vectors.o
 .debug_macro   0x00000000       0x16 ./Generated_Code/Vectors.o
 .debug_macro   0x00000000       0x44 ./Generated_Code/Vectors.o
 .debug_macro   0x00000000      0x209 ./Generated_Code/Vectors.o
 .debug_macro   0x00000000     0x17fa ./Generated_Code/Vectors.o
 .debug_macro   0x00000000    0x174c1 ./Generated_Code/Vectors.o
 .debug_macro   0x00000000       0x94 ./Generated_Code/Vectors.o
 .debug_macro   0x00000000       0x22 ./Generated_Code/Vectors.o
 .debug_macro   0x00000000       0x30 ./Generated_Code/Vectors.o
 .group         0x00000000        0x8 C:\Users\11850637\Documents\OSExample\Library\libOS.a(OS.o)
 .group         0x00000000        0x8 C:\Users\11850637\Documents\OSExample\Library\libOS.a(OS.o)
 .group         0x00000000        0x8 C:\Users\11850637\Documents\OSExample\Library\libOS.a(OS.o)
 .group         0x00000000        0x8 C:\Users\11850637\Documents\OSExample\Library\libOS.a(OS.o)
 .group         0x00000000        0x8 C:\Users\11850637\Documents\OSExample\Library\libOS.a(OS.o)
 .group         0x00000000        0x8 C:\Users\11850637\Documents\OSExample\Library\libOS.a(OS.o)
 .group         0x00000000        0x8 C:\Users\11850637\Documents\OSExample\Library\libOS.a(OS.o)
 .group         0x00000000        0x8 C:\Users\11850637\Documents\OSExample\Library\libOS.a(OS.o)
 .group         0x00000000        0x8 C:\Users\11850637\Documents\OSExample\Library\libOS.a(OS.o)
 .group         0x00000000        0x8 C:\Users\11850637\Documents\OSExample\Library\libOS.a(OS.o)
 .group         0x00000000        0x8 C:\Users\11850637\Documents\OSExample\Library\libOS.a(OS.o)
 .text          0x00000000        0x0 C:\Users\11850637\Documents\OSExample\Library\libOS.a(OS.o)
 .data          0x00000000        0x0 C:\Users\11850637\Documents\OSExample\Library\libOS.a(OS.o)
 .bss           0x00000000        0x0 C:\Users\11850637\Documents\OSExample\Library\libOS.a(OS.o)
 .rodata.OS_TICK_FREQUENCY
                0x00000000        0x4 C:\Users\11850637\Documents\OSExample\Library\libOS.a(OS.o)
 .text.OS_TimeGet
                0x00000000       0x24 C:\Users\11850637\Documents\OSExample\Library\libOS.a(OS.o)
 .text.OS_TimeSet
                0x00000000       0x20 C:\Users\11850637\Documents\OSExample\Library\libOS.a(OS.o)
 .debug_macro   0x00000000      0x850 C:\Users\11850637\Documents\OSExample\Library\libOS.a(OS.o)
 .debug_macro   0x00000000       0x16 C:\Users\11850637\Documents\OSExample\Library\libOS.a(OS.o)
 .debug_macro   0x00000000       0x44 C:\Users\11850637\Documents\OSExample\Library\libOS.a(OS.o)
 .debug_macro   0x00000000      0x209 C:\Users\11850637\Documents\OSExample\Library\libOS.a(OS.o)
 .debug_macro   0x00000000     0x17fa C:\Users\11850637\Documents\OSExample\Library\libOS.a(OS.o)
 .debug_macro   0x00000000    0x174c1 C:\Users\11850637\Documents\OSExample\Library\libOS.a(OS.o)
 .debug_macro   0x00000000       0x22 C:\Users\11850637\Documents\OSExample\Library\libOS.a(OS.o)
 .debug_macro   0x00000000       0x30 C:\Users\11850637\Documents\OSExample\Library\libOS.a(OS.o)
 .text          0x00000000        0x0 c:/freescale/kds_3.0.0/toolchain/bin/../lib/gcc/arm-none-eabi/4.8.4/../../../../arm-none-eabi/lib/armv7e-m/fpu\libg_s.a(lib_a-exit.o)
 .data          0x00000000        0x0 c:/freescale/kds_3.0.0/toolchain/bin/../lib/gcc/arm-none-eabi/4.8.4/../../../../arm-none-eabi/lib/armv7e-m/fpu\libg_s.a(lib_a-exit.o)
 .bss           0x00000000        0x0 c:/freescale/kds_3.0.0/toolchain/bin/../lib/gcc/arm-none-eabi/4.8.4/../../../../arm-none-eabi/lib/armv7e-m/fpu\libg_s.a(lib_a-exit.o)
 .text          0x00000000        0x0 c:/freescale/kds_3.0.0/toolchain/bin/../lib/gcc/arm-none-eabi/4.8.4/../../../../arm-none-eabi/lib/armv7e-m/fpu\libg_s.a(lib_a-impure.o)
 .data          0x00000000        0x0 c:/freescale/kds_3.0.0/toolchain/bin/../lib/gcc/arm-none-eabi/4.8.4/../../../../arm-none-eabi/lib/armv7e-m/fpu\libg_s.a(lib_a-impure.o)
 .bss           0x00000000        0x0 c:/freescale/kds_3.0.0/toolchain/bin/../lib/gcc/arm-none-eabi/4.8.4/../../../../arm-none-eabi/lib/armv7e-m/fpu\libg_s.a(lib_a-impure.o)
 .data._impure_ptr
                0x00000000        0x4 c:/freescale/kds_3.0.0/toolchain/bin/../lib/gcc/arm-none-eabi/4.8.4/../../../../arm-none-eabi/lib/armv7e-m/fpu\libg_s.a(lib_a-impure.o)
 .text          0x00000000        0x0 c:/freescale/kds_3.0.0/toolchain/bin/../lib/gcc/arm-none-eabi/4.8.4/../../../../arm-none-eabi/lib/armv7e-m/fpu\libg_s.a(lib_a-init.o)
 .data          0x00000000        0x0 c:/freescale/kds_3.0.0/toolchain/bin/../lib/gcc/arm-none-eabi/4.8.4/../../../../arm-none-eabi/lib/armv7e-m/fpu\libg_s.a(lib_a-init.o)
 .bss           0x00000000        0x0 c:/freescale/kds_3.0.0/toolchain/bin/../lib/gcc/arm-none-eabi/4.8.4/../../../../arm-none-eabi/lib/armv7e-m/fpu\libg_s.a(lib_a-init.o)
 .text          0x00000000        0x0 c:/freescale/kds_3.0.0/toolchain/bin/../lib/gcc/arm-none-eabi/4.8.4/../../../../arm-none-eabi/lib/armv7e-m/fpu\libg_s.a(lib_a-memset.o)
 .data          0x00000000        0x0 c:/freescale/kds_3.0.0/toolchain/bin/../lib/gcc/arm-none-eabi/4.8.4/../../../../arm-none-eabi/lib/armv7e-m/fpu\libg_s.a(lib_a-memset.o)
 .bss           0x00000000        0x0 c:/freescale/kds_3.0.0/toolchain/bin/../lib/gcc/arm-none-eabi/4.8.4/../../../../arm-none-eabi/lib/armv7e-m/fpu\libg_s.a(lib_a-memset.o)
 .text          0x00000000        0x0 c:/freescale/kds_3.0.0/toolchain/bin/../lib/gcc/arm-none-eabi/4.8.4/../../../../arm-none-eabi/lib/armv7e-m/fpu\libnosys.a(_exit.o)
 .data          0x00000000        0x0 c:/freescale/kds_3.0.0/toolchain/bin/../lib/gcc/arm-none-eabi/4.8.4/../../../../arm-none-eabi/lib/armv7e-m/fpu\libnosys.a(_exit.o)
 .bss           0x00000000        0x0 c:/freescale/kds_3.0.0/toolchain/bin/../lib/gcc/arm-none-eabi/4.8.4/../../../../arm-none-eabi/lib/armv7e-m/fpu\libnosys.a(_exit.o)
 .text          0x00000000        0x0 c:/freescale/kds_3.0.0/toolchain/bin/../lib/gcc/arm-none-eabi/4.8.4/armv7e-m/fpu/crtend.o
 .data          0x00000000        0x0 c:/freescale/kds_3.0.0/toolchain/bin/../lib/gcc/arm-none-eabi/4.8.4/armv7e-m/fpu/crtend.o
 .bss           0x00000000        0x0 c:/freescale/kds_3.0.0/toolchain/bin/../lib/gcc/arm-none-eabi/4.8.4/armv7e-m/fpu/crtend.o
 .eh_frame      0x00000000        0x4 c:/freescale/kds_3.0.0/toolchain/bin/../lib/gcc/arm-none-eabi/4.8.4/armv7e-m/fpu/crtend.o
 .jcr           0x00000000        0x4 c:/freescale/kds_3.0.0/toolchain/bin/../lib/gcc/arm-none-eabi/4.8.4/armv7e-m/fpu/crtend.o
 .ARM.attributes
                0x00000000       0x34 c:/freescale/kds_3.0.0/toolchain/bin/../lib/gcc/arm-none-eabi/4.8.4/armv7e-m/fpu/crtend.o
 .text          0x00000000        0x0 c:/freescale/kds_3.0.0/toolchain/bin/../lib/gcc/arm-none-eabi/4.8.4/armv7e-m/fpu/crtn.o
 .data          0x00000000        0x0 c:/freescale/kds_3.0.0/toolchain/bin/../lib/gcc/arm-none-eabi/4.8.4/armv7e-m/fpu/crtn.o
 .bss           0x00000000        0x0 c:/freescale/kds_3.0.0/toolchain/bin/../lib/gcc/arm-none-eabi/4.8.4/armv7e-m/fpu/crtn.o

Memory Configuration

Name             Origin             Length             Attributes
m_interrupts     0x00000000         0x000001e8         xr
m_text           0x00000410         0x0007fbf0         xr
m_data           0x1fff0000         0x00010000         rw
m_data_20000000  0x20000000         0x00010000         rw
m_cfmprotrom     0x00000400         0x00000010         xr
*default*        0x00000000         0xffffffff

Linker script and memory map

LOAD c:/freescale/kds_3.0.0/toolchain/bin/../lib/gcc/arm-none-eabi/4.8.4/armv7e-m/fpu/crti.o
LOAD c:/freescale/kds_3.0.0/toolchain/bin/../lib/gcc/arm-none-eabi/4.8.4/armv7e-m/fpu/crtbegin.o
LOAD c:/freescale/kds_3.0.0/toolchain/bin/../lib/gcc/arm-none-eabi/4.8.4/../../../../arm-none-eabi/lib/armv7e-m/fpu/crt0.o
LOAD ./Sources/main.o
LOAD ./Project_Settings/Startup_Code/startup.o
LOAD ./Generated_Code/Cpu.o
LOAD ./Generated_Code/Vectors.o
LOAD C:\Users\11850637\Documents\OSExample\Library\libOS.a
LOAD c:/freescale/kds_3.0.0/toolchain/bin/../lib/gcc/arm-none-eabi/4.8.4/../../../../arm-none-eabi/lib/armv7e-m/fpu\libstdc++_s.a
LOAD c:/freescale/kds_3.0.0/toolchain/bin/../lib/gcc/arm-none-eabi/4.8.4/../../../../arm-none-eabi/lib/armv7e-m/fpu\libm.a
START GROUP
LOAD c:/freescale/kds_3.0.0/toolchain/bin/../lib/gcc/arm-none-eabi/4.8.4/armv7e-m/fpu\libgcc.a
LOAD c:/freescale/kds_3.0.0/toolchain/bin/../lib/gcc/arm-none-eabi/4.8.4/../../../../arm-none-eabi/lib/armv7e-m/fpu\libg_s.a
LOAD c:/freescale/kds_3.0.0/toolchain/bin/../lib/gcc/arm-none-eabi/4.8.4/../../../../arm-none-eabi/lib/armv7e-m/fpu\libc_s.a
END GROUP
START GROUP
LOAD c:/freescale/kds_3.0.0/toolchain/bin/../lib/gcc/arm-none-eabi/4.8.4/armv7e-m/fpu\libgcc.a
LOAD c:/freescale/kds_3.0.0/toolchain/bin/../lib/gcc/arm-none-eabi/4.8.4/../../../../arm-none-eabi/lib/armv7e-m/fpu\libc_s.a
LOAD c:/freescale/kds_3.0.0/toolchain/bin/../lib/gcc/arm-none-eabi/4.8.4/../../../../arm-none-eabi/lib/armv7e-m/fpu\libnosys.a
END GROUP
START GROUP
LOAD c:/freescale/kds_3.0.0/toolchain/bin/../lib/gcc/arm-none-eabi/4.8.4/armv7e-m/fpu\libgcc.a
LOAD c:/freescale/kds_3.0.0/toolchain/bin/../lib/gcc/arm-none-eabi/4.8.4/../../../../arm-none-eabi/lib/armv7e-m/fpu\libc_s.a
LOAD c:/freescale/kds_3.0.0/toolchain/bin/../lib/gcc/arm-none-eabi/4.8.4/../../../../arm-none-eabi/lib/armv7e-m/fpu\libnosys.a
END GROUP
LOAD c:/freescale/kds_3.0.0/toolchain/bin/../lib/gcc/arm-none-eabi/4.8.4/armv7e-m/fpu/crtend.o
LOAD c:/freescale/kds_3.0.0/toolchain/bin/../lib/gcc/arm-none-eabi/4.8.4/armv7e-m/fpu/crtn.o
                0x20000000                _estack = 0x20000000
                0x20000000                __SP_INIT = _estack
                0x20000000                __stack = _estack
                0x00000000                __heap_size = 0x0
                0x00000400                __stack_size = 0x400

.interrupts     0x00000000      0x1e8
                0x00000000                __vector_table = .
                0x00000000                . = ALIGN (0x4)
 *(.vectortable)
 .vectortable   0x00000000      0x1e8 ./Generated_Code/Vectors.o
                0x00000000                __vect_table
                0x000001e8                . = ALIGN (0x4)

.cfmprotect     0x00000400       0x10
                0x00000400                . = ALIGN (0x4)
 *(.cfmconfig)
 .cfmconfig     0x00000400       0x10 ./Generated_Code/Cpu.o
                0x00000400                _cfm
                0x00000410                . = ALIGN (0x4)

.text           0x00000410     0x11e8
                0x00000410                . = ALIGN (0x4)
 *(.text)
 .text          0x00000410       0x54 c:/freescale/kds_3.0.0/toolchain/bin/../lib/gcc/arm-none-eabi/4.8.4/armv7e-m/fpu/crtbegin.o
 .text          0x00000464       0x74 c:/freescale/kds_3.0.0/toolchain/bin/../lib/gcc/arm-none-eabi/4.8.4/../../../../arm-none-eabi/lib/armv7e-m/fpu/crt0.o
                0x00000464                _start
                0x00000464                _mainCRTStartup
 *(.text*)
 .text.LPTMRInit
                0x000004d8       0xa8 ./Sources/main.o
                0x000004d8                LPTMRInit
 .text.LEDInit  0x00000580       0x6c ./Sources/main.o
                0x00000580                LEDInit
 .text.InitModulesThread
                0x000005ec       0x54 ./Sources/main.o
 .text.LPTimer_ISR
                0x00000640       0x34 ./Sources/main.o
                0x00000640                LPTimer_ISR
 .text.LEDThread
                0x00000674       0x4c ./Sources/main.o
 .text.main     0x000006c0       0x88 ./Sources/main.o
                0x000006c0                main
 .text.__copy_rom_section
                0x00000748       0xe4 ./Project_Settings/Startup_Code/startup.o
                0x00000748                __copy_rom_section
 .text.__copy_rom_sections_to_ram
                0x0000082c       0x9c ./Project_Settings/Startup_Code/startup.o
                0x0000082c                __copy_rom_sections_to_ram
 .text.__init_registers
                0x000008c8       0x20 ./Project_Settings/Startup_Code/startup.o
                0x000008c8                __init_registers
 .text.__init_user
                0x000008e8        0xc ./Project_Settings/Startup_Code/startup.o
                0x000008e8                __init_user
 .text.__thumb_startup
                0x000008f4       0x34 ./Project_Settings/Startup_Code/startup.o
                0x000008f4                __thumb_startup
 .text.Cpu_Interrupt
                0x00000928       0x18 ./Generated_Code/Cpu.o
                0x00000928                Cpu_Interrupt
 .text.__init_hardware
                0x00000940      0x17c ./Generated_Code/Cpu.o
                0x00000940                __init_hardware
 .text.Cpu_SetBASEPRI
                0x00000abc       0x18 ./Generated_Code/Cpu.o
                0x00000abc                Cpu_SetBASEPRI
 .text.PE_low_level_init
                0x00000ad4       0xe4 ./Generated_Code/Cpu.o
                0x00000ad4                PE_low_level_init
 .text.OS_Init  0x00000bb8      0x110 C:\Users\11850637\Documents\OSExample\Library\libOS.a(OS.o)
                0x00000bb8                OS_Init
 .text.OS_ISREnter
                0x00000cc8       0x20 C:\Users\11850637\Documents\OSExample\Library\libOS.a(OS.o)
                0x00000cc8                OS_ISREnter
 .text.OS_ISRExit
                0x00000ce8       0x1c C:\Users\11850637\Documents\OSExample\Library\libOS.a(OS.o)
                0x00000ce8                OS_ISRExit
 .text.OS_SemaphoreCreate
                0x00000d04       0x90 C:\Users\11850637\Documents\OSExample\Library\libOS.a(OS.o)
                0x00000d04                OS_SemaphoreCreate
 .text.OS_SemaphoreSignal
                0x00000d94       0x44 C:\Users\11850637\Documents\OSExample\Library\libOS.a(OS.o)
                0x00000d94                OS_SemaphoreSignal
 .text.OS_SemaphoreWait
                0x00000dd8       0x58 C:\Users\11850637\Documents\OSExample\Library\libOS.a(OS.o)
                0x00000dd8                OS_SemaphoreWait
 .text.OS_Start
                0x00000e30       0x10 C:\Users\11850637\Documents\OSExample\Library\libOS.a(OS.o)
                0x00000e30                OS_Start
 .text.OS_ThreadCreate
                0x00000e40      0x160 C:\Users\11850637\Documents\OSExample\Library\libOS.a(OS.o)
                0x00000e40                OS_ThreadCreate
 .text.OS_ThreadDelete
                0x00000fa0      0x18c C:\Users\11850637\Documents\OSExample\Library\libOS.a(OS.o)
                0x00000fa0                OS_ThreadDelete
 .text.OS_TimeDelay
                0x0000112c       0x48 C:\Users\11850637\Documents\OSExample\Library\libOS.a(OS.o)
                0x0000112c                OS_TimeDelay
 .text.EventThreadReady
                0x00001174       0x68 C:\Users\11850637\Documents\OSExample\Library\libOS.a(OS.o)
 .text.EventThreadWait
                0x000011dc       0x64 C:\Users\11850637\Documents\OSExample\Library\libOS.a(OS.o)
 .text.EventTimeout
                0x00001240       0x40 C:\Users\11850637\Documents\OSExample\Library\libOS.a(OS.o)
 .text.Idle     0x00001280       0x18 C:\Users\11850637\Documents\OSExample\Library\libOS.a(OS.o)
 .text.FindFirstSet
                0x00001298       0x44 C:\Users\11850637\Documents\OSExample\Library\libOS.a(OS.o)
 .text.Schedule
                0x000012dc       0x64 C:\Users\11850637\Documents\OSExample\Library\libOS.a(OS.o)
 .text.TCBInit  0x00001340       0xcc C:\Users\11850637\Documents\OSExample\Library\libOS.a(OS.o)
 .text.TimeTick
                0x0000140c       0x74 C:\Users\11850637\Documents\OSExample\Library\libOS.a(OS.o)
 .text.OS_ContextSwitchISR
                0x00001480       0x70 C:\Users\11850637\Documents\OSExample\Library\libOS.a(OS.o)
                0x00001480                OS_ContextSwitchISR
 .text.OS_SysTickISR
                0x000014f0       0x5c C:\Users\11850637\Documents\OSExample\Library\libOS.a(OS.o)
                0x000014f0                OS_SysTickISR
 .text.exit     0x0000154c       0x28 c:/freescale/kds_3.0.0/toolchain/bin/../lib/gcc/arm-none-eabi/4.8.4/../../../../arm-none-eabi/lib/armv7e-m/fpu\libg_s.a(lib_a-exit.o)
                0x0000154c                exit
 .text.__libc_init_array
                0x00001574       0x4c c:/freescale/kds_3.0.0/toolchain/bin/../lib/gcc/arm-none-eabi/4.8.4/../../../../arm-none-eabi/lib/armv7e-m/fpu\libg_s.a(lib_a-init.o)
                0x00001574                __libc_init_array
 .text.memset   0x000015c0       0x10 c:/freescale/kds_3.0.0/toolchain/bin/../lib/gcc/arm-none-eabi/4.8.4/../../../../arm-none-eabi/lib/armv7e-m/fpu\libg_s.a(lib_a-memset.o)
                0x000015c0                memset
 .text._exit    0x000015d0        0x4 c:/freescale/kds_3.0.0/toolchain/bin/../lib/gcc/arm-none-eabi/4.8.4/../../../../arm-none-eabi/lib/armv7e-m/fpu\libnosys.a(_exit.o)
                0x000015d0                _exit
 *(.rodata)
 *(.rodata*)
 .rodata.LED_THREAD_PRIORITIES
                0x000015d4        0x4 ./Sources/main.o
                0x000015d4                LED_THREAD_PRIORITIES
 .rodata.str1.1
                0x000015d8        0x2 c:/freescale/kds_3.0.0/toolchain/bin/../lib/gcc/arm-none-eabi/4.8.4/../../../../arm-none-eabi/lib/armv7e-m/fpu\libg_s.a(lib_a-impure.o)
 *fill*         0x000015da        0x2 
 .rodata._global_impure_ptr
                0x000015dc        0x4 c:/freescale/kds_3.0.0/toolchain/bin/../lib/gcc/arm-none-eabi/4.8.4/../../../../arm-none-eabi/lib/armv7e-m/fpu\libg_s.a(lib_a-impure.o)
                0x000015dc                _global_impure_ptr
 *(.glue_7)
 .glue_7        0x00000000        0x0 linker stubs
 *(.glue_7t)
 .glue_7t       0x00000000        0x0 linker stubs
 *(.eh_frame)
 .eh_frame      0x000015e0        0x0 c:/freescale/kds_3.0.0/toolchain/bin/../lib/gcc/arm-none-eabi/4.8.4/armv7e-m/fpu/crtbegin.o
 *(.init)
 .init          0x000015e0        0x4 c:/freescale/kds_3.0.0/toolchain/bin/../lib/gcc/arm-none-eabi/4.8.4/armv7e-m/fpu/crti.o
                0x000015e0                _init
 .init          0x000015e4        0x8 c:/freescale/kds_3.0.0/toolchain/bin/../lib/gcc/arm-none-eabi/4.8.4/armv7e-m/fpu/crtn.o
 *(.fini)
 .fini          0x000015ec        0x4 c:/freescale/kds_3.0.0/toolchain/bin/../lib/gcc/arm-none-eabi/4.8.4/armv7e-m/fpu/crti.o
                0x000015ec                _fini
 .fini          0x000015f0        0x8 c:/freescale/kds_3.0.0/toolchain/bin/../lib/gcc/arm-none-eabi/4.8.4/armv7e-m/fpu/crtn.o
                0x000015f8                . = ALIGN (0x4)
                0x000015f8                _etext = .

.vfp11_veneer   0x000015f8        0x0
 .vfp11_veneer  0x00000000        0x0 linker stubs

.v4_bx          0x000015f8        0x0
 .v4_bx         0x00000000        0x0 linker stubs

.iplt           0x000015f8        0x0
 .iplt          0x00000000        0x0 c:/freescale/kds_3.0.0/toolchain/bin/../lib/gcc/arm-none-eabi/4.8.4/armv7e-m/fpu/crtbegin.o

.ARM.extab
 *(.ARM.extab* .gnu.linkonce.armextab.*)

.ARM            0x000015f8        0x8
                0x000015f8                __exidx_start = .
 *(.ARM.exidx*)
 .ARM.exidx     0x000015f8        0x8 c:/freescale/kds_3.0.0/toolchain/bin/../lib/gcc/arm-none-eabi/4.8.4/../../../../arm-none-eabi/lib/armv7e-m/fpu/crt0.o
                0x00001600                __exidx_end = .

.rel.dyn        0x00001600        0x0
 .rel.iplt      0x00000000        0x0 c:/freescale/kds_3.0.0/toolchain/bin/../lib/gcc/arm-none-eabi/4.8.4/armv7e-m/fpu/crtbegin.o

.ctors          0x00001600        0x0
                0x00001600                __CTOR_LIST__ = .
 *crtbegin.o(.ctors)
 *(EXCLUDE_FILE(*crtend.o) .ctors)
 *(SORT(.ctors.*))
 *(.ctors)
                0x00001600                __CTOR_END__ = .

.dtors          0x00001600        0x0
                0x00001600                __DTOR_LIST__ = .
 *crtbegin.o(.dtors)
 *(EXCLUDE_FILE(*crtend.o) .dtors)
 *(SORT(.dtors.*))
 *(.dtors)
                0x00001600                __DTOR_END__ = .

.preinit_array  0x00001600        0x0
                0x00001600                PROVIDE (__preinit_array_start, .)
 *(.preinit_array*)
                0x00001600                PROVIDE (__preinit_array_end, .)

.init_array     0x00001600        0x4
                0x00001600                PROVIDE (__init_array_start, .)
 *(SORT(.init_array.*))
 *(.init_array*)
 .init_array    0x00001600        0x4 c:/freescale/kds_3.0.0/toolchain/bin/../lib/gcc/arm-none-eabi/4.8.4/armv7e-m/fpu/crtbegin.o
                0x00001604                PROVIDE (__init_array_end, .)

.fini_array     0x00001604        0x4
                0x00001604                PROVIDE (__fini_array_start, .)
 *(SORT(.fini_array.*))
 *(.fini_array*)
 .fini_array    0x00001604        0x4 c:/freescale/kds_3.0.0/toolchain/bin/../lib/gcc/arm-none-eabi/4.8.4/armv7e-m/fpu/crtbegin.o
                0x00001608                PROVIDE (__fini_array_end, .)
                0x00001608                ___ROM_AT = .

.data           0x1fff0000       0xa0 load address 0x00001608
                0x1fff0000                . = ALIGN (0x4)
                0x1fff0000                _sdata = .
 *(.data)
 *(.data*)
 .data.MyLEDThreadData
                0x1fff0000       0x40 ./Sources/main.o
 .data.impure_data
                0x1fff0040       0x60 c:/freescale/kds_3.0.0/toolchain/bin/../lib/gcc/arm-none-eabi/4.8.4/../../../../arm-none-eabi/lib/armv7e-m/fpu\libg_s.a(lib_a-impure.o)
                0x1fff00a0                . = ALIGN (0x4)
                0x1fff00a0                _edata = .
                0x000000a0                ___data_size = (_edata - _sdata)
                0x000016a8                ___m_data_20000000_ROMStart = (___ROM_AT + SIZEOF (.data))

.jcr            0x1fff00a0        0x0 load address 0x000016a8
 .jcr           0x1fff00a0        0x0 c:/freescale/kds_3.0.0/toolchain/bin/../lib/gcc/arm-none-eabi/4.8.4/armv7e-m/fpu/crtbegin.o

.igot.plt       0x1fff00a0        0x0 load address 0x000016a8
 .igot.plt      0x00000000        0x0 c:/freescale/kds_3.0.0/toolchain/bin/../lib/gcc/arm-none-eabi/4.8.4/armv7e-m/fpu/crtbegin.o

.m_data_20000000
                0x20000000        0x0 load address 0x000016a8
                0x20000000                . = ALIGN (0x4)
                0x20000000                ___m_data_20000000_RAMStart = .
 *(.m_data_20000000)
                0x20000000                ___m_data_20000000_RAMEnd = .
                0x20000000                . = ALIGN (0x4)
                0x00000000                ___m_data_20000000_ROMSize = (___m_data_20000000_RAMEnd - ___m_data_20000000_RAMStart)
                0x20000000                . = ALIGN (0x4)

.bss            0x1fff00a0     0x10b4 load address 0x000016a8
                0x1fff00a0                __START_BSS = .
                0x1fff00a0                PROVIDE (__bss_start__, __START_BSS)
 *(.bss)
 .bss           0x1fff00a0       0x1c c:/freescale/kds_3.0.0/toolchain/bin/../lib/gcc/arm-none-eabi/4.8.4/armv7e-m/fpu/crtbegin.o
 *(.bss*)
 *fill*         0x1fff00bc        0x4 
 .bss.InitModulesThreadStack
                0x1fff00c0      0x190 ./Sources/main.o
 .bss.MyLEDThreadStacks
                0x1fff0250      0x640 ./Sources/main.o
 .bss.SR_lock   0x1fff0890        0x1 ./Generated_Code/Cpu.o
                0x1fff0890                SR_lock
 *fill*         0x1fff0891        0x3 
 .bss.TCBUnusedMain
                0x1fff0894       0x18 C:\Users\11850637\Documents\OSExample\Library\libOS.a(OS.o)
 .bss.TCBTable  0x1fff08ac      0x300 C:\Users\11850637\Documents\OSExample\Library\libOS.a(OS.o)
 .bss.pTCBFreeList
                0x1fff0bac        0x4 C:\Users\11850637\Documents\OSExample\Library\libOS.a(OS.o)
 .bss.pTCBAllocatedList
                0x1fff0bb0        0x4 C:\Users\11850637\Documents\OSExample\Library\libOS.a(OS.o)
 .bss.pTCBPriorityTable
                0x1fff0bb4       0x80 C:\Users\11850637\Documents\OSExample\Library\libOS.a(OS.o)
 .bss.pTCBRunning
                0x1fff0c34        0x4 C:\Users\11850637\Documents\OSExample\Library\libOS.a(OS.o)
 .bss.pTCBHighestReady
                0x1fff0c38        0x4 C:\Users\11850637\Documents\OSExample\Library\libOS.a(OS.o)
 .bss.ReadyList
                0x1fff0c3c        0x4 C:\Users\11850637\Documents\OSExample\Library\libOS.a(OS.o)
 .bss.ECBTable  0x1fff0c40      0x100 C:\Users\11850637\Documents\OSExample\Library\libOS.a(OS.o)
 .bss.NextECBFree
                0x1fff0d40        0x1 C:\Users\11850637\Documents\OSExample\Library\libOS.a(OS.o)
 *fill*         0x1fff0d41        0x3 
 .bss.IdleCounter
                0x1fff0d44        0x4 C:\Users\11850637\Documents\OSExample\Library\libOS.a(OS.o)
 .bss.IdleStack
                0x1fff0d48      0x400 C:\Users\11850637\Documents\OSExample\Library\libOS.a(OS.o)
 .bss.Ticks     0x1fff1148        0x4 C:\Users\11850637\Documents\OSExample\Library\libOS.a(OS.o)
 .bss.ToggleCntr
                0x1fff114c        0x4 C:\Users\11850637\Documents\OSExample\Library\libOS.a(OS.o)
 .bss.ToggleLED
                0x1fff1150        0x1 C:\Users\11850637\Documents\OSExample\Library\libOS.a(OS.o)
 .bss.ISRNestLevel
                0x1fff1151        0x1 C:\Users\11850637\Documents\OSExample\Library\libOS.a(OS.o)
 *(COMMON)
 COMMON         0x1fff1152        0x1 ./Generated_Code/Cpu.o
                0x1fff1152                SR_reg
                0x1fff1154                . = ALIGN (0x4)
 *fill*         0x1fff1153        0x1 
                0x1fff1154                __END_BSS = .
                0x1fff1154                PROVIDE (__bss_end__, __END_BSS)
                0x000016a8                _romp_at = ((___ROM_AT + SIZEOF (.data)) + SIZEOF (.m_data_20000000))

.romp           0x1fff1154       0x24 load address 0x000016a8
                0x000016a8                __S_romp = _romp_at
                0x1fff1154        0x4 LONG 0x1608 ___ROM_AT
                0x1fff1158        0x4 LONG 0x1fff0000 _sdata
                0x1fff115c        0x4 LONG 0xa0 ___data_size
                0x1fff1160        0x4 LONG 0x16a8 ___m_data_20000000_ROMStart
                0x1fff1164        0x4 LONG 0x20000000 ___m_data_20000000_RAMStart
                0x1fff1168        0x4 LONG 0x0 ___m_data_20000000_ROMSize
                0x1fff116c        0x4 LONG 0x0
                0x1fff1170        0x4 LONG 0x0
                0x1fff1174        0x4 LONG 0x0

._user_heap_stack
                0x1fff1178      0x400 load address 0x000016cc
                0x1fff1178                . = ALIGN (0x4)
                0x1fff1178                PROVIDE (end, .)
                0x1fff1178                PROVIDE (_end, .)
                0x1fff1178                __heap_addr = .
                0x1fff1178                __HeapBase = .
                0x1fff1178                . = (. + __heap_size)
                0x1fff1178                __HeapLimit = .
                0x1fff1578                . = (. + __stack_size)
 *fill*         0x1fff1178      0x400 
                0x1fff1578                . = ALIGN (0x4)

.ARM.attributes
                0x00000000       0x30
 *(.ARM.attributes)
 .ARM.attributes
                0x00000000       0x22 c:/freescale/kds_3.0.0/toolchain/bin/../lib/gcc/arm-none-eabi/4.8.4/armv7e-m/fpu/crti.o
 .ARM.attributes
                0x00000022       0x34 c:/freescale/kds_3.0.0/toolchain/bin/../lib/gcc/arm-none-eabi/4.8.4/armv7e-m/fpu/crtbegin.o
 .ARM.attributes
                0x00000056       0x20 c:/freescale/kds_3.0.0/toolchain/bin/../lib/gcc/arm-none-eabi/4.8.4/../../../../arm-none-eabi/lib/armv7e-m/fpu/crt0.o
 .ARM.attributes
                0x00000076       0x39 ./Sources/main.o
 .ARM.attributes
                0x000000af       0x39 ./Project_Settings/Startup_Code/startup.o
 .ARM.attributes
                0x000000e8       0x39 ./Generated_Code/Cpu.o
 .ARM.attributes
                0x00000121       0x39 ./Generated_Code/Vectors.o
 .ARM.attributes
                0x0000015a       0x39 C:\Users\11850637\Documents\OSExample\Library\libOS.a(OS.o)
 .ARM.attributes
                0x00000193       0x34 c:/freescale/kds_3.0.0/toolchain/bin/../lib/gcc/arm-none-eabi/4.8.4/../../../../arm-none-eabi/lib/armv7e-m/fpu\libg_s.a(lib_a-exit.o)
 .ARM.attributes
                0x000001c7       0x34 c:/freescale/kds_3.0.0/toolchain/bin/../lib/gcc/arm-none-eabi/4.8.4/../../../../arm-none-eabi/lib/armv7e-m/fpu\libg_s.a(lib_a-impure.o)
 .ARM.attributes
                0x000001fb       0x34 c:/freescale/kds_3.0.0/toolchain/bin/../lib/gcc/arm-none-eabi/4.8.4/../../../../arm-none-eabi/lib/armv7e-m/fpu\libg_s.a(lib_a-init.o)
 .ARM.attributes
                0x0000022f       0x34 c:/freescale/kds_3.0.0/toolchain/bin/../lib/gcc/arm-none-eabi/4.8.4/../../../../arm-none-eabi/lib/armv7e-m/fpu\libg_s.a(lib_a-memset.o)
 .ARM.attributes
                0x00000263       0x34 c:/freescale/kds_3.0.0/toolchain/bin/../lib/gcc/arm-none-eabi/4.8.4/../../../../arm-none-eabi/lib/armv7e-m/fpu\libnosys.a(_exit.o)
 .ARM.attributes
                0x00000297       0x22 c:/freescale/kds_3.0.0/toolchain/bin/../lib/gcc/arm-none-eabi/4.8.4/armv7e-m/fpu/crtn.o
OUTPUT(OSExample.elf elf32-littlearm)

.debug_info     0x00000000     0x254c
 .debug_info    0x00000000      0x802 ./Sources/main.o
 .debug_info    0x00000802      0x3b0 ./Project_Settings/Startup_Code/startup.o
 .debug_info    0x00000bb2      0xb89 ./Generated_Code/Cpu.o
 .debug_info    0x0000173b      0x10f ./Generated_Code/Vectors.o
 .debug_info    0x0000184a      0xd02 C:\Users\11850637\Documents\OSExample\Library\libOS.a(OS.o)

.debug_abbrev   0x00000000      0x87d
 .debug_abbrev  0x00000000      0x1d3 ./Sources/main.o
 .debug_abbrev  0x000001d3      0x189 ./Project_Settings/Startup_Code/startup.o
 .debug_abbrev  0x0000035c      0x185 ./Generated_Code/Cpu.o
 .debug_abbrev  0x000004e1       0xa4 ./Generated_Code/Vectors.o
 .debug_abbrev  0x00000585      0x2f8 C:\Users\11850637\Documents\OSExample\Library\libOS.a(OS.o)

.debug_aranges  0x00000000      0x1b0
 .debug_aranges
                0x00000000       0x48 ./Sources/main.o
 .debug_aranges
                0x00000048       0x50 ./Project_Settings/Startup_Code/startup.o
 .debug_aranges
                0x00000098       0x38 ./Generated_Code/Cpu.o
 .debug_aranges
                0x000000d0       0x18 ./Generated_Code/Vectors.o
 .debug_aranges
                0x000000e8       0xc8 C:\Users\11850637\Documents\OSExample\Library\libOS.a(OS.o)

.debug_ranges   0x00000000      0x158
 .debug_ranges  0x00000000       0x38 ./Sources/main.o
 .debug_ranges  0x00000038       0x40 ./Project_Settings/Startup_Code/startup.o
 .debug_ranges  0x00000078       0x28 ./Generated_Code/Cpu.o
 .debug_ranges  0x000000a0       0xb8 C:\Users\11850637\Documents\OSExample\Library\libOS.a(OS.o)

.debug_macro    0x00000000    0x31d93
 .debug_macro   0x00000000       0x9e ./Sources/main.o
 .debug_macro   0x0000009e      0x850 ./Sources/main.o
 .debug_macro   0x000008ee       0x16 ./Sources/main.o
 .debug_macro   0x00000904       0x44 ./Sources/main.o
 .debug_macro   0x00000948      0x209 ./Sources/main.o
 .debug_macro   0x00000b51     0x17fa ./Sources/main.o
 .debug_macro   0x0000234b    0x174c1 ./Sources/main.o
 .debug_macro   0x0001980c       0x94 ./Sources/main.o
 .debug_macro   0x000198a0       0x22 ./Sources/main.o
 .debug_macro   0x000198c2       0x30 ./Sources/main.o
 .debug_macro   0x000198f2      0x121 ./Project_Settings/Startup_Code/startup.o
 .debug_macro   0x00019a13       0x58 ./Project_Settings/Startup_Code/startup.o
 .debug_macro   0x00019a6b       0x35 ./Project_Settings/Startup_Code/startup.o
 .debug_macro   0x00019aa0       0xa3 ./Project_Settings/Startup_Code/startup.o
 .debug_macro   0x00019b43      0x166 ./Project_Settings/Startup_Code/startup.o
 .debug_macro   0x00019ca9       0x4a ./Project_Settings/Startup_Code/startup.o
 .debug_macro   0x00019cf3       0x52 ./Project_Settings/Startup_Code/startup.o
 .debug_macro   0x00019d45       0x16 ./Project_Settings/Startup_Code/startup.o
 .debug_macro   0x00019d5b       0x43 ./Project_Settings/Startup_Code/startup.o
 .debug_macro   0x00019d9e      0x180 ./Project_Settings/Startup_Code/startup.o
 .debug_macro   0x00019f1e      0x2a6 ./Project_Settings/Startup_Code/startup.o
 .debug_macro   0x0001a1c4       0x10 ./Project_Settings/Startup_Code/startup.o
 .debug_macro   0x0001a1d4       0x35 ./Project_Settings/Startup_Code/startup.o
 .debug_macro   0x0001a209       0x16 ./Project_Settings/Startup_Code/startup.o
 .debug_macro   0x0001a21f       0x22 ./Project_Settings/Startup_Code/startup.o
 .debug_macro   0x0001a241       0x16 ./Project_Settings/Startup_Code/startup.o
 .debug_macro   0x0001a257      0x20f ./Project_Settings/Startup_Code/startup.o
 .debug_macro   0x0001a466    0x174af ./Project_Settings/Startup_Code/startup.o
 .debug_macro   0x00031915       0x70 ./Generated_Code/Cpu.o
 .debug_macro   0x00031985       0x9a ./Generated_Code/Cpu.o
 .debug_macro   0x00031a1f       0x8b ./Generated_Code/Vectors.o
 .debug_macro   0x00031aaa       0xa3 C:\Users\11850637\Documents\OSExample\Library\libOS.a(OS.o)
 .debug_macro   0x00031b4d      0x14e C:\Users\11850637\Documents\OSExample\Library\libOS.a(OS.o)
 .debug_macro   0x00031c9b       0x64 C:\Users\11850637\Documents\OSExample\Library\libOS.a(OS.o)
 .debug_macro   0x00031cff       0x94 C:\Users\11850637\Documents\OSExample\Library\libOS.a(OS.o)

.debug_line     0x00000000      0xfca
 .debug_line    0x00000000      0x2fa ./Sources/main.o
 .debug_line    0x000002fa      0x3cc ./Project_Settings/Startup_Code/startup.o
 .debug_line    0x000006c6      0x256 ./Generated_Code/Cpu.o
 .debug_line    0x0000091c      0x218 ./Generated_Code/Vectors.o
 .debug_line    0x00000b34      0x496 C:\Users\11850637\Documents\OSExample\Library\libOS.a(OS.o)

.debug_str      0x00000000    0x8d5ad
 .debug_str     0x00000000    0x8a42d ./Sources/main.o
                              0x8a59f (size before relaxing)
 .debug_str     0x0008a42d     0x2668 ./Project_Settings/Startup_Code/startup.o
                              0x853ec (size before relaxing)
 .debug_str     0x0008ca95      0x1f2 ./Generated_Code/Cpu.o
                              0x8a45e (size before relaxing)
 .debug_str     0x0008cc87       0x1c ./Generated_Code/Vectors.o
                              0x8a1df (size before relaxing)
 .debug_str     0x0008cca3      0x90a C:\Users\11850637\Documents\OSExample\Library\libOS.a(OS.o)
                              0x8ad2a (size before relaxing)

.comment        0x00000000       0x70
 .comment       0x00000000       0x70 ./Sources/main.o
                                 0x71 (size before relaxing)
 .comment       0x00000000       0x71 ./Project_Settings/Startup_Code/startup.o
 .comment       0x00000000       0x71 ./Generated_Code/Cpu.o
 .comment       0x00000000       0x71 ./Generated_Code/Vectors.o
 .comment       0x00000000       0x71 C:\Users\11850637\Documents\OSExample\Library\libOS.a(OS.o)

.debug_frame    0x00000000      0x540
 .debug_frame   0x00000000       0xcc ./Sources/main.o
 .debug_frame   0x000000cc       0xc0 ./Project_Settings/Startup_Code/startup.o
 .debug_frame   0x0000018c       0x80 ./Generated_Code/Cpu.o
 .debug_frame   0x0000020c      0x2a0 C:\Users\11850637\Documents\OSExample\Library\libOS.a(OS.o)
 .debug_frame   0x000004ac       0x28 c:/freescale/kds_3.0.0/toolchain/bin/../lib/gcc/arm-none-eabi/4.8.4/../../../../arm-none-eabi/lib/armv7e-m/fpu\libg_s.a(lib_a-exit.o)
 .debug_frame   0x000004d4       0x2c c:/freescale/kds_3.0.0/toolchain/bin/../lib/gcc/arm-none-eabi/4.8.4/../../../../arm-none-eabi/lib/armv7e-m/fpu\libg_s.a(lib_a-init.o)
 .debug_frame   0x00000500       0x20 c:/freescale/kds_3.0.0/toolchain/bin/../lib/gcc/arm-none-eabi/4.8.4/../../../../arm-none-eabi/lib/armv7e-m/fpu\libg_s.a(lib_a-memset.o)
 .debug_frame   0x00000520       0x20 c:/freescale/kds_3.0.0/toolchain/bin/../lib/gcc/arm-none-eabi/4.8.4/../../../../arm-none-eabi/lib/armv7e-m/fpu\libnosys.a(_exit.o)
