Archive member included because of file (symbol)

c:/freescale/kds_3.0.0/toolchain/bin/../lib/gcc/arm-none-eabi/4.8.4/../../../../arm-none-eabi/lib/armv7e-m/fpu\libg_s.a(lib_a-exit.o)
                              c:/freescale/kds_3.0.0/toolchain/bin/../lib/gcc/arm-none-eabi/4.8.4/../../../../arm-none-eabi/lib/armv7e-m/fpu/crt0.o (exit)
c:/freescale/kds_3.0.0/toolchain/bin/../lib/gcc/arm-none-eabi/4.8.4/../../../../arm-none-eabi/lib/armv7e-m/fpu\libg_s.a(lib_a-impure.o)
                              c:/freescale/kds_3.0.0/toolchain/bin/../lib/gcc/arm-none-eabi/4.8.4/../../../../arm-none-eabi/lib/armv7e-m/fpu\libg_s.a(lib_a-exit.o) (_global_impure_ptr)
c:/freescale/kds_3.0.0/toolchain/bin/../lib/gcc/arm-none-eabi/4.8.4/../../../../arm-none-eabi/lib/armv7e-m/fpu\libg_s.a(lib_a-init.o)
                              c:/freescale/kds_3.0.0/toolchain/bin/../lib/gcc/arm-none-eabi/4.8.4/../../../../arm-none-eabi/lib/armv7e-m/fpu/crt0.o (__libc_init_array)
c:/freescale/kds_3.0.0/toolchain/bin/../lib/gcc/arm-none-eabi/4.8.4/../../../../arm-none-eabi/lib/armv7e-m/fpu\libg_s.a(lib_a-memset.o)
                              c:/freescale/kds_3.0.0/toolchain/bin/../lib/gcc/arm-none-eabi/4.8.4/../../../../arm-none-eabi/lib/armv7e-m/fpu/crt0.o (memset)
c:/freescale/kds_3.0.0/toolchain/bin/../lib/gcc/arm-none-eabi/4.8.4/../../../../arm-none-eabi/lib/armv7e-m/fpu\libnosys.a(_exit.o)
                              c:/freescale/kds_3.0.0/toolchain/bin/../lib/gcc/arm-none-eabi/4.8.4/../../../../arm-none-eabi/lib/armv7e-m/fpu\libg_s.a(lib_a-exit.o) (_exit)

Allocating common symbols
Common symbol       size              file

Packet              0x5               ./Sources/packet.o
SR_reg              0x1               ./Generated_Code/Cpu.o

Discarded input sections

 .text          0x00000000        0x0 c:/freescale/kds_3.0.0/toolchain/bin/../lib/gcc/arm-none-eabi/4.8.4/armv7e-m/fpu/crti.o
 .data          0x00000000        0x0 c:/freescale/kds_3.0.0/toolchain/bin/../lib/gcc/arm-none-eabi/4.8.4/armv7e-m/fpu/crti.o
 .bss           0x00000000        0x0 c:/freescale/kds_3.0.0/toolchain/bin/../lib/gcc/arm-none-eabi/4.8.4/armv7e-m/fpu/crti.o
 .data          0x00000000        0x4 c:/freescale/kds_3.0.0/toolchain/bin/../lib/gcc/arm-none-eabi/4.8.4/armv7e-m/fpu/crtbegin.o
 .data          0x00000000        0x0 c:/freescale/kds_3.0.0/toolchain/bin/../lib/gcc/arm-none-eabi/4.8.4/../../../../arm-none-eabi/lib/armv7e-m/fpu/crt0.o
 .bss           0x00000000        0x0 c:/freescale/kds_3.0.0/toolchain/bin/../lib/gcc/arm-none-eabi/4.8.4/../../../../arm-none-eabi/lib/armv7e-m/fpu/crt0.o
 .ARM.extab     0x00000000        0x0 c:/freescale/kds_3.0.0/toolchain/bin/../lib/gcc/arm-none-eabi/4.8.4/../../../../arm-none-eabi/lib/armv7e-m/fpu/crt0.o
 .group         0x00000000        0x8 ./Sources/Events.o
 .group         0x00000000        0x8 ./Sources/Events.o
 .group         0x00000000        0x8 ./Sources/Events.o
 .group         0x00000000        0x8 ./Sources/Events.o
 .group         0x00000000        0x8 ./Sources/Events.o
 .group         0x00000000        0x8 ./Sources/Events.o
 .group         0x00000000        0x8 ./Sources/Events.o
 .group         0x00000000        0x8 ./Sources/Events.o
 .group         0x00000000        0x8 ./Sources/Events.o
 .text          0x00000000        0x0 ./Sources/Events.o
 .data          0x00000000        0x0 ./Sources/Events.o
 .bss           0x00000000        0x0 ./Sources/Events.o
 .debug_info    0x00000000       0x7d ./Sources/Events.o
 .debug_abbrev  0x00000000       0x29 ./Sources/Events.o
 .debug_aranges
                0x00000000       0x18 ./Sources/Events.o
 .debug_macro   0x00000000       0x9f ./Sources/Events.o
 .debug_macro   0x00000000      0x850 ./Sources/Events.o
 .debug_macro   0x00000000       0x16 ./Sources/Events.o
 .debug_macro   0x00000000       0x44 ./Sources/Events.o
 .debug_macro   0x00000000      0x209 ./Sources/Events.o
 .debug_macro   0x00000000     0x17fa ./Sources/Events.o
 .debug_macro   0x00000000      0x14e ./Sources/Events.o
 .debug_macro   0x00000000       0x64 ./Sources/Events.o
 .debug_macro   0x00000000    0x174c1 ./Sources/Events.o
 .debug_macro   0x00000000       0x8e ./Sources/Events.o
 .debug_line    0x00000000      0x24a ./Sources/Events.o
 .debug_str     0x00000000    0x8a5cc ./Sources/Events.o
 .comment       0x00000000       0x71 ./Sources/Events.o
 .ARM.attributes
                0x00000000       0x39 ./Sources/Events.o
 .group         0x00000000        0x8 ./Sources/FIFO.o
 .group         0x00000000        0x8 ./Sources/FIFO.o
 .group         0x00000000        0x8 ./Sources/FIFO.o
 .group         0x00000000        0x8 ./Sources/FIFO.o
 .group         0x00000000        0x8 ./Sources/FIFO.o
 .group         0x00000000        0x8 ./Sources/FIFO.o
 .group         0x00000000        0x8 ./Sources/FIFO.o
 .group         0x00000000        0x8 ./Sources/FIFO.o
 .group         0x00000000        0x8 ./Sources/FIFO.o
 .group         0x00000000        0x8 ./Sources/FIFO.o
 .text          0x00000000        0x0 ./Sources/FIFO.o
 .data          0x00000000        0x0 ./Sources/FIFO.o
 .bss           0x00000000        0x0 ./Sources/FIFO.o
 .rodata.FIRST_INDEX
                0x00000000        0x4 ./Sources/FIFO.o
 .rodata.LAST_INDEX
                0x00000000        0x4 ./Sources/FIFO.o
 .debug_macro   0x00000000      0x850 ./Sources/FIFO.o
 .debug_macro   0x00000000       0x16 ./Sources/FIFO.o
 .debug_macro   0x00000000       0x44 ./Sources/FIFO.o
 .debug_macro   0x00000000      0x209 ./Sources/FIFO.o
 .debug_macro   0x00000000      0x14e ./Sources/FIFO.o
 .debug_macro   0x00000000       0x64 ./Sources/FIFO.o
 .debug_macro   0x00000000    0x174c1 ./Sources/FIFO.o
 .debug_macro   0x00000000       0x8e ./Sources/FIFO.o
 .group         0x00000000        0x8 ./Sources/FTM.o
 .group         0x00000000        0x8 ./Sources/FTM.o
 .group         0x00000000        0x8 ./Sources/FTM.o
 .group         0x00000000        0x8 ./Sources/FTM.o
 .group         0x00000000        0x8 ./Sources/FTM.o
 .group         0x00000000        0x8 ./Sources/FTM.o
 .group         0x00000000        0x8 ./Sources/FTM.o
 .group         0x00000000        0x8 ./Sources/FTM.o
 .group         0x00000000        0x8 ./Sources/FTM.o
 .group         0x00000000        0x8 ./Sources/FTM.o
 .text          0x00000000        0x0 ./Sources/FTM.o
 .data          0x00000000        0x0 ./Sources/FTM.o
 .bss           0x00000000        0x0 ./Sources/FTM.o
 .rodata.COUNT_RESET
                0x00000000        0x1 ./Sources/FTM.o
 .rodata.FIXED_FREQ_CLK
                0x00000000        0x4 ./Sources/FTM.o
 .debug_macro   0x00000000      0x850 ./Sources/FTM.o
 .debug_macro   0x00000000       0x16 ./Sources/FTM.o
 .debug_macro   0x00000000       0x44 ./Sources/FTM.o
 .debug_macro   0x00000000      0x209 ./Sources/FTM.o
 .debug_macro   0x00000000       0x22 ./Sources/FTM.o
 .debug_macro   0x00000000     0x1800 ./Sources/FTM.o
 .debug_macro   0x00000000      0x14e ./Sources/FTM.o
 .debug_macro   0x00000000       0x64 ./Sources/FTM.o
 .debug_macro   0x00000000    0x174c1 ./Sources/FTM.o
 .debug_macro   0x00000000       0x8e ./Sources/FTM.o
 .group         0x00000000        0x8 ./Sources/Flash.o
 .group         0x00000000        0x8 ./Sources/Flash.o
 .group         0x00000000        0x8 ./Sources/Flash.o
 .group         0x00000000        0x8 ./Sources/Flash.o
 .group         0x00000000        0x8 ./Sources/Flash.o
 .group         0x00000000        0x8 ./Sources/Flash.o
 .group         0x00000000        0x8 ./Sources/Flash.o
 .group         0x00000000        0x8 ./Sources/Flash.o
 .group         0x00000000        0x8 ./Sources/Flash.o
 .group         0x00000000        0x8 ./Sources/Flash.o
 .group         0x00000000        0x8 ./Sources/Flash.o
 .text          0x00000000        0x0 ./Sources/Flash.o
 .data          0x00000000        0x0 ./Sources/Flash.o
 .bss           0x00000000        0x0 ./Sources/Flash.o
 .debug_macro   0x00000000      0x850 ./Sources/Flash.o
 .debug_macro   0x00000000       0x16 ./Sources/Flash.o
 .debug_macro   0x00000000       0x44 ./Sources/Flash.o
 .debug_macro   0x00000000      0x209 ./Sources/Flash.o
 .debug_macro   0x00000000       0x22 ./Sources/Flash.o
 .debug_macro   0x00000000     0x1800 ./Sources/Flash.o
 .debug_macro   0x00000000      0x14e ./Sources/Flash.o
 .debug_macro   0x00000000       0x64 ./Sources/Flash.o
 .debug_macro   0x00000000    0x174c1 ./Sources/Flash.o
 .debug_macro   0x00000000       0x8e ./Sources/Flash.o
 .group         0x00000000        0x8 ./Sources/LEDs.o
 .group         0x00000000        0x8 ./Sources/LEDs.o
 .group         0x00000000        0x8 ./Sources/LEDs.o
 .group         0x00000000        0x8 ./Sources/LEDs.o
 .group         0x00000000        0x8 ./Sources/LEDs.o
 .group         0x00000000        0x8 ./Sources/LEDs.o
 .text          0x00000000        0x0 ./Sources/LEDs.o
 .data          0x00000000        0x0 ./Sources/LEDs.o
 .bss           0x00000000        0x0 ./Sources/LEDs.o
 .debug_macro   0x00000000      0x850 ./Sources/LEDs.o
 .debug_macro   0x00000000       0x16 ./Sources/LEDs.o
 .debug_macro   0x00000000       0x44 ./Sources/LEDs.o
 .debug_macro   0x00000000      0x209 ./Sources/LEDs.o
 .debug_macro   0x00000000       0x22 ./Sources/LEDs.o
 .debug_macro   0x00000000    0x174c1 ./Sources/LEDs.o
 .group         0x00000000        0x8 ./Sources/PIT.o
 .group         0x00000000        0x8 ./Sources/PIT.o
 .group         0x00000000        0x8 ./Sources/PIT.o
 .group         0x00000000        0x8 ./Sources/PIT.o
 .group         0x00000000        0x8 ./Sources/PIT.o
 .group         0x00000000        0x8 ./Sources/PIT.o
 .text          0x00000000        0x0 ./Sources/PIT.o
 .data          0x00000000        0x0 ./Sources/PIT.o
 .bss           0x00000000        0x0 ./Sources/PIT.o
 .rodata.Timer0Period
                0x00000000        0x4 ./Sources/PIT.o
 .debug_macro   0x00000000      0x850 ./Sources/PIT.o
 .debug_macro   0x00000000       0x16 ./Sources/PIT.o
 .debug_macro   0x00000000       0x44 ./Sources/PIT.o
 .debug_macro   0x00000000      0x209 ./Sources/PIT.o
 .debug_macro   0x00000000       0x22 ./Sources/PIT.o
 .debug_macro   0x00000000    0x174c1 ./Sources/PIT.o
 .group         0x00000000        0x8 ./Sources/RTC.o
 .group         0x00000000        0x8 ./Sources/RTC.o
 .group         0x00000000        0x8 ./Sources/RTC.o
 .group         0x00000000        0x8 ./Sources/RTC.o
 .group         0x00000000        0x8 ./Sources/RTC.o
 .group         0x00000000        0x8 ./Sources/RTC.o
 .group         0x00000000        0x8 ./Sources/RTC.o
 .group         0x00000000        0x8 ./Sources/RTC.o
 .group         0x00000000        0x8 ./Sources/RTC.o
 .group         0x00000000        0x8 ./Sources/RTC.o
 .text          0x00000000        0x0 ./Sources/RTC.o
 .data          0x00000000        0x0 ./Sources/RTC.o
 .bss           0x00000000        0x0 ./Sources/RTC.o
 .debug_macro   0x00000000      0x850 ./Sources/RTC.o
 .debug_macro   0x00000000       0x16 ./Sources/RTC.o
 .debug_macro   0x00000000       0x44 ./Sources/RTC.o
 .debug_macro   0x00000000      0x209 ./Sources/RTC.o
 .debug_macro   0x00000000       0x22 ./Sources/RTC.o
 .debug_macro   0x00000000     0x1800 ./Sources/RTC.o
 .debug_macro   0x00000000      0x14e ./Sources/RTC.o
 .debug_macro   0x00000000       0x64 ./Sources/RTC.o
 .debug_macro   0x00000000    0x174c1 ./Sources/RTC.o
 .debug_macro   0x00000000       0x8e ./Sources/RTC.o
 .group         0x00000000        0x8 ./Sources/UART.o
 .group         0x00000000        0x8 ./Sources/UART.o
 .group         0x00000000        0x8 ./Sources/UART.o
 .group         0x00000000        0x8 ./Sources/UART.o
 .group         0x00000000        0x8 ./Sources/UART.o
 .group         0x00000000        0x8 ./Sources/UART.o
 .group         0x00000000        0x8 ./Sources/UART.o
 .group         0x00000000        0x8 ./Sources/UART.o
 .group         0x00000000        0x8 ./Sources/UART.o
 .group         0x00000000        0x8 ./Sources/UART.o
 .text          0x00000000        0x0 ./Sources/UART.o
 .data          0x00000000        0x0 ./Sources/UART.o
 .bss           0x00000000        0x0 ./Sources/UART.o
 .text.UART_Poll
                0x00000000       0x48 ./Sources/UART.o
 .debug_macro   0x00000000      0x850 ./Sources/UART.o
 .debug_macro   0x00000000       0x16 ./Sources/UART.o
 .debug_macro   0x00000000       0x44 ./Sources/UART.o
 .debug_macro   0x00000000      0x209 ./Sources/UART.o
 .debug_macro   0x00000000       0x22 ./Sources/UART.o
 .debug_macro   0x00000000     0x1800 ./Sources/UART.o
 .debug_macro   0x00000000      0x14e ./Sources/UART.o
 .debug_macro   0x00000000       0x64 ./Sources/UART.o
 .debug_macro   0x00000000    0x174c1 ./Sources/UART.o
 .debug_macro   0x00000000       0x8e ./Sources/UART.o
 .group         0x00000000        0x8 ./Sources/main.o
 .group         0x00000000        0x8 ./Sources/main.o
 .group         0x00000000        0x8 ./Sources/main.o
 .group         0x00000000        0x8 ./Sources/main.o
 .group         0x00000000        0x8 ./Sources/main.o
 .group         0x00000000        0x8 ./Sources/main.o
 .group         0x00000000        0x8 ./Sources/main.o
 .group         0x00000000        0x8 ./Sources/main.o
 .group         0x00000000        0x8 ./Sources/main.o
 .group         0x00000000        0x8 ./Sources/main.o
 .group         0x00000000        0x8 ./Sources/main.o
 .group         0x00000000        0x8 ./Sources/main.o
 .group         0x00000000        0x8 ./Sources/main.o
 .text          0x00000000        0x0 ./Sources/main.o
 .data          0x00000000        0x0 ./Sources/main.o
 .bss           0x00000000        0x0 ./Sources/main.o
 .rodata.BAUD_RATE
                0x00000000        0x4 ./Sources/main.o
 .debug_macro   0x00000000      0x850 ./Sources/main.o
 .debug_macro   0x00000000       0x22 ./Sources/main.o
 .debug_macro   0x00000000       0x16 ./Sources/main.o
 .debug_macro   0x00000000       0x44 ./Sources/main.o
 .debug_macro   0x00000000      0x209 ./Sources/main.o
 .debug_macro   0x00000000     0x17fa ./Sources/main.o
 .debug_macro   0x00000000      0x14e ./Sources/main.o
 .debug_macro   0x00000000       0x64 ./Sources/main.o
 .debug_macro   0x00000000    0x174c1 ./Sources/main.o
 .debug_macro   0x00000000       0x8e ./Sources/main.o
 .group         0x00000000        0x8 ./Sources/packet.o
 .group         0x00000000        0x8 ./Sources/packet.o
 .group         0x00000000        0x8 ./Sources/packet.o
 .group         0x00000000        0x8 ./Sources/packet.o
 .group         0x00000000        0x8 ./Sources/packet.o
 .group         0x00000000        0x8 ./Sources/packet.o
 .text          0x00000000        0x0 ./Sources/packet.o
 .data          0x00000000        0x0 ./Sources/packet.o
 .bss           0x00000000        0x0 ./Sources/packet.o
 .debug_macro   0x00000000      0x850 ./Sources/packet.o
 .debug_macro   0x00000000       0x16 ./Sources/packet.o
 .debug_macro   0x00000000       0x44 ./Sources/packet.o
 .debug_macro   0x00000000      0x209 ./Sources/packet.o
 .debug_macro   0x00000000       0x22 ./Sources/packet.o
 .group         0x00000000        0x8 ./Project_Settings/Startup_Code/startup.o
 .group         0x00000000        0x8 ./Project_Settings/Startup_Code/startup.o
 .group         0x00000000        0x8 ./Project_Settings/Startup_Code/startup.o
 .group         0x00000000        0x8 ./Project_Settings/Startup_Code/startup.o
 .group         0x00000000        0x8 ./Project_Settings/Startup_Code/startup.o
 .group         0x00000000        0x8 ./Project_Settings/Startup_Code/startup.o
 .group         0x00000000        0x8 ./Project_Settings/Startup_Code/startup.o
 .group         0x00000000        0x8 ./Project_Settings/Startup_Code/startup.o
 .group         0x00000000        0x8 ./Project_Settings/Startup_Code/startup.o
 .group         0x00000000        0x8 ./Project_Settings/Startup_Code/startup.o
 .group         0x00000000        0x8 ./Project_Settings/Startup_Code/startup.o
 .group         0x00000000        0x8 ./Project_Settings/Startup_Code/startup.o
 .group         0x00000000        0x8 ./Project_Settings/Startup_Code/startup.o
 .group         0x00000000        0x8 ./Project_Settings/Startup_Code/startup.o
 .group         0x00000000        0x8 ./Project_Settings/Startup_Code/startup.o
 .group         0x00000000        0x8 ./Project_Settings/Startup_Code/startup.o
 .group         0x00000000        0x8 ./Project_Settings/Startup_Code/startup.o
 .group         0x00000000        0x8 ./Project_Settings/Startup_Code/startup.o
 .group         0x00000000        0x8 ./Project_Settings/Startup_Code/startup.o
 .text          0x00000000        0x0 ./Project_Settings/Startup_Code/startup.o
 .data          0x00000000        0x0 ./Project_Settings/Startup_Code/startup.o
 .bss           0x00000000        0x0 ./Project_Settings/Startup_Code/startup.o
 .text.__init_hardware
                0x00000000        0xc ./Project_Settings/Startup_Code/startup.o
 .text.__iar_program_start
                0x00000000        0xc ./Project_Settings/Startup_Code/startup.o
 .debug_macro   0x00000000      0x850 ./Project_Settings/Startup_Code/startup.o
 .debug_macro   0x00000000       0x16 ./Project_Settings/Startup_Code/startup.o
 .group         0x00000000        0x8 ./Generated_Code/Cpu.o
 .group         0x00000000        0x8 ./Generated_Code/Cpu.o
 .group         0x00000000        0x8 ./Generated_Code/Cpu.o
 .group         0x00000000        0x8 ./Generated_Code/Cpu.o
 .group         0x00000000        0x8 ./Generated_Code/Cpu.o
 .group         0x00000000        0x8 ./Generated_Code/Cpu.o
 .group         0x00000000        0x8 ./Generated_Code/Cpu.o
 .group         0x00000000        0x8 ./Generated_Code/Cpu.o
 .group         0x00000000        0x8 ./Generated_Code/Cpu.o
 .text          0x00000000        0x0 ./Generated_Code/Cpu.o
 .data          0x00000000        0x0 ./Generated_Code/Cpu.o
 .bss           0x00000000        0x0 ./Generated_Code/Cpu.o
 .debug_macro   0x00000000      0x850 ./Generated_Code/Cpu.o
 .debug_macro   0x00000000       0x16 ./Generated_Code/Cpu.o
 .debug_macro   0x00000000       0x44 ./Generated_Code/Cpu.o
 .debug_macro   0x00000000      0x209 ./Generated_Code/Cpu.o
 .debug_macro   0x00000000     0x17fa ./Generated_Code/Cpu.o
 .debug_macro   0x00000000      0x14e ./Generated_Code/Cpu.o
 .debug_macro   0x00000000       0x64 ./Generated_Code/Cpu.o
 .debug_macro   0x00000000    0x174c1 ./Generated_Code/Cpu.o
 .group         0x00000000        0x8 ./Generated_Code/PE_LDD.o
 .group         0x00000000        0x8 ./Generated_Code/PE_LDD.o
 .group         0x00000000        0x8 ./Generated_Code/PE_LDD.o
 .group         0x00000000        0x8 ./Generated_Code/PE_LDD.o
 .group         0x00000000        0x8 ./Generated_Code/PE_LDD.o
 .group         0x00000000        0x8 ./Generated_Code/PE_LDD.o
 .group         0x00000000        0x8 ./Generated_Code/PE_LDD.o
 .group         0x00000000        0x8 ./Generated_Code/PE_LDD.o
 .group         0x00000000        0x8 ./Generated_Code/PE_LDD.o
 .text          0x00000000        0x0 ./Generated_Code/PE_LDD.o
 .data          0x00000000        0x0 ./Generated_Code/PE_LDD.o
 .bss           0x00000000        0x0 ./Generated_Code/PE_LDD.o
 .rodata.PE_CpuClockConfigurations
                0x00000000       0x28 ./Generated_Code/PE_LDD.o
 .text.PE_FillMemory
                0x00000000       0x24 ./Generated_Code/PE_LDD.o
 .text.PE_PeripheralUsed
                0x00000000       0x18 ./Generated_Code/PE_LDD.o
 .text.LDD_SetClockConfiguration
                0x00000000       0x14 ./Generated_Code/PE_LDD.o
 .debug_info    0x00000000      0x215 ./Generated_Code/PE_LDD.o
 .debug_abbrev  0x00000000       0xf3 ./Generated_Code/PE_LDD.o
 .debug_aranges
                0x00000000       0x30 ./Generated_Code/PE_LDD.o
 .debug_ranges  0x00000000       0x20 ./Generated_Code/PE_LDD.o
 .debug_macro   0x00000000       0x8f ./Generated_Code/PE_LDD.o
 .debug_macro   0x00000000      0x850 ./Generated_Code/PE_LDD.o
 .debug_macro   0x00000000       0x16 ./Generated_Code/PE_LDD.o
 .debug_macro   0x00000000       0x44 ./Generated_Code/PE_LDD.o
 .debug_macro   0x00000000      0x209 ./Generated_Code/PE_LDD.o
 .debug_macro   0x00000000     0x17fa ./Generated_Code/PE_LDD.o
 .debug_macro   0x00000000      0x14e ./Generated_Code/PE_LDD.o
 .debug_macro   0x00000000       0x64 ./Generated_Code/PE_LDD.o
 .debug_macro   0x00000000    0x174c1 ./Generated_Code/PE_LDD.o
 .debug_macro   0x00000000       0x8e ./Generated_Code/PE_LDD.o
 .debug_line    0x00000000      0x249 ./Generated_Code/PE_LDD.o
 .debug_str     0x00000000    0x8a761 ./Generated_Code/PE_LDD.o
 .comment       0x00000000       0x71 ./Generated_Code/PE_LDD.o
 .ARM.attributes
                0x00000000       0x39 ./Generated_Code/PE_LDD.o
 .debug_frame   0x00000000       0x64 ./Generated_Code/PE_LDD.o
 .group         0x00000000        0x8 ./Generated_Code/Vectors.o
 .group         0x00000000        0x8 ./Generated_Code/Vectors.o
 .group         0x00000000        0x8 ./Generated_Code/Vectors.o
 .group         0x00000000        0x8 ./Generated_Code/Vectors.o
 .group         0x00000000        0x8 ./Generated_Code/Vectors.o
 .group         0x00000000        0x8 ./Generated_Code/Vectors.o
 .group         0x00000000        0x8 ./Generated_Code/Vectors.o
 .group         0x00000000        0x8 ./Generated_Code/Vectors.o
 .group         0x00000000        0x8 ./Generated_Code/Vectors.o
 .group         0x00000000        0x8 ./Generated_Code/Vectors.o
 .text          0x00000000        0x0 ./Generated_Code/Vectors.o
 .data          0x00000000        0x0 ./Generated_Code/Vectors.o
 .bss           0x00000000        0x0 ./Generated_Code/Vectors.o
 .debug_macro   0x00000000      0x850 ./Generated_Code/Vectors.o
 .debug_macro   0x00000000       0x16 ./Generated_Code/Vectors.o
 .debug_macro   0x00000000       0x44 ./Generated_Code/Vectors.o
 .debug_macro   0x00000000      0x209 ./Generated_Code/Vectors.o
 .debug_macro   0x00000000     0x17fa ./Generated_Code/Vectors.o
 .debug_macro   0x00000000      0x14e ./Generated_Code/Vectors.o
 .debug_macro   0x00000000       0x64 ./Generated_Code/Vectors.o
 .debug_macro   0x00000000    0x174c1 ./Generated_Code/Vectors.o
 .debug_macro   0x00000000       0x8e ./Generated_Code/Vectors.o
 .debug_macro   0x00000000       0x22 ./Generated_Code/Vectors.o
 .text          0x00000000        0x0 c:/freescale/kds_3.0.0/toolchain/bin/../lib/gcc/arm-none-eabi/4.8.4/../../../../arm-none-eabi/lib/armv7e-m/fpu\libg_s.a(lib_a-exit.o)
 .data          0x00000000        0x0 c:/freescale/kds_3.0.0/toolchain/bin/../lib/gcc/arm-none-eabi/4.8.4/../../../../arm-none-eabi/lib/armv7e-m/fpu\libg_s.a(lib_a-exit.o)
 .bss           0x00000000        0x0 c:/freescale/kds_3.0.0/toolchain/bin/../lib/gcc/arm-none-eabi/4.8.4/../../../../arm-none-eabi/lib/armv7e-m/fpu\libg_s.a(lib_a-exit.o)
 .text          0x00000000        0x0 c:/freescale/kds_3.0.0/toolchain/bin/../lib/gcc/arm-none-eabi/4.8.4/../../../../arm-none-eabi/lib/armv7e-m/fpu\libg_s.a(lib_a-impure.o)
 .data          0x00000000        0x0 c:/freescale/kds_3.0.0/toolchain/bin/../lib/gcc/arm-none-eabi/4.8.4/../../../../arm-none-eabi/lib/armv7e-m/fpu\libg_s.a(lib_a-impure.o)
 .bss           0x00000000        0x0 c:/freescale/kds_3.0.0/toolchain/bin/../lib/gcc/arm-none-eabi/4.8.4/../../../../arm-none-eabi/lib/armv7e-m/fpu\libg_s.a(lib_a-impure.o)
 .data._impure_ptr
                0x00000000        0x4 c:/freescale/kds_3.0.0/toolchain/bin/../lib/gcc/arm-none-eabi/4.8.4/../../../../arm-none-eabi/lib/armv7e-m/fpu\libg_s.a(lib_a-impure.o)
 .text          0x00000000        0x0 c:/freescale/kds_3.0.0/toolchain/bin/../lib/gcc/arm-none-eabi/4.8.4/../../../../arm-none-eabi/lib/armv7e-m/fpu\libg_s.a(lib_a-init.o)
 .data          0x00000000        0x0 c:/freescale/kds_3.0.0/toolchain/bin/../lib/gcc/arm-none-eabi/4.8.4/../../../../arm-none-eabi/lib/armv7e-m/fpu\libg_s.a(lib_a-init.o)
 .bss           0x00000000        0x0 c:/freescale/kds_3.0.0/toolchain/bin/../lib/gcc/arm-none-eabi/4.8.4/../../../../arm-none-eabi/lib/armv7e-m/fpu\libg_s.a(lib_a-init.o)
 .text          0x00000000        0x0 c:/freescale/kds_3.0.0/toolchain/bin/../lib/gcc/arm-none-eabi/4.8.4/../../../../arm-none-eabi/lib/armv7e-m/fpu\libg_s.a(lib_a-memset.o)
 .data          0x00000000        0x0 c:/freescale/kds_3.0.0/toolchain/bin/../lib/gcc/arm-none-eabi/4.8.4/../../../../arm-none-eabi/lib/armv7e-m/fpu\libg_s.a(lib_a-memset.o)
 .bss           0x00000000        0x0 c:/freescale/kds_3.0.0/toolchain/bin/../lib/gcc/arm-none-eabi/4.8.4/../../../../arm-none-eabi/lib/armv7e-m/fpu\libg_s.a(lib_a-memset.o)
 .text          0x00000000        0x0 c:/freescale/kds_3.0.0/toolchain/bin/../lib/gcc/arm-none-eabi/4.8.4/../../../../arm-none-eabi/lib/armv7e-m/fpu\libnosys.a(_exit.o)
 .data          0x00000000        0x0 c:/freescale/kds_3.0.0/toolchain/bin/../lib/gcc/arm-none-eabi/4.8.4/../../../../arm-none-eabi/lib/armv7e-m/fpu\libnosys.a(_exit.o)
 .bss           0x00000000        0x0 c:/freescale/kds_3.0.0/toolchain/bin/../lib/gcc/arm-none-eabi/4.8.4/../../../../arm-none-eabi/lib/armv7e-m/fpu\libnosys.a(_exit.o)
 .text          0x00000000        0x0 c:/freescale/kds_3.0.0/toolchain/bin/../lib/gcc/arm-none-eabi/4.8.4/armv7e-m/fpu/crtend.o
 .data          0x00000000        0x0 c:/freescale/kds_3.0.0/toolchain/bin/../lib/gcc/arm-none-eabi/4.8.4/armv7e-m/fpu/crtend.o
 .bss           0x00000000        0x0 c:/freescale/kds_3.0.0/toolchain/bin/../lib/gcc/arm-none-eabi/4.8.4/armv7e-m/fpu/crtend.o
 .eh_frame      0x00000000        0x4 c:/freescale/kds_3.0.0/toolchain/bin/../lib/gcc/arm-none-eabi/4.8.4/armv7e-m/fpu/crtend.o
 .jcr           0x00000000        0x4 c:/freescale/kds_3.0.0/toolchain/bin/../lib/gcc/arm-none-eabi/4.8.4/armv7e-m/fpu/crtend.o
 .ARM.attributes
                0x00000000       0x34 c:/freescale/kds_3.0.0/toolchain/bin/../lib/gcc/arm-none-eabi/4.8.4/armv7e-m/fpu/crtend.o
 .text          0x00000000        0x0 c:/freescale/kds_3.0.0/toolchain/bin/../lib/gcc/arm-none-eabi/4.8.4/armv7e-m/fpu/crtn.o
 .data          0x00000000        0x0 c:/freescale/kds_3.0.0/toolchain/bin/../lib/gcc/arm-none-eabi/4.8.4/armv7e-m/fpu/crtn.o
 .bss           0x00000000        0x0 c:/freescale/kds_3.0.0/toolchain/bin/../lib/gcc/arm-none-eabi/4.8.4/armv7e-m/fpu/crtn.o

Memory Configuration

Name             Origin             Length             Attributes
m_interrupts     0x00000000         0x000001e8         xr
m_text           0x00000410         0x000ffbf0         xr
m_data           0x1fff0000         0x00010000         rw
m_data_20000000  0x20000000         0x00010000         rw
m_cfmprotrom     0x00000400         0x00000010         xr
*default*        0x00000000         0xffffffff

Linker script and memory map

LOAD c:/freescale/kds_3.0.0/toolchain/bin/../lib/gcc/arm-none-eabi/4.8.4/armv7e-m/fpu/crti.o
LOAD c:/freescale/kds_3.0.0/toolchain/bin/../lib/gcc/arm-none-eabi/4.8.4/armv7e-m/fpu/crtbegin.o
LOAD c:/freescale/kds_3.0.0/toolchain/bin/../lib/gcc/arm-none-eabi/4.8.4/../../../../arm-none-eabi/lib/armv7e-m/fpu/crt0.o
LOAD ./Sources/Events.o
LOAD ./Sources/FIFO.o
LOAD ./Sources/FTM.o
LOAD ./Sources/Flash.o
LOAD ./Sources/LEDs.o
LOAD ./Sources/PIT.o
LOAD ./Sources/RTC.o
LOAD ./Sources/UART.o
LOAD ./Sources/main.o
LOAD ./Sources/packet.o
LOAD ./Project_Settings/Startup_Code/startup.o
LOAD ./Generated_Code/Cpu.o
LOAD ./Generated_Code/PE_LDD.o
LOAD ./Generated_Code/Vectors.o
LOAD c:/freescale/kds_3.0.0/toolchain/bin/../lib/gcc/arm-none-eabi/4.8.4/../../../../arm-none-eabi/lib/armv7e-m/fpu\libstdc++_s.a
LOAD c:/freescale/kds_3.0.0/toolchain/bin/../lib/gcc/arm-none-eabi/4.8.4/../../../../arm-none-eabi/lib/armv7e-m/fpu\libm.a
START GROUP
LOAD c:/freescale/kds_3.0.0/toolchain/bin/../lib/gcc/arm-none-eabi/4.8.4/armv7e-m/fpu\libgcc.a
LOAD c:/freescale/kds_3.0.0/toolchain/bin/../lib/gcc/arm-none-eabi/4.8.4/../../../../arm-none-eabi/lib/armv7e-m/fpu\libg_s.a
LOAD c:/freescale/kds_3.0.0/toolchain/bin/../lib/gcc/arm-none-eabi/4.8.4/../../../../arm-none-eabi/lib/armv7e-m/fpu\libc_s.a
END GROUP
START GROUP
LOAD c:/freescale/kds_3.0.0/toolchain/bin/../lib/gcc/arm-none-eabi/4.8.4/armv7e-m/fpu\libgcc.a
LOAD c:/freescale/kds_3.0.0/toolchain/bin/../lib/gcc/arm-none-eabi/4.8.4/../../../../arm-none-eabi/lib/armv7e-m/fpu\libc_s.a
LOAD c:/freescale/kds_3.0.0/toolchain/bin/../lib/gcc/arm-none-eabi/4.8.4/../../../../arm-none-eabi/lib/armv7e-m/fpu\libnosys.a
END GROUP
START GROUP
LOAD c:/freescale/kds_3.0.0/toolchain/bin/../lib/gcc/arm-none-eabi/4.8.4/armv7e-m/fpu\libgcc.a
LOAD c:/freescale/kds_3.0.0/toolchain/bin/../lib/gcc/arm-none-eabi/4.8.4/../../../../arm-none-eabi/lib/armv7e-m/fpu\libc_s.a
LOAD c:/freescale/kds_3.0.0/toolchain/bin/../lib/gcc/arm-none-eabi/4.8.4/../../../../arm-none-eabi/lib/armv7e-m/fpu\libnosys.a
END GROUP
LOAD c:/freescale/kds_3.0.0/toolchain/bin/../lib/gcc/arm-none-eabi/4.8.4/armv7e-m/fpu/crtend.o
LOAD c:/freescale/kds_3.0.0/toolchain/bin/../lib/gcc/arm-none-eabi/4.8.4/armv7e-m/fpu/crtn.o
                0x20000000                _estack = 0x20000000
                0x20000000                __SP_INIT = _estack
                0x20000000                __stack = _estack
                0x00000000                __heap_size = 0x0
                0x00000400                __stack_size = 0x400

.interrupts     0x00000000      0x1e8
                0x00000000                __vector_table = .
                0x00000000                . = ALIGN (0x4)
 *(.vectortable)
 .vectortable   0x00000000      0x1e8 ./Generated_Code/Vectors.o
                0x00000000                __vect_table
                0x000001e8                . = ALIGN (0x4)

.cfmprotect     0x00000400       0x10
                0x00000400                . = ALIGN (0x4)
 *(.cfmconfig)
 .cfmconfig     0x00000400       0x10 ./Generated_Code/Cpu.o
                0x00000400                _cfm
                0x00000410                . = ALIGN (0x4)

.text           0x00000410     0x1c90
                0x00000410                . = ALIGN (0x4)
 *(.text)
 .text          0x00000410       0x54 c:/freescale/kds_3.0.0/toolchain/bin/../lib/gcc/arm-none-eabi/4.8.4/armv7e-m/fpu/crtbegin.o
 .text          0x00000464       0x74 c:/freescale/kds_3.0.0/toolchain/bin/../lib/gcc/arm-none-eabi/4.8.4/../../../../arm-none-eabi/lib/armv7e-m/fpu/crt0.o
                0x00000464                _start
                0x00000464                _mainCRTStartup
 *(.text*)
 .text.FIFO_Init
                0x000004d8       0x70 ./Sources/FIFO.o
                0x000004d8                FIFO_Init
 .text.FIFO_Put
                0x00000548       0xc4 ./Sources/FIFO.o
                0x00000548                FIFO_Put
 .text.FIFO_Get
                0x0000060c       0xc4 ./Sources/FIFO.o
                0x0000060c                FIFO_Get
 .text.FTM_Init
                0x000006d0       0xc4 ./Sources/FTM.o
                0x000006d0                FTM_Init
 .text.FTM_Set  0x00000794      0x1c4 ./Sources/FTM.o
                0x00000794                FTM_Set
 .text.FTM_StartTimer
                0x00000958       0x3c ./Sources/FTM.o
                0x00000958                FTM_StartTimer
 .text.FTM0_ISR
                0x00000994       0x44 ./Sources/FTM.o
                0x00000994                FTM0_ISR
 .text.LaunchCommand
                0x000009d8       0xac ./Sources/Flash.o
 .text.WritePhrase
                0x00000a84       0x30 ./Sources/Flash.o
 .text.EraseSector
                0x00000ab4       0x24 ./Sources/Flash.o
 .text.ModifyPhrase
                0x00000ad8       0x38 ./Sources/Flash.o
 .text.Flash_Init
                0x00000b10       0x10 ./Sources/Flash.o
                0x00000b10                Flash_Init
 .text.Flash_AllocateVar
                0x00000b20       0xc8 ./Sources/Flash.o
                0x00000b20                Flash_AllocateVar
 .text.Flash_Write32
                0x00000be8       0x58 ./Sources/Flash.o
                0x00000be8                Flash_Write32
 .text.Flash_Write16
                0x00000c40       0x60 ./Sources/Flash.o
                0x00000c40                Flash_Write16
 .text.Flash_Write8
                0x00000ca0       0x50 ./Sources/Flash.o
                0x00000ca0                Flash_Write8
 .text.Flash_Erase
                0x00000cf0       0x14 ./Sources/Flash.o
                0x00000cf0                Flash_Erase
 .text.LEDs_Init
                0x00000d04       0xc4 ./Sources/LEDs.o
                0x00000d04                LEDs_Init
 .text.LEDs_On  0x00000dc8       0x24 ./Sources/LEDs.o
                0x00000dc8                LEDs_On
 .text.LEDs_Off
                0x00000dec       0x24 ./Sources/LEDs.o
                0x00000dec                LEDs_Off
 .text.LEDs_Toggle
                0x00000e10       0x24 ./Sources/LEDs.o
                0x00000e10                LEDs_Toggle
 .text.PIT_Init
                0x00000e34       0x84 ./Sources/PIT.o
                0x00000e34                PIT_Init
 .text.PIT_Set  0x00000eb8       0x54 ./Sources/PIT.o
                0x00000eb8                PIT_Set
 .text.PIT_Enable
                0x00000f0c       0x40 ./Sources/PIT.o
                0x00000f0c                PIT_Enable
 .text.PIT_ISR  0x00000f4c       0x48 ./Sources/PIT.o
                0x00000f4c                PIT_ISR
 .text.RTC_Init
                0x00000f94       0xf4 ./Sources/RTC.o
                0x00000f94                RTC_Init
 .text.RTC_Set  0x00001088       0x54 ./Sources/RTC.o
                0x00001088                RTC_Set
 .text.RTC_Get  0x000010dc       0xa0 ./Sources/RTC.o
                0x000010dc                RTC_Get
 .text.RTC_ISR  0x0000117c       0x34 ./Sources/RTC.o
                0x0000117c                RTC_ISR
 .text.UART_Init
                0x000011b0      0x154 ./Sources/UART.o
                0x000011b0                UART_Init
 .text.UART_InChar
                0x00001304       0x20 ./Sources/UART.o
                0x00001304                UART_InChar
 .text.UART_OutChar
                0x00001324       0x40 ./Sources/UART.o
                0x00001324                UART_OutChar
 .text.UART_ISR
                0x00001364       0x74 ./Sources/UART.o
                0x00001364                UART_ISR
 .text.main     0x000013d8       0x6c ./Sources/main.o
                0x000013d8                main
 .text.TowerInit
                0x00001444       0x78 ./Sources/main.o
                0x00001444                TowerInit
 .text.TowerStartup
                0x000014bc       0x7c ./Sources/main.o
                0x000014bc                TowerStartup
 .text.InitialTowerNb
                0x00001538       0x60 ./Sources/main.o
                0x00001538                InitialTowerNb
 .text.InitialTowerMode
                0x00001598       0x5c ./Sources/main.o
                0x00001598                InitialTowerMode
 .text.PITCallback
                0x000015f4       0x18 ./Sources/main.o
                0x000015f4                PITCallback
 .text.FTMCallback
                0x0000160c       0x18 ./Sources/main.o
                0x0000160c                FTMCallback
 .text.UpdateTimeRTC
                0x00001624       0x30 ./Sources/main.o
 .text.sendAckPacket
                0x00001654       0x30 ./Sources/main.o
                0x00001654                sendAckPacket
 .text.sendNakPacket
                0x00001684       0x38 ./Sources/main.o
                0x00001684                sendNakPacket
 .text.HandleInvalidCommand
                0x000016bc       0x10 ./Sources/main.o
                0x000016bc                HandleInvalidCommand
 .text.HandleGetStartupValues
                0x000016cc       0x9c ./Sources/main.o
                0x000016cc                HandleGetStartupValues
 .text.HandleGetVersion
                0x00001768       0x38 ./Sources/main.o
                0x00001768                HandleGetVersion
 .text.HandleTowerNumber
                0x000017a0       0x7c ./Sources/main.o
                0x000017a0                HandleTowerNumber
 .text.HandleTowerMode
                0x0000181c       0x80 ./Sources/main.o
                0x0000181c                HandleTowerMode
 .text.HandleFlashProgramByte
                0x0000189c       0x50 ./Sources/main.o
                0x0000189c                HandleFlashProgramByte
 .text.HandleFlashReadByte
                0x000018ec       0x50 ./Sources/main.o
                0x000018ec                HandleFlashReadByte
 .text.HandleSetTime
                0x0000193c       0x40 ./Sources/main.o
 .text.PacketHandle
                0x0000197c      0x110 ./Sources/main.o
                0x0000197c                PacketHandle
 .text.Packet_Init
                0x00001a8c       0x1c ./Sources/packet.o
                0x00001a8c                Packet_Init
 .text.Packet_Get
                0x00001aa8       0x68 ./Sources/packet.o
                0x00001aa8                Packet_Get
 .text.Packet_Put
                0x00001b10       0xa4 ./Sources/packet.o
                0x00001b10                Packet_Put
 .text.__copy_rom_section
                0x00001bb4       0xe4 ./Project_Settings/Startup_Code/startup.o
                0x00001bb4                __copy_rom_section
 .text.__copy_rom_sections_to_ram
                0x00001c98       0x9c ./Project_Settings/Startup_Code/startup.o
                0x00001c98                __copy_rom_sections_to_ram
 .text.__init_registers
                0x00001d34       0x20 ./Project_Settings/Startup_Code/startup.o
                0x00001d34                __init_registers
 .text.__init_user
                0x00001d54        0xc ./Project_Settings/Startup_Code/startup.o
                0x00001d54                __init_user
 .text.__thumb_startup
                0x00001d60       0x34 ./Project_Settings/Startup_Code/startup.o
                0x00001d60                __thumb_startup
 .text.Cpu_Interrupt
                0x00001d94       0x18 ./Generated_Code/Cpu.o
                0x00001d94                Cpu_Interrupt
 .text.__init_hardware
                0x00001dac      0x150 ./Generated_Code/Cpu.o
                0x00001dac                __init_hardware
 .text.Cpu_SetBASEPRI
                0x00001efc       0x18 ./Generated_Code/Cpu.o
                0x00001efc                Cpu_SetBASEPRI
 .text.PE_low_level_init
                0x00001f14       0xe4 ./Generated_Code/Cpu.o
                0x00001f14                PE_low_level_init
 .text.exit     0x00001ff8       0x28 c:/freescale/kds_3.0.0/toolchain/bin/../lib/gcc/arm-none-eabi/4.8.4/../../../../arm-none-eabi/lib/armv7e-m/fpu\libg_s.a(lib_a-exit.o)
                0x00001ff8                exit
 .text.__libc_init_array
                0x00002020       0x4c c:/freescale/kds_3.0.0/toolchain/bin/../lib/gcc/arm-none-eabi/4.8.4/../../../../arm-none-eabi/lib/armv7e-m/fpu\libg_s.a(lib_a-init.o)
                0x00002020                __libc_init_array
 .text.memset   0x0000206c       0x10 c:/freescale/kds_3.0.0/toolchain/bin/../lib/gcc/arm-none-eabi/4.8.4/../../../../arm-none-eabi/lib/armv7e-m/fpu\libg_s.a(lib_a-memset.o)
                0x0000206c                memset
 .text._exit    0x0000207c        0x4 c:/freescale/kds_3.0.0/toolchain/bin/../lib/gcc/arm-none-eabi/4.8.4/../../../../arm-none-eabi/lib/armv7e-m/fpu\libnosys.a(_exit.o)
                0x0000207c                _exit
 *(.rodata)
 *(.rodata*)
 .rodata.PACKET_ACK_MASK
                0x00002080        0x1 ./Sources/packet.o
                0x00002080                PACKET_ACK_MASK
 .rodata.str1.1
                0x00002081        0x2 c:/freescale/kds_3.0.0/toolchain/bin/../lib/gcc/arm-none-eabi/4.8.4/../../../../arm-none-eabi/lib/armv7e-m/fpu\libg_s.a(lib_a-impure.o)
 *fill*         0x00002083        0x1 
 .rodata._global_impure_ptr
                0x00002084        0x4 c:/freescale/kds_3.0.0/toolchain/bin/../lib/gcc/arm-none-eabi/4.8.4/../../../../arm-none-eabi/lib/armv7e-m/fpu\libg_s.a(lib_a-impure.o)
                0x00002084                _global_impure_ptr
 *(.glue_7)
 .glue_7        0x00000000        0x0 linker stubs
 *(.glue_7t)
 .glue_7t       0x00000000        0x0 linker stubs
 *(.eh_frame)
 .eh_frame      0x00002088        0x0 c:/freescale/kds_3.0.0/toolchain/bin/../lib/gcc/arm-none-eabi/4.8.4/armv7e-m/fpu/crtbegin.o
 *(.init)
 .init          0x00002088        0x4 c:/freescale/kds_3.0.0/toolchain/bin/../lib/gcc/arm-none-eabi/4.8.4/armv7e-m/fpu/crti.o
                0x00002088                _init
 .init          0x0000208c        0x8 c:/freescale/kds_3.0.0/toolchain/bin/../lib/gcc/arm-none-eabi/4.8.4/armv7e-m/fpu/crtn.o
 *(.fini)
 .fini          0x00002094        0x4 c:/freescale/kds_3.0.0/toolchain/bin/../lib/gcc/arm-none-eabi/4.8.4/armv7e-m/fpu/crti.o
                0x00002094                _fini
 .fini          0x00002098        0x8 c:/freescale/kds_3.0.0/toolchain/bin/../lib/gcc/arm-none-eabi/4.8.4/armv7e-m/fpu/crtn.o
                0x000020a0                . = ALIGN (0x4)
                0x000020a0                _etext = .

.vfp11_veneer   0x000020a0        0x0
 .vfp11_veneer  0x00000000        0x0 linker stubs

.v4_bx          0x000020a0        0x0
 .v4_bx         0x00000000        0x0 linker stubs

.iplt           0x000020a0        0x0
 .iplt          0x00000000        0x0 c:/freescale/kds_3.0.0/toolchain/bin/../lib/gcc/arm-none-eabi/4.8.4/armv7e-m/fpu/crtbegin.o

.ARM.extab
 *(.ARM.extab* .gnu.linkonce.armextab.*)

.ARM            0x000020a0        0x8
                0x000020a0                __exidx_start = .
 *(.ARM.exidx*)
 .ARM.exidx     0x000020a0        0x8 c:/freescale/kds_3.0.0/toolchain/bin/../lib/gcc/arm-none-eabi/4.8.4/../../../../arm-none-eabi/lib/armv7e-m/fpu/crt0.o
                0x000020a8                __exidx_end = .

.rel.dyn        0x000020a8        0x0
 .rel.iplt      0x00000000        0x0 c:/freescale/kds_3.0.0/toolchain/bin/../lib/gcc/arm-none-eabi/4.8.4/armv7e-m/fpu/crtbegin.o

.ctors          0x000020a8        0x0
                0x000020a8                __CTOR_LIST__ = .
 *crtbegin.o(.ctors)
 *(EXCLUDE_FILE(*crtend.o) .ctors)
 *(SORT(.ctors.*))
 *(.ctors)
                0x000020a8                __CTOR_END__ = .

.dtors          0x000020a8        0x0
                0x000020a8                __DTOR_LIST__ = .
 *crtbegin.o(.dtors)
 *(EXCLUDE_FILE(*crtend.o) .dtors)
 *(SORT(.dtors.*))
 *(.dtors)
                0x000020a8                __DTOR_END__ = .

.preinit_array  0x000020a8        0x0
                0x000020a8                PROVIDE (__preinit_array_start, .)
 *(.preinit_array*)
                0x000020a8                PROVIDE (__preinit_array_end, .)

.init_array     0x000020a8        0x4
                0x000020a8                PROVIDE (__init_array_start, .)
 *(SORT(.init_array.*))
 *(.init_array*)
 .init_array    0x000020a8        0x4 c:/freescale/kds_3.0.0/toolchain/bin/../lib/gcc/arm-none-eabi/4.8.4/armv7e-m/fpu/crtbegin.o
                0x000020ac                PROVIDE (__init_array_end, .)

.fini_array     0x000020ac        0x4
                0x000020ac                PROVIDE (__fini_array_start, .)
 *(SORT(.fini_array.*))
 *(.fini_array*)
 .fini_array    0x000020ac        0x4 c:/freescale/kds_3.0.0/toolchain/bin/../lib/gcc/arm-none-eabi/4.8.4/armv7e-m/fpu/crtbegin.o
                0x000020b0                PROVIDE (__fini_array_end, .)
                0x000020b0                ___ROM_AT = .

.data           0x1fff0000       0x60 load address 0x000020b0
                0x1fff0000                . = ALIGN (0x4)
                0x1fff0000                _sdata = .
 *(.data)
 *(.data*)
 .data.impure_data
                0x1fff0000       0x60 c:/freescale/kds_3.0.0/toolchain/bin/../lib/gcc/arm-none-eabi/4.8.4/../../../../arm-none-eabi/lib/armv7e-m/fpu\libg_s.a(lib_a-impure.o)
                0x1fff0060                . = ALIGN (0x4)
                0x1fff0060                _edata = .
                0x00000060                ___data_size = (_edata - _sdata)
                0x00002110                ___m_data_20000000_ROMStart = (___ROM_AT + SIZEOF (.data))

.jcr            0x1fff0060        0x0 load address 0x00002110
 .jcr           0x1fff0060        0x0 c:/freescale/kds_3.0.0/toolchain/bin/../lib/gcc/arm-none-eabi/4.8.4/armv7e-m/fpu/crtbegin.o

.igot.plt       0x1fff0060        0x0 load address 0x00002110
 .igot.plt      0x00000000        0x0 c:/freescale/kds_3.0.0/toolchain/bin/../lib/gcc/arm-none-eabi/4.8.4/armv7e-m/fpu/crtbegin.o

.m_data_20000000
                0x20000000        0x0 load address 0x00002110
                0x20000000                . = ALIGN (0x4)
                0x20000000                ___m_data_20000000_RAMStart = .
 *(.m_data_20000000)
                0x20000000                ___m_data_20000000_RAMEnd = .
                0x20000000                . = ALIGN (0x4)
                0x00000000                ___m_data_20000000_ROMSize = (___m_data_20000000_RAMEnd - ___m_data_20000000_RAMStart)
                0x20000000                . = ALIGN (0x4)

.bss            0x1fff0060      0x268 load address 0x00002110
                0x1fff0060                __START_BSS = .
                0x1fff0060                PROVIDE (__bss_start__, __START_BSS)
 *(.bss)
 .bss           0x1fff0060       0x1c c:/freescale/kds_3.0.0/toolchain/bin/../lib/gcc/arm-none-eabi/4.8.4/armv7e-m/fpu/crtbegin.o
 *(.bss*)
 .bss.UserFunction
                0x1fff007c        0x4 ./Sources/FTM.o
 .bss.UserArguments
                0x1fff0080        0x4 ./Sources/FTM.o
 .bss.UserFunction
                0x1fff0084        0x4 ./Sources/PIT.o
 .bss.UserArguments
                0x1fff0088        0x4 ./Sources/PIT.o
 .bss.UserFunction
                0x1fff008c        0x4 ./Sources/RTC.o
 .bss.UserArguments
                0x1fff0090        0x4 ./Sources/RTC.o
 .bss.TxFIFO    0x1fff0094      0x108 ./Sources/UART.o
 .bss.RxFIFO    0x1fff019c      0x108 ./Sources/UART.o
 .bss.NvTowerNb
                0x1fff02a4        0x4 ./Sources/main.o
 .bss.NvTowerMode
                0x1fff02a8        0x4 ./Sources/main.o
 .bss.Channel0Load
                0x1fff02ac       0x10 ./Sources/main.o
 .bss.SR_lock   0x1fff02bc        0x1 ./Generated_Code/Cpu.o
                0x1fff02bc                SR_lock
 *(COMMON)
 *fill*         0x1fff02bd        0x3 
 COMMON         0x1fff02c0        0x5 ./Sources/packet.o
                0x1fff02c0                Packet
 COMMON         0x1fff02c5        0x1 ./Generated_Code/Cpu.o
                0x1fff02c5                SR_reg
                0x1fff02c8                . = ALIGN (0x4)
 *fill*         0x1fff02c6        0x2 
                0x1fff02c8                __END_BSS = .
                0x1fff02c8                PROVIDE (__bss_end__, __END_BSS)
                0x00002110                _romp_at = ((___ROM_AT + SIZEOF (.data)) + SIZEOF (.m_data_20000000))

.romp           0x1fff02c8       0x24 load address 0x00002110
                0x00002110                __S_romp = _romp_at
                0x1fff02c8        0x4 LONG 0x20b0 ___ROM_AT
                0x1fff02cc        0x4 LONG 0x1fff0000 _sdata
                0x1fff02d0        0x4 LONG 0x60 ___data_size
                0x1fff02d4        0x4 LONG 0x2110 ___m_data_20000000_ROMStart
                0x1fff02d8        0x4 LONG 0x20000000 ___m_data_20000000_RAMStart
                0x1fff02dc        0x4 LONG 0x0 ___m_data_20000000_ROMSize
                0x1fff02e0        0x4 LONG 0x0
                0x1fff02e4        0x4 LONG 0x0
                0x1fff02e8        0x4 LONG 0x0

._user_heap_stack
                0x1fff02ec      0x400 load address 0x00002134
                0x1fff02ec                . = ALIGN (0x4)
                0x1fff02ec                PROVIDE (end, .)
                0x1fff02ec                PROVIDE (_end, .)
                0x1fff02ec                __heap_addr = .
                0x1fff02ec                __HeapBase = .
                0x1fff02ec                . = (. + __heap_size)
                0x1fff02ec                __HeapLimit = .
                0x1fff06ec                . = (. + __stack_size)
 *fill*         0x1fff02ec      0x400 
                0x1fff06ec                . = ALIGN (0x4)

.ARM.attributes
                0x00000000       0x30
 *(.ARM.attributes)
 .ARM.attributes
                0x00000000       0x22 c:/freescale/kds_3.0.0/toolchain/bin/../lib/gcc/arm-none-eabi/4.8.4/armv7e-m/fpu/crti.o
 .ARM.attributes
                0x00000022       0x34 c:/freescale/kds_3.0.0/toolchain/bin/../lib/gcc/arm-none-eabi/4.8.4/armv7e-m/fpu/crtbegin.o
 .ARM.attributes
                0x00000056       0x20 c:/freescale/kds_3.0.0/toolchain/bin/../lib/gcc/arm-none-eabi/4.8.4/../../../../arm-none-eabi/lib/armv7e-m/fpu/crt0.o
 .ARM.attributes
                0x00000076       0x39 ./Sources/FIFO.o
 .ARM.attributes
                0x000000af       0x39 ./Sources/FTM.o
 .ARM.attributes
                0x000000e8       0x39 ./Sources/Flash.o
 .ARM.attributes
                0x00000121       0x39 ./Sources/LEDs.o
 .ARM.attributes
                0x0000015a       0x39 ./Sources/PIT.o
 .ARM.attributes
                0x00000193       0x39 ./Sources/RTC.o
 .ARM.attributes
                0x000001cc       0x39 ./Sources/UART.o
 .ARM.attributes
                0x00000205       0x39 ./Sources/main.o
 .ARM.attributes
                0x0000023e       0x39 ./Sources/packet.o
 .ARM.attributes
                0x00000277       0x39 ./Project_Settings/Startup_Code/startup.o
 .ARM.attributes
                0x000002b0       0x39 ./Generated_Code/Cpu.o
 .ARM.attributes
                0x000002e9       0x39 ./Generated_Code/Vectors.o
 .ARM.attributes
                0x00000322       0x34 c:/freescale/kds_3.0.0/toolchain/bin/../lib/gcc/arm-none-eabi/4.8.4/../../../../arm-none-eabi/lib/armv7e-m/fpu\libg_s.a(lib_a-exit.o)
 .ARM.attributes
                0x00000356       0x34 c:/freescale/kds_3.0.0/toolchain/bin/../lib/gcc/arm-none-eabi/4.8.4/../../../../arm-none-eabi/lib/armv7e-m/fpu\libg_s.a(lib_a-impure.o)
 .ARM.attributes
                0x0000038a       0x34 c:/freescale/kds_3.0.0/toolchain/bin/../lib/gcc/arm-none-eabi/4.8.4/../../../../arm-none-eabi/lib/armv7e-m/fpu\libg_s.a(lib_a-init.o)
 .ARM.attributes
                0x000003be       0x34 c:/freescale/kds_3.0.0/toolchain/bin/../lib/gcc/arm-none-eabi/4.8.4/../../../../arm-none-eabi/lib/armv7e-m/fpu\libg_s.a(lib_a-memset.o)
 .ARM.attributes
                0x000003f2       0x34 c:/freescale/kds_3.0.0/toolchain/bin/../lib/gcc/arm-none-eabi/4.8.4/../../../../arm-none-eabi/lib/armv7e-m/fpu\libnosys.a(_exit.o)
 .ARM.attributes
                0x00000426       0x22 c:/freescale/kds_3.0.0/toolchain/bin/../lib/gcc/arm-none-eabi/4.8.4/armv7e-m/fpu/crtn.o
OUTPUT(Lab1.elf elf32-littlearm)

.debug_info     0x00000000     0x4386
 .debug_info    0x00000000      0x247 ./Sources/FIFO.o
 .debug_info    0x00000247      0x792 ./Sources/FTM.o
 .debug_info    0x000009d9      0x73c ./Sources/Flash.o
 .debug_info    0x00001115      0x490 ./Sources/LEDs.o
 .debug_info    0x000015a5      0x57a ./Sources/PIT.o
 .debug_info    0x00001b1f      0x620 ./Sources/RTC.o
 .debug_info    0x0000213f      0x951 ./Sources/UART.o
 .debug_info    0x00002a90      0x61e ./Sources/main.o
 .debug_info    0x000030ae      0x290 ./Sources/packet.o
 .debug_info    0x0000333e      0x3b0 ./Project_Settings/Startup_Code/startup.o
 .debug_info    0x000036ee      0xb89 ./Generated_Code/Cpu.o
 .debug_info    0x00004277      0x10f ./Generated_Code/Vectors.o

.debug_abbrev   0x00000000     0x110b
 .debug_abbrev  0x00000000      0x10d ./Sources/FIFO.o
 .debug_abbrev  0x0000010d      0x1c9 ./Sources/FTM.o
 .debug_abbrev  0x000002d6      0x200 ./Sources/Flash.o
 .debug_abbrev  0x000004d6      0x144 ./Sources/LEDs.o
 .debug_abbrev  0x0000061a      0x16e ./Sources/PIT.o
 .debug_abbrev  0x00000788      0x161 ./Sources/RTC.o
 .debug_abbrev  0x000008e9      0x1b4 ./Sources/UART.o
 .debug_abbrev  0x00000a9d      0x1dd ./Sources/main.o
 .debug_abbrev  0x00000c7a       0xdf ./Sources/packet.o
 .debug_abbrev  0x00000d59      0x189 ./Project_Settings/Startup_Code/startup.o
 .debug_abbrev  0x00000ee2      0x185 ./Generated_Code/Cpu.o
 .debug_abbrev  0x00001067       0xa4 ./Generated_Code/Vectors.o

.debug_aranges  0x00000000      0x338
 .debug_aranges
                0x00000000       0x30 ./Sources/FIFO.o
 .debug_aranges
                0x00000030       0x38 ./Sources/FTM.o
 .debug_aranges
                0x00000068       0x68 ./Sources/Flash.o
 .debug_aranges
                0x000000d0       0x38 ./Sources/LEDs.o
 .debug_aranges
                0x00000108       0x38 ./Sources/PIT.o
 .debug_aranges
                0x00000140       0x38 ./Sources/RTC.o
 .debug_aranges
                0x00000178       0x40 ./Sources/UART.o
 .debug_aranges
                0x000001b8       0xb0 ./Sources/main.o
 .debug_aranges
                0x00000268       0x30 ./Sources/packet.o
 .debug_aranges
                0x00000298       0x50 ./Project_Settings/Startup_Code/startup.o
 .debug_aranges
                0x000002e8       0x38 ./Generated_Code/Cpu.o
 .debug_aranges
                0x00000320       0x18 ./Generated_Code/Vectors.o

.debug_ranges   0x00000000      0x270
 .debug_ranges  0x00000000       0x20 ./Sources/FIFO.o
 .debug_ranges  0x00000020       0x28 ./Sources/FTM.o
 .debug_ranges  0x00000048       0x58 ./Sources/Flash.o
 .debug_ranges  0x000000a0       0x28 ./Sources/LEDs.o
 .debug_ranges  0x000000c8       0x28 ./Sources/PIT.o
 .debug_ranges  0x000000f0       0x28 ./Sources/RTC.o
 .debug_ranges  0x00000118       0x30 ./Sources/UART.o
 .debug_ranges  0x00000148       0xa0 ./Sources/main.o
 .debug_ranges  0x000001e8       0x20 ./Sources/packet.o
 .debug_ranges  0x00000208       0x40 ./Project_Settings/Startup_Code/startup.o
 .debug_ranges  0x00000248       0x28 ./Generated_Code/Cpu.o

.debug_macro    0x00000000    0x1a0dc
 .debug_macro   0x00000000       0xa2 ./Sources/FIFO.o
 .debug_macro   0x000000a2       0x22 ./Sources/FIFO.o
 .debug_macro   0x000000c4     0x1800 ./Sources/FIFO.o
 .debug_macro   0x000018c4       0x9c ./Sources/FTM.o
 .debug_macro   0x00001960       0xa1 ./Sources/Flash.o
 .debug_macro   0x00001a01       0x28 ./Sources/Flash.o
 .debug_macro   0x00001a29       0x72 ./Sources/LEDs.o
 .debug_macro   0x00001a9b       0x74 ./Sources/PIT.o
 .debug_macro   0x00001b0f       0x9c ./Sources/RTC.o
 .debug_macro   0x00001bab       0xb2 ./Sources/UART.o
 .debug_macro   0x00001c5d      0x135 ./Sources/main.o
 .debug_macro   0x00001d92       0x10 ./Sources/main.o
 .debug_macro   0x00001da2       0x3a ./Sources/main.o
 .debug_macro   0x00001ddc       0x2e ./Sources/main.o
 .debug_macro   0x00001e0a       0x6e ./Sources/packet.o
 .debug_macro   0x00001e78       0x34 ./Sources/packet.o
 .debug_macro   0x00001eac      0x121 ./Project_Settings/Startup_Code/startup.o
 .debug_macro   0x00001fcd       0x58 ./Project_Settings/Startup_Code/startup.o
 .debug_macro   0x00002025       0x35 ./Project_Settings/Startup_Code/startup.o
 .debug_macro   0x0000205a       0xa3 ./Project_Settings/Startup_Code/startup.o
 .debug_macro   0x000020fd      0x166 ./Project_Settings/Startup_Code/startup.o
 .debug_macro   0x00002263       0x4a ./Project_Settings/Startup_Code/startup.o
 .debug_macro   0x000022ad       0x52 ./Project_Settings/Startup_Code/startup.o
 .debug_macro   0x000022ff       0x16 ./Project_Settings/Startup_Code/startup.o
 .debug_macro   0x00002315       0x43 ./Project_Settings/Startup_Code/startup.o
 .debug_macro   0x00002358      0x180 ./Project_Settings/Startup_Code/startup.o
 .debug_macro   0x000024d8      0x2a6 ./Project_Settings/Startup_Code/startup.o
 .debug_macro   0x0000277e       0x10 ./Project_Settings/Startup_Code/startup.o
 .debug_macro   0x0000278e       0x35 ./Project_Settings/Startup_Code/startup.o
 .debug_macro   0x000027c3       0x16 ./Project_Settings/Startup_Code/startup.o
 .debug_macro   0x000027d9       0x22 ./Project_Settings/Startup_Code/startup.o
 .debug_macro   0x000027fb       0x16 ./Project_Settings/Startup_Code/startup.o
 .debug_macro   0x00002811      0x20f ./Project_Settings/Startup_Code/startup.o
 .debug_macro   0x00002a20    0x174af ./Project_Settings/Startup_Code/startup.o
 .debug_macro   0x00019ecf       0x9f ./Generated_Code/Cpu.o
 .debug_macro   0x00019f6e       0x94 ./Generated_Code/Cpu.o
 .debug_macro   0x0001a002       0xda ./Generated_Code/Vectors.o

.debug_line     0x00000000     0x2490
 .debug_line    0x00000000      0x2e2 ./Sources/FIFO.o
 .debug_line    0x000002e2      0x2de ./Sources/FTM.o
 .debug_line    0x000005c0      0x38a ./Sources/Flash.o
 .debug_line    0x0000094a      0x27d ./Sources/LEDs.o
 .debug_line    0x00000bc7      0x22e ./Sources/PIT.o
 .debug_line    0x00000df5      0x2c7 ./Sources/RTC.o
 .debug_line    0x000010bc      0x2ed ./Sources/UART.o
 .debug_line    0x000013a9      0x4d9 ./Sources/main.o
 .debug_line    0x00001882      0x1e2 ./Sources/packet.o
 .debug_line    0x00001a64      0x3ec ./Project_Settings/Startup_Code/startup.o
 .debug_line    0x00001e50      0x33d ./Generated_Code/Cpu.o
 .debug_line    0x0000218d      0x303 ./Generated_Code/Vectors.o

.debug_str      0x00000000    0x8ddc8
 .debug_str     0x00000000    0x8a555 ./Sources/FIFO.o
                              0x8a6cb (size before relaxing)
 .debug_str     0x0008a555      0x3d9 ./Sources/FTM.o
                              0x8aa2a (size before relaxing)
 .debug_str     0x0008a92e      0x3d4 ./Sources/Flash.o
                              0x8aa38 (size before relaxing)
 .debug_str     0x0008ad02       0xe9 ./Sources/LEDs.o
                              0x82f04 (size before relaxing)
 .debug_str     0x0008adeb      0x117 ./Sources/PIT.o
                              0x82fbc (size before relaxing)
 .debug_str     0x0008af02       0x88 ./Sources/RTC.o
                              0x8a833 (size before relaxing)
 .debug_str     0x0008af8a      0x134 ./Sources/UART.o
                              0x8a954 (size before relaxing)
 .debug_str     0x0008b0be      0x46c ./Sources/main.o
                              0x8ae21 (size before relaxing)
 .debug_str     0x0008b52a       0x36 ./Sources/packet.o
                               0x3271 (size before relaxing)
 .debug_str     0x0008b560     0x2663 ./Project_Settings/Startup_Code/startup.o
                              0x853fc (size before relaxing)
 .debug_str     0x0008dbc3      0x1e9 ./Generated_Code/Cpu.o
                              0x8a9d9 (size before relaxing)
 .debug_str     0x0008ddac       0x1c ./Generated_Code/Vectors.o
                              0x8a68d (size before relaxing)

.comment        0x00000000       0x70
 .comment       0x00000000       0x70 ./Sources/FIFO.o
                                 0x71 (size before relaxing)
 .comment       0x00000000       0x71 ./Sources/FTM.o
 .comment       0x00000000       0x71 ./Sources/Flash.o
 .comment       0x00000000       0x71 ./Sources/LEDs.o
 .comment       0x00000000       0x71 ./Sources/PIT.o
 .comment       0x00000000       0x71 ./Sources/RTC.o
 .comment       0x00000000       0x71 ./Sources/UART.o
 .comment       0x00000000       0x71 ./Sources/main.o
 .comment       0x00000000       0x71 ./Sources/packet.o
 .comment       0x00000000       0x71 ./Project_Settings/Startup_Code/startup.o
 .comment       0x00000000       0x71 ./Generated_Code/Cpu.o
 .comment       0x00000000       0x71 ./Generated_Code/Vectors.o

.debug_frame    0x00000000      0x8ec
 .debug_frame   0x00000000       0x64 ./Sources/FIFO.o
 .debug_frame   0x00000064       0x88 ./Sources/FTM.o
 .debug_frame   0x000000ec      0x13c ./Sources/Flash.o
 .debug_frame   0x00000228       0x7c ./Sources/LEDs.o
 .debug_frame   0x000002a4       0x90 ./Sources/PIT.o
 .debug_frame   0x00000334       0x90 ./Sources/RTC.o
 .debug_frame   0x000003c4       0xb0 ./Sources/UART.o
 .debug_frame   0x00000474      0x238 ./Sources/main.o
 .debug_frame   0x000006ac       0x6c ./Sources/packet.o
 .debug_frame   0x00000718       0xc0 ./Project_Settings/Startup_Code/startup.o
 .debug_frame   0x000007d8       0x80 ./Generated_Code/Cpu.o
 .debug_frame   0x00000858       0x28 c:/freescale/kds_3.0.0/toolchain/bin/../lib/gcc/arm-none-eabi/4.8.4/../../../../arm-none-eabi/lib/armv7e-m/fpu\libg_s.a(lib_a-exit.o)
 .debug_frame   0x00000880       0x2c c:/freescale/kds_3.0.0/toolchain/bin/../lib/gcc/arm-none-eabi/4.8.4/../../../../arm-none-eabi/lib/armv7e-m/fpu\libg_s.a(lib_a-init.o)
 .debug_frame   0x000008ac       0x20 c:/freescale/kds_3.0.0/toolchain/bin/../lib/gcc/arm-none-eabi/4.8.4/../../../../arm-none-eabi/lib/armv7e-m/fpu\libg_s.a(lib_a-memset.o)
 .debug_frame   0x000008cc       0x20 c:/freescale/kds_3.0.0/toolchain/bin/../lib/gcc/arm-none-eabi/4.8.4/../../../../arm-none-eabi/lib/armv7e-m/fpu\libnosys.a(_exit.o)
