Archive member included because of file (symbol)

c:/freescale/kds_3.0.0/toolchain/bin/../lib/gcc/arm-none-eabi/4.8.4/armv7e-m/fpu\libgcc.a(_arm_addsubdf3.o)
                              ./Sources/PIT.o (__aeabi_ui2d)
c:/freescale/kds_3.0.0/toolchain/bin/../lib/gcc/arm-none-eabi/4.8.4/armv7e-m/fpu\libgcc.a(_arm_muldivdf3.o)
                              ./Sources/PIT.o (__aeabi_ddiv)
c:/freescale/kds_3.0.0/toolchain/bin/../lib/gcc/arm-none-eabi/4.8.4/armv7e-m/fpu\libgcc.a(_arm_fixunsdfsi.o)
                              ./Sources/PIT.o (__aeabi_d2uiz)
c:/freescale/kds_3.0.0/toolchain/bin/../lib/gcc/arm-none-eabi/4.8.4/../../../../arm-none-eabi/lib/armv7e-m/fpu\libg_s.a(lib_a-exit.o)
                              c:/freescale/kds_3.0.0/toolchain/bin/../lib/gcc/arm-none-eabi/4.8.4/../../../../arm-none-eabi/lib/armv7e-m/fpu/crt0.o (exit)
c:/freescale/kds_3.0.0/toolchain/bin/../lib/gcc/arm-none-eabi/4.8.4/../../../../arm-none-eabi/lib/armv7e-m/fpu\libg_s.a(lib_a-impure.o)
                              c:/freescale/kds_3.0.0/toolchain/bin/../lib/gcc/arm-none-eabi/4.8.4/../../../../arm-none-eabi/lib/armv7e-m/fpu\libg_s.a(lib_a-exit.o) (_global_impure_ptr)
c:/freescale/kds_3.0.0/toolchain/bin/../lib/gcc/arm-none-eabi/4.8.4/../../../../arm-none-eabi/lib/armv7e-m/fpu\libg_s.a(lib_a-init.o)
                              c:/freescale/kds_3.0.0/toolchain/bin/../lib/gcc/arm-none-eabi/4.8.4/../../../../arm-none-eabi/lib/armv7e-m/fpu/crt0.o (__libc_init_array)
c:/freescale/kds_3.0.0/toolchain/bin/../lib/gcc/arm-none-eabi/4.8.4/../../../../arm-none-eabi/lib/armv7e-m/fpu\libg_s.a(lib_a-memset.o)
                              c:/freescale/kds_3.0.0/toolchain/bin/../lib/gcc/arm-none-eabi/4.8.4/../../../../arm-none-eabi/lib/armv7e-m/fpu/crt0.o (memset)
c:/freescale/kds_3.0.0/toolchain/bin/../lib/gcc/arm-none-eabi/4.8.4/../../../../arm-none-eabi/lib/armv7e-m/fpu\libnosys.a(_exit.o)
                              c:/freescale/kds_3.0.0/toolchain/bin/../lib/gcc/arm-none-eabi/4.8.4/../../../../arm-none-eabi/lib/armv7e-m/fpu\libg_s.a(lib_a-exit.o) (_exit)

Allocating common symbols
Common symbol       size              file

Packet              0x5               ./Sources/packet.o
SR_reg              0x1               ./Generated_Code/Cpu.o
AccelDataBuffer     0xd               ./Sources/main.o

Discarded input sections

 .text          0x00000000        0x0 c:/freescale/kds_3.0.0/toolchain/bin/../lib/gcc/arm-none-eabi/4.8.4/armv7e-m/fpu/crti.o
 .data          0x00000000        0x0 c:/freescale/kds_3.0.0/toolchain/bin/../lib/gcc/arm-none-eabi/4.8.4/armv7e-m/fpu/crti.o
 .bss           0x00000000        0x0 c:/freescale/kds_3.0.0/toolchain/bin/../lib/gcc/arm-none-eabi/4.8.4/armv7e-m/fpu/crti.o
 .data          0x00000000        0x4 c:/freescale/kds_3.0.0/toolchain/bin/../lib/gcc/arm-none-eabi/4.8.4/armv7e-m/fpu/crtbegin.o
 .data          0x00000000        0x0 c:/freescale/kds_3.0.0/toolchain/bin/../lib/gcc/arm-none-eabi/4.8.4/../../../../arm-none-eabi/lib/armv7e-m/fpu/crt0.o
 .bss           0x00000000        0x0 c:/freescale/kds_3.0.0/toolchain/bin/../lib/gcc/arm-none-eabi/4.8.4/../../../../arm-none-eabi/lib/armv7e-m/fpu/crt0.o
 .ARM.extab     0x00000000        0x0 c:/freescale/kds_3.0.0/toolchain/bin/../lib/gcc/arm-none-eabi/4.8.4/../../../../arm-none-eabi/lib/armv7e-m/fpu/crt0.o
 .group         0x00000000        0x8 ./Sources/Events.o
 .group         0x00000000        0x8 ./Sources/Events.o
 .group         0x00000000        0x8 ./Sources/Events.o
 .group         0x00000000        0x8 ./Sources/Events.o
 .group         0x00000000        0x8 ./Sources/Events.o
 .group         0x00000000        0x8 ./Sources/Events.o
 .group         0x00000000        0x8 ./Sources/Events.o
 .group         0x00000000        0x8 ./Sources/Events.o
 .group         0x00000000        0x8 ./Sources/Events.o
 .text          0x00000000        0x0 ./Sources/Events.o
 .data          0x00000000        0x0 ./Sources/Events.o
 .bss           0x00000000        0x0 ./Sources/Events.o
 .debug_info    0x00000000       0x7d ./Sources/Events.o
 .debug_abbrev  0x00000000       0x29 ./Sources/Events.o
 .debug_aranges
                0x00000000       0x18 ./Sources/Events.o
 .debug_macro   0x00000000       0x9f ./Sources/Events.o
 .debug_macro   0x00000000      0x850 ./Sources/Events.o
 .debug_macro   0x00000000       0x16 ./Sources/Events.o
 .debug_macro   0x00000000       0x44 ./Sources/Events.o
 .debug_macro   0x00000000      0x209 ./Sources/Events.o
 .debug_macro   0x00000000     0x17fa ./Sources/Events.o
 .debug_macro   0x00000000      0x14e ./Sources/Events.o
 .debug_macro   0x00000000       0x64 ./Sources/Events.o
 .debug_macro   0x00000000    0x174c1 ./Sources/Events.o
 .debug_macro   0x00000000       0x8e ./Sources/Events.o
 .debug_line    0x00000000      0x254 ./Sources/Events.o
 .debug_str     0x00000000    0x8a5d1 ./Sources/Events.o
 .comment       0x00000000       0x71 ./Sources/Events.o
 .ARM.attributes
                0x00000000       0x39 ./Sources/Events.o
 .group         0x00000000        0x8 ./Sources/FIFO.o
 .group         0x00000000        0x8 ./Sources/FIFO.o
 .group         0x00000000        0x8 ./Sources/FIFO.o
 .group         0x00000000        0x8 ./Sources/FIFO.o
 .group         0x00000000        0x8 ./Sources/FIFO.o
 .group         0x00000000        0x8 ./Sources/FIFO.o
 .group         0x00000000        0x8 ./Sources/FIFO.o
 .group         0x00000000        0x8 ./Sources/FIFO.o
 .group         0x00000000        0x8 ./Sources/FIFO.o
 .group         0x00000000        0x8 ./Sources/FIFO.o
 .text          0x00000000        0x0 ./Sources/FIFO.o
 .data          0x00000000        0x0 ./Sources/FIFO.o
 .bss           0x00000000        0x0 ./Sources/FIFO.o
 .rodata.FIRST_INDEX
                0x00000000        0x4 ./Sources/FIFO.o
 .rodata.LAST_INDEX
                0x00000000        0x4 ./Sources/FIFO.o
 .debug_macro   0x00000000      0x850 ./Sources/FIFO.o
 .debug_macro   0x00000000       0x16 ./Sources/FIFO.o
 .debug_macro   0x00000000       0x44 ./Sources/FIFO.o
 .debug_macro   0x00000000      0x209 ./Sources/FIFO.o
 .debug_macro   0x00000000      0x14e ./Sources/FIFO.o
 .debug_macro   0x00000000       0x64 ./Sources/FIFO.o
 .debug_macro   0x00000000    0x174c1 ./Sources/FIFO.o
 .debug_macro   0x00000000       0x8e ./Sources/FIFO.o
 .group         0x00000000        0x8 ./Sources/FTM.o
 .group         0x00000000        0x8 ./Sources/FTM.o
 .group         0x00000000        0x8 ./Sources/FTM.o
 .group         0x00000000        0x8 ./Sources/FTM.o
 .group         0x00000000        0x8 ./Sources/FTM.o
 .group         0x00000000        0x8 ./Sources/FTM.o
 .group         0x00000000        0x8 ./Sources/FTM.o
 .group         0x00000000        0x8 ./Sources/FTM.o
 .group         0x00000000        0x8 ./Sources/FTM.o
 .group         0x00000000        0x8 ./Sources/FTM.o
 .text          0x00000000        0x0 ./Sources/FTM.o
 .data          0x00000000        0x0 ./Sources/FTM.o
 .bss           0x00000000        0x0 ./Sources/FTM.o
 .rodata.COUNT_RESET
                0x00000000        0x1 ./Sources/FTM.o
 .rodata.FIXED_FREQ_CLK
                0x00000000        0x4 ./Sources/FTM.o
 .debug_macro   0x00000000      0x850 ./Sources/FTM.o
 .debug_macro   0x00000000       0x16 ./Sources/FTM.o
 .debug_macro   0x00000000       0x44 ./Sources/FTM.o
 .debug_macro   0x00000000      0x209 ./Sources/FTM.o
 .debug_macro   0x00000000       0x22 ./Sources/FTM.o
 .debug_macro   0x00000000     0x1800 ./Sources/FTM.o
 .debug_macro   0x00000000      0x14e ./Sources/FTM.o
 .debug_macro   0x00000000       0x64 ./Sources/FTM.o
 .debug_macro   0x00000000    0x174c1 ./Sources/FTM.o
 .debug_macro   0x00000000       0x8e ./Sources/FTM.o
 .group         0x00000000        0x8 ./Sources/Flash.o
 .group         0x00000000        0x8 ./Sources/Flash.o
 .group         0x00000000        0x8 ./Sources/Flash.o
 .group         0x00000000        0x8 ./Sources/Flash.o
 .group         0x00000000        0x8 ./Sources/Flash.o
 .group         0x00000000        0x8 ./Sources/Flash.o
 .group         0x00000000        0x8 ./Sources/Flash.o
 .group         0x00000000        0x8 ./Sources/Flash.o
 .group         0x00000000        0x8 ./Sources/Flash.o
 .group         0x00000000        0x8 ./Sources/Flash.o
 .group         0x00000000        0x8 ./Sources/Flash.o
 .text          0x00000000        0x0 ./Sources/Flash.o
 .data          0x00000000        0x0 ./Sources/Flash.o
 .bss           0x00000000        0x0 ./Sources/Flash.o
 .debug_macro   0x00000000      0x850 ./Sources/Flash.o
 .debug_macro   0x00000000       0x16 ./Sources/Flash.o
 .debug_macro   0x00000000       0x44 ./Sources/Flash.o
 .debug_macro   0x00000000      0x209 ./Sources/Flash.o
 .debug_macro   0x00000000       0x22 ./Sources/Flash.o
 .debug_macro   0x00000000     0x1800 ./Sources/Flash.o
 .debug_macro   0x00000000      0x14e ./Sources/Flash.o
 .debug_macro   0x00000000       0x64 ./Sources/Flash.o
 .debug_macro   0x00000000    0x174c1 ./Sources/Flash.o
 .debug_macro   0x00000000       0x8e ./Sources/Flash.o
 .group         0x00000000        0x8 ./Sources/I2C.o
 .group         0x00000000        0x8 ./Sources/I2C.o
 .group         0x00000000        0x8 ./Sources/I2C.o
 .group         0x00000000        0x8 ./Sources/I2C.o
 .group         0x00000000        0x8 ./Sources/I2C.o
 .group         0x00000000        0x8 ./Sources/I2C.o
 .group         0x00000000        0x8 ./Sources/I2C.o
 .group         0x00000000        0x8 ./Sources/I2C.o
 .group         0x00000000        0x8 ./Sources/I2C.o
 .group         0x00000000        0x8 ./Sources/I2C.o
 .text          0x00000000        0x0 ./Sources/I2C.o
 .data          0x00000000        0x0 ./Sources/I2C.o
 .bss           0x00000000        0x0 ./Sources/I2C.o
 .debug_macro   0x00000000      0x850 ./Sources/I2C.o
 .debug_macro   0x00000000       0x16 ./Sources/I2C.o
 .debug_macro   0x00000000       0x44 ./Sources/I2C.o
 .debug_macro   0x00000000      0x209 ./Sources/I2C.o
 .debug_macro   0x00000000       0x22 ./Sources/I2C.o
 .debug_macro   0x00000000     0x1800 ./Sources/I2C.o
 .debug_macro   0x00000000      0x14e ./Sources/I2C.o
 .debug_macro   0x00000000       0x64 ./Sources/I2C.o
 .debug_macro   0x00000000    0x174c1 ./Sources/I2C.o
 .debug_macro   0x00000000       0x8e ./Sources/I2C.o
 .group         0x00000000        0x8 ./Sources/LEDs.o
 .group         0x00000000        0x8 ./Sources/LEDs.o
 .group         0x00000000        0x8 ./Sources/LEDs.o
 .group         0x00000000        0x8 ./Sources/LEDs.o
 .group         0x00000000        0x8 ./Sources/LEDs.o
 .group         0x00000000        0x8 ./Sources/LEDs.o
 .text          0x00000000        0x0 ./Sources/LEDs.o
 .data          0x00000000        0x0 ./Sources/LEDs.o
 .bss           0x00000000        0x0 ./Sources/LEDs.o
 .debug_macro   0x00000000      0x850 ./Sources/LEDs.o
 .debug_macro   0x00000000       0x16 ./Sources/LEDs.o
 .debug_macro   0x00000000       0x44 ./Sources/LEDs.o
 .debug_macro   0x00000000      0x209 ./Sources/LEDs.o
 .debug_macro   0x00000000       0x22 ./Sources/LEDs.o
 .debug_macro   0x00000000    0x174c1 ./Sources/LEDs.o
 .group         0x00000000        0x8 ./Sources/PIT.o
 .group         0x00000000        0x8 ./Sources/PIT.o
 .group         0x00000000        0x8 ./Sources/PIT.o
 .group         0x00000000        0x8 ./Sources/PIT.o
 .group         0x00000000        0x8 ./Sources/PIT.o
 .group         0x00000000        0x8 ./Sources/PIT.o
 .text          0x00000000        0x0 ./Sources/PIT.o
 .data          0x00000000        0x0 ./Sources/PIT.o
 .bss           0x00000000        0x0 ./Sources/PIT.o
 .debug_macro   0x00000000      0x850 ./Sources/PIT.o
 .debug_macro   0x00000000       0x16 ./Sources/PIT.o
 .debug_macro   0x00000000       0x44 ./Sources/PIT.o
 .debug_macro   0x00000000      0x209 ./Sources/PIT.o
 .debug_macro   0x00000000       0x22 ./Sources/PIT.o
 .debug_macro   0x00000000    0x174c1 ./Sources/PIT.o
 .group         0x00000000        0x8 ./Sources/RTC.o
 .group         0x00000000        0x8 ./Sources/RTC.o
 .group         0x00000000        0x8 ./Sources/RTC.o
 .group         0x00000000        0x8 ./Sources/RTC.o
 .group         0x00000000        0x8 ./Sources/RTC.o
 .group         0x00000000        0x8 ./Sources/RTC.o
 .group         0x00000000        0x8 ./Sources/RTC.o
 .group         0x00000000        0x8 ./Sources/RTC.o
 .group         0x00000000        0x8 ./Sources/RTC.o
 .group         0x00000000        0x8 ./Sources/RTC.o
 .text          0x00000000        0x0 ./Sources/RTC.o
 .data          0x00000000        0x0 ./Sources/RTC.o
 .bss           0x00000000        0x0 ./Sources/RTC.o
 .debug_macro   0x00000000      0x850 ./Sources/RTC.o
 .debug_macro   0x00000000       0x16 ./Sources/RTC.o
 .debug_macro   0x00000000       0x44 ./Sources/RTC.o
 .debug_macro   0x00000000      0x209 ./Sources/RTC.o
 .debug_macro   0x00000000       0x22 ./Sources/RTC.o
 .debug_macro   0x00000000     0x1800 ./Sources/RTC.o
 .debug_macro   0x00000000      0x14e ./Sources/RTC.o
 .debug_macro   0x00000000       0x64 ./Sources/RTC.o
 .debug_macro   0x00000000    0x174c1 ./Sources/RTC.o
 .debug_macro   0x00000000       0x8e ./Sources/RTC.o
 .group         0x00000000        0x8 ./Sources/UART.o
 .group         0x00000000        0x8 ./Sources/UART.o
 .group         0x00000000        0x8 ./Sources/UART.o
 .group         0x00000000        0x8 ./Sources/UART.o
 .group         0x00000000        0x8 ./Sources/UART.o
 .group         0x00000000        0x8 ./Sources/UART.o
 .group         0x00000000        0x8 ./Sources/UART.o
 .group         0x00000000        0x8 ./Sources/UART.o
 .group         0x00000000        0x8 ./Sources/UART.o
 .group         0x00000000        0x8 ./Sources/UART.o
 .text          0x00000000        0x0 ./Sources/UART.o
 .data          0x00000000        0x0 ./Sources/UART.o
 .bss           0x00000000        0x0 ./Sources/UART.o
 .text.UART_Poll
                0x00000000       0x48 ./Sources/UART.o
 .debug_macro   0x00000000      0x850 ./Sources/UART.o
 .debug_macro   0x00000000       0x16 ./Sources/UART.o
 .debug_macro   0x00000000       0x44 ./Sources/UART.o
 .debug_macro   0x00000000      0x209 ./Sources/UART.o
 .debug_macro   0x00000000       0x22 ./Sources/UART.o
 .debug_macro   0x00000000     0x1800 ./Sources/UART.o
 .debug_macro   0x00000000      0x14e ./Sources/UART.o
 .debug_macro   0x00000000       0x64 ./Sources/UART.o
 .debug_macro   0x00000000    0x174c1 ./Sources/UART.o
 .debug_macro   0x00000000       0x8e ./Sources/UART.o
 .group         0x00000000        0x8 ./Sources/accel.o
 .group         0x00000000        0x8 ./Sources/accel.o
 .group         0x00000000        0x8 ./Sources/accel.o
 .group         0x00000000        0x8 ./Sources/accel.o
 .group         0x00000000        0x8 ./Sources/accel.o
 .group         0x00000000        0x8 ./Sources/accel.o
 .group         0x00000000        0x8 ./Sources/accel.o
 .group         0x00000000        0x8 ./Sources/accel.o
 .group         0x00000000        0x8 ./Sources/accel.o
 .group         0x00000000        0x8 ./Sources/accel.o
 .group         0x00000000        0x8 ./Sources/accel.o
 .text          0x00000000        0x0 ./Sources/accel.o
 .data          0x00000000        0x0 ./Sources/accel.o
 .bss           0x00000000        0x0 ./Sources/accel.o
 .bss.INT_SOURCE_Union
                0x00000000        0x4 ./Sources/accel.o
 .debug_macro   0x00000000      0x850 ./Sources/accel.o
 .debug_macro   0x00000000       0x16 ./Sources/accel.o
 .debug_macro   0x00000000       0x44 ./Sources/accel.o
 .debug_macro   0x00000000      0x209 ./Sources/accel.o
 .debug_macro   0x00000000       0x22 ./Sources/accel.o
 .debug_macro   0x00000000    0x174c1 ./Sources/accel.o
 .debug_macro   0x00000000     0x1800 ./Sources/accel.o
 .debug_macro   0x00000000      0x14e ./Sources/accel.o
 .debug_macro   0x00000000       0x64 ./Sources/accel.o
 .group         0x00000000        0x8 ./Sources/main.o
 .group         0x00000000        0x8 ./Sources/main.o
 .group         0x00000000        0x8 ./Sources/main.o
 .group         0x00000000        0x8 ./Sources/main.o
 .group         0x00000000        0x8 ./Sources/main.o
 .group         0x00000000        0x8 ./Sources/main.o
 .group         0x00000000        0x8 ./Sources/main.o
 .group         0x00000000        0x8 ./Sources/main.o
 .group         0x00000000        0x8 ./Sources/main.o
 .group         0x00000000        0x8 ./Sources/main.o
 .group         0x00000000        0x8 ./Sources/main.o
 .group         0x00000000        0x8 ./Sources/main.o
 .group         0x00000000        0x8 ./Sources/main.o
 .group         0x00000000        0x8 ./Sources/main.o
 .text          0x00000000        0x0 ./Sources/main.o
 .data          0x00000000        0x0 ./Sources/main.o
 .bss           0x00000000        0x0 ./Sources/main.o
 .rodata.BAUD_RATE
                0x00000000        0x4 ./Sources/main.o
 .rodata.Timer0Period
                0x00000000        0x4 ./Sources/main.o
 .debug_macro   0x00000000      0x850 ./Sources/main.o
 .debug_macro   0x00000000       0x22 ./Sources/main.o
 .debug_macro   0x00000000       0x16 ./Sources/main.o
 .debug_macro   0x00000000       0x44 ./Sources/main.o
 .debug_macro   0x00000000      0x209 ./Sources/main.o
 .debug_macro   0x00000000     0x17fa ./Sources/main.o
 .debug_macro   0x00000000      0x14e ./Sources/main.o
 .debug_macro   0x00000000       0x64 ./Sources/main.o
 .debug_macro   0x00000000    0x174c1 ./Sources/main.o
 .debug_macro   0x00000000       0x8e ./Sources/main.o
 .group         0x00000000        0x8 ./Sources/median.o
 .group         0x00000000        0x8 ./Sources/median.o
 .group         0x00000000        0x8 ./Sources/median.o
 .group         0x00000000        0x8 ./Sources/median.o
 .group         0x00000000        0x8 ./Sources/median.o
 .text          0x00000000        0x0 ./Sources/median.o
 .data          0x00000000        0x0 ./Sources/median.o
 .bss           0x00000000        0x0 ./Sources/median.o
 .debug_macro   0x00000000      0x850 ./Sources/median.o
 .debug_macro   0x00000000       0x16 ./Sources/median.o
 .debug_macro   0x00000000       0x44 ./Sources/median.o
 .debug_macro   0x00000000      0x209 ./Sources/median.o
 .debug_macro   0x00000000       0x22 ./Sources/median.o
 .group         0x00000000        0x8 ./Sources/packet.o
 .group         0x00000000        0x8 ./Sources/packet.o
 .group         0x00000000        0x8 ./Sources/packet.o
 .group         0x00000000        0x8 ./Sources/packet.o
 .group         0x00000000        0x8 ./Sources/packet.o
 .group         0x00000000        0x8 ./Sources/packet.o
 .text          0x00000000        0x0 ./Sources/packet.o
 .data          0x00000000        0x0 ./Sources/packet.o
 .bss           0x00000000        0x0 ./Sources/packet.o
 .debug_macro   0x00000000      0x850 ./Sources/packet.o
 .debug_macro   0x00000000       0x16 ./Sources/packet.o
 .debug_macro   0x00000000       0x44 ./Sources/packet.o
 .debug_macro   0x00000000      0x209 ./Sources/packet.o
 .debug_macro   0x00000000       0x22 ./Sources/packet.o
 .group         0x00000000        0x8 ./Project_Settings/Startup_Code/startup.o
 .group         0x00000000        0x8 ./Project_Settings/Startup_Code/startup.o
 .group         0x00000000        0x8 ./Project_Settings/Startup_Code/startup.o
 .group         0x00000000        0x8 ./Project_Settings/Startup_Code/startup.o
 .group         0x00000000        0x8 ./Project_Settings/Startup_Code/startup.o
 .group         0x00000000        0x8 ./Project_Settings/Startup_Code/startup.o
 .group         0x00000000        0x8 ./Project_Settings/Startup_Code/startup.o
 .group         0x00000000        0x8 ./Project_Settings/Startup_Code/startup.o
 .group         0x00000000        0x8 ./Project_Settings/Startup_Code/startup.o
 .group         0x00000000        0x8 ./Project_Settings/Startup_Code/startup.o
 .group         0x00000000        0x8 ./Project_Settings/Startup_Code/startup.o
 .group         0x00000000        0x8 ./Project_Settings/Startup_Code/startup.o
 .group         0x00000000        0x8 ./Project_Settings/Startup_Code/startup.o
 .group         0x00000000        0x8 ./Project_Settings/Startup_Code/startup.o
 .group         0x00000000        0x8 ./Project_Settings/Startup_Code/startup.o
 .group         0x00000000        0x8 ./Project_Settings/Startup_Code/startup.o
 .group         0x00000000        0x8 ./Project_Settings/Startup_Code/startup.o
 .group         0x00000000        0x8 ./Project_Settings/Startup_Code/startup.o
 .group         0x00000000        0x8 ./Project_Settings/Startup_Code/startup.o
 .text          0x00000000        0x0 ./Project_Settings/Startup_Code/startup.o
 .data          0x00000000        0x0 ./Project_Settings/Startup_Code/startup.o
 .bss           0x00000000        0x0 ./Project_Settings/Startup_Code/startup.o
 .text.__init_hardware
                0x00000000        0xc ./Project_Settings/Startup_Code/startup.o
 .text.__iar_program_start
                0x00000000        0xc ./Project_Settings/Startup_Code/startup.o
 .debug_macro   0x00000000      0x850 ./Project_Settings/Startup_Code/startup.o
 .debug_macro   0x00000000       0x16 ./Project_Settings/Startup_Code/startup.o
 .group         0x00000000        0x8 ./Generated_Code/Cpu.o
 .group         0x00000000        0x8 ./Generated_Code/Cpu.o
 .group         0x00000000        0x8 ./Generated_Code/Cpu.o
 .group         0x00000000        0x8 ./Generated_Code/Cpu.o
 .group         0x00000000        0x8 ./Generated_Code/Cpu.o
 .group         0x00000000        0x8 ./Generated_Code/Cpu.o
 .group         0x00000000        0x8 ./Generated_Code/Cpu.o
 .group         0x00000000        0x8 ./Generated_Code/Cpu.o
 .group         0x00000000        0x8 ./Generated_Code/Cpu.o
 .text          0x00000000        0x0 ./Generated_Code/Cpu.o
 .data          0x00000000        0x0 ./Generated_Code/Cpu.o
 .bss           0x00000000        0x0 ./Generated_Code/Cpu.o
 .debug_macro   0x00000000      0x850 ./Generated_Code/Cpu.o
 .debug_macro   0x00000000       0x16 ./Generated_Code/Cpu.o
 .debug_macro   0x00000000       0x44 ./Generated_Code/Cpu.o
 .debug_macro   0x00000000      0x209 ./Generated_Code/Cpu.o
 .debug_macro   0x00000000     0x17fa ./Generated_Code/Cpu.o
 .debug_macro   0x00000000      0x14e ./Generated_Code/Cpu.o
 .debug_macro   0x00000000       0x64 ./Generated_Code/Cpu.o
 .debug_macro   0x00000000    0x174c1 ./Generated_Code/Cpu.o
 .group         0x00000000        0x8 ./Generated_Code/PE_LDD.o
 .group         0x00000000        0x8 ./Generated_Code/PE_LDD.o
 .group         0x00000000        0x8 ./Generated_Code/PE_LDD.o
 .group         0x00000000        0x8 ./Generated_Code/PE_LDD.o
 .group         0x00000000        0x8 ./Generated_Code/PE_LDD.o
 .group         0x00000000        0x8 ./Generated_Code/PE_LDD.o
 .group         0x00000000        0x8 ./Generated_Code/PE_LDD.o
 .group         0x00000000        0x8 ./Generated_Code/PE_LDD.o
 .group         0x00000000        0x8 ./Generated_Code/PE_LDD.o
 .text          0x00000000        0x0 ./Generated_Code/PE_LDD.o
 .data          0x00000000        0x0 ./Generated_Code/PE_LDD.o
 .bss           0x00000000        0x0 ./Generated_Code/PE_LDD.o
 .rodata.PE_CpuClockConfigurations
                0x00000000       0x28 ./Generated_Code/PE_LDD.o
 .text.PE_FillMemory
                0x00000000       0x24 ./Generated_Code/PE_LDD.o
 .text.PE_PeripheralUsed
                0x00000000       0x18 ./Generated_Code/PE_LDD.o
 .text.LDD_SetClockConfiguration
                0x00000000       0x14 ./Generated_Code/PE_LDD.o
 .debug_info    0x00000000      0x215 ./Generated_Code/PE_LDD.o
 .debug_abbrev  0x00000000       0xf3 ./Generated_Code/PE_LDD.o
 .debug_aranges
                0x00000000       0x30 ./Generated_Code/PE_LDD.o
 .debug_ranges  0x00000000       0x20 ./Generated_Code/PE_LDD.o
 .debug_macro   0x00000000       0x8f ./Generated_Code/PE_LDD.o
 .debug_macro   0x00000000      0x850 ./Generated_Code/PE_LDD.o
 .debug_macro   0x00000000       0x16 ./Generated_Code/PE_LDD.o
 .debug_macro   0x00000000       0x44 ./Generated_Code/PE_LDD.o
 .debug_macro   0x00000000      0x209 ./Generated_Code/PE_LDD.o
 .debug_macro   0x00000000     0x17fa ./Generated_Code/PE_LDD.o
 .debug_macro   0x00000000      0x14e ./Generated_Code/PE_LDD.o
 .debug_macro   0x00000000       0x64 ./Generated_Code/PE_LDD.o
 .debug_macro   0x00000000    0x174c1 ./Generated_Code/PE_LDD.o
 .debug_macro   0x00000000       0x8e ./Generated_Code/PE_LDD.o
 .debug_line    0x00000000      0x24e ./Generated_Code/PE_LDD.o
 .debug_str     0x00000000    0x8a766 ./Generated_Code/PE_LDD.o
 .comment       0x00000000       0x71 ./Generated_Code/PE_LDD.o
 .ARM.attributes
                0x00000000       0x39 ./Generated_Code/PE_LDD.o
 .debug_frame   0x00000000       0x64 ./Generated_Code/PE_LDD.o
 .group         0x00000000        0x8 ./Generated_Code/Vectors.o
 .group         0x00000000        0x8 ./Generated_Code/Vectors.o
 .group         0x00000000        0x8 ./Generated_Code/Vectors.o
 .group         0x00000000        0x8 ./Generated_Code/Vectors.o
 .group         0x00000000        0x8 ./Generated_Code/Vectors.o
 .group         0x00000000        0x8 ./Generated_Code/Vectors.o
 .group         0x00000000        0x8 ./Generated_Code/Vectors.o
 .group         0x00000000        0x8 ./Generated_Code/Vectors.o
 .group         0x00000000        0x8 ./Generated_Code/Vectors.o
 .group         0x00000000        0x8 ./Generated_Code/Vectors.o
 .group         0x00000000        0x8 ./Generated_Code/Vectors.o
 .text          0x00000000        0x0 ./Generated_Code/Vectors.o
 .data          0x00000000        0x0 ./Generated_Code/Vectors.o
 .bss           0x00000000        0x0 ./Generated_Code/Vectors.o
 .debug_macro   0x00000000      0x850 ./Generated_Code/Vectors.o
 .debug_macro   0x00000000       0x16 ./Generated_Code/Vectors.o
 .debug_macro   0x00000000       0x44 ./Generated_Code/Vectors.o
 .debug_macro   0x00000000      0x209 ./Generated_Code/Vectors.o
 .debug_macro   0x00000000     0x17fa ./Generated_Code/Vectors.o
 .debug_macro   0x00000000      0x14e ./Generated_Code/Vectors.o
 .debug_macro   0x00000000       0x64 ./Generated_Code/Vectors.o
 .debug_macro   0x00000000    0x174c1 ./Generated_Code/Vectors.o
 .debug_macro   0x00000000       0x8e ./Generated_Code/Vectors.o
 .debug_macro   0x00000000       0x22 ./Generated_Code/Vectors.o
 .debug_macro   0x00000000       0x64 ./Generated_Code/Vectors.o
 .data          0x00000000        0x0 c:/freescale/kds_3.0.0/toolchain/bin/../lib/gcc/arm-none-eabi/4.8.4/armv7e-m/fpu\libgcc.a(_arm_addsubdf3.o)
 .bss           0x00000000        0x0 c:/freescale/kds_3.0.0/toolchain/bin/../lib/gcc/arm-none-eabi/4.8.4/armv7e-m/fpu\libgcc.a(_arm_addsubdf3.o)
 .data          0x00000000        0x0 c:/freescale/kds_3.0.0/toolchain/bin/../lib/gcc/arm-none-eabi/4.8.4/armv7e-m/fpu\libgcc.a(_arm_muldivdf3.o)
 .bss           0x00000000        0x0 c:/freescale/kds_3.0.0/toolchain/bin/../lib/gcc/arm-none-eabi/4.8.4/armv7e-m/fpu\libgcc.a(_arm_muldivdf3.o)
 .data          0x00000000        0x0 c:/freescale/kds_3.0.0/toolchain/bin/../lib/gcc/arm-none-eabi/4.8.4/armv7e-m/fpu\libgcc.a(_arm_fixunsdfsi.o)
 .bss           0x00000000        0x0 c:/freescale/kds_3.0.0/toolchain/bin/../lib/gcc/arm-none-eabi/4.8.4/armv7e-m/fpu\libgcc.a(_arm_fixunsdfsi.o)
 .text          0x00000000        0x0 c:/freescale/kds_3.0.0/toolchain/bin/../lib/gcc/arm-none-eabi/4.8.4/../../../../arm-none-eabi/lib/armv7e-m/fpu\libg_s.a(lib_a-exit.o)
 .data          0x00000000        0x0 c:/freescale/kds_3.0.0/toolchain/bin/../lib/gcc/arm-none-eabi/4.8.4/../../../../arm-none-eabi/lib/armv7e-m/fpu\libg_s.a(lib_a-exit.o)
 .bss           0x00000000        0x0 c:/freescale/kds_3.0.0/toolchain/bin/../lib/gcc/arm-none-eabi/4.8.4/../../../../arm-none-eabi/lib/armv7e-m/fpu\libg_s.a(lib_a-exit.o)
 .text          0x00000000        0x0 c:/freescale/kds_3.0.0/toolchain/bin/../lib/gcc/arm-none-eabi/4.8.4/../../../../arm-none-eabi/lib/armv7e-m/fpu\libg_s.a(lib_a-impure.o)
 .data          0x00000000        0x0 c:/freescale/kds_3.0.0/toolchain/bin/../lib/gcc/arm-none-eabi/4.8.4/../../../../arm-none-eabi/lib/armv7e-m/fpu\libg_s.a(lib_a-impure.o)
 .bss           0x00000000        0x0 c:/freescale/kds_3.0.0/toolchain/bin/../lib/gcc/arm-none-eabi/4.8.4/../../../../arm-none-eabi/lib/armv7e-m/fpu\libg_s.a(lib_a-impure.o)
 .data._impure_ptr
                0x00000000        0x4 c:/freescale/kds_3.0.0/toolchain/bin/../lib/gcc/arm-none-eabi/4.8.4/../../../../arm-none-eabi/lib/armv7e-m/fpu\libg_s.a(lib_a-impure.o)
 .text          0x00000000        0x0 c:/freescale/kds_3.0.0/toolchain/bin/../lib/gcc/arm-none-eabi/4.8.4/../../../../arm-none-eabi/lib/armv7e-m/fpu\libg_s.a(lib_a-init.o)
 .data          0x00000000        0x0 c:/freescale/kds_3.0.0/toolchain/bin/../lib/gcc/arm-none-eabi/4.8.4/../../../../arm-none-eabi/lib/armv7e-m/fpu\libg_s.a(lib_a-init.o)
 .bss           0x00000000        0x0 c:/freescale/kds_3.0.0/toolchain/bin/../lib/gcc/arm-none-eabi/4.8.4/../../../../arm-none-eabi/lib/armv7e-m/fpu\libg_s.a(lib_a-init.o)
 .text          0x00000000        0x0 c:/freescale/kds_3.0.0/toolchain/bin/../lib/gcc/arm-none-eabi/4.8.4/../../../../arm-none-eabi/lib/armv7e-m/fpu\libg_s.a(lib_a-memset.o)
 .data          0x00000000        0x0 c:/freescale/kds_3.0.0/toolchain/bin/../lib/gcc/arm-none-eabi/4.8.4/../../../../arm-none-eabi/lib/armv7e-m/fpu\libg_s.a(lib_a-memset.o)
 .bss           0x00000000        0x0 c:/freescale/kds_3.0.0/toolchain/bin/../lib/gcc/arm-none-eabi/4.8.4/../../../../arm-none-eabi/lib/armv7e-m/fpu\libg_s.a(lib_a-memset.o)
 .text          0x00000000        0x0 c:/freescale/kds_3.0.0/toolchain/bin/../lib/gcc/arm-none-eabi/4.8.4/../../../../arm-none-eabi/lib/armv7e-m/fpu\libnosys.a(_exit.o)
 .data          0x00000000        0x0 c:/freescale/kds_3.0.0/toolchain/bin/../lib/gcc/arm-none-eabi/4.8.4/../../../../arm-none-eabi/lib/armv7e-m/fpu\libnosys.a(_exit.o)
 .bss           0x00000000        0x0 c:/freescale/kds_3.0.0/toolchain/bin/../lib/gcc/arm-none-eabi/4.8.4/../../../../arm-none-eabi/lib/armv7e-m/fpu\libnosys.a(_exit.o)
 .text          0x00000000        0x0 c:/freescale/kds_3.0.0/toolchain/bin/../lib/gcc/arm-none-eabi/4.8.4/armv7e-m/fpu/crtend.o
 .data          0x00000000        0x0 c:/freescale/kds_3.0.0/toolchain/bin/../lib/gcc/arm-none-eabi/4.8.4/armv7e-m/fpu/crtend.o
 .bss           0x00000000        0x0 c:/freescale/kds_3.0.0/toolchain/bin/../lib/gcc/arm-none-eabi/4.8.4/armv7e-m/fpu/crtend.o
 .eh_frame      0x00000000        0x4 c:/freescale/kds_3.0.0/toolchain/bin/../lib/gcc/arm-none-eabi/4.8.4/armv7e-m/fpu/crtend.o
 .jcr           0x00000000        0x4 c:/freescale/kds_3.0.0/toolchain/bin/../lib/gcc/arm-none-eabi/4.8.4/armv7e-m/fpu/crtend.o
 .ARM.attributes
                0x00000000       0x34 c:/freescale/kds_3.0.0/toolchain/bin/../lib/gcc/arm-none-eabi/4.8.4/armv7e-m/fpu/crtend.o
 .text          0x00000000        0x0 c:/freescale/kds_3.0.0/toolchain/bin/../lib/gcc/arm-none-eabi/4.8.4/armv7e-m/fpu/crtn.o
 .data          0x00000000        0x0 c:/freescale/kds_3.0.0/toolchain/bin/../lib/gcc/arm-none-eabi/4.8.4/armv7e-m/fpu/crtn.o
 .bss           0x00000000        0x0 c:/freescale/kds_3.0.0/toolchain/bin/../lib/gcc/arm-none-eabi/4.8.4/armv7e-m/fpu/crtn.o

Memory Configuration

Name             Origin             Length             Attributes
m_interrupts     0x00000000         0x000001e8         xr
m_text           0x00000410         0x000ffbf0         xr
m_data           0x1fff0000         0x00010000         rw
m_data_20000000  0x20000000         0x00010000         rw
m_cfmprotrom     0x00000400         0x00000010         xr
*default*        0x00000000         0xffffffff

Linker script and memory map

LOAD c:/freescale/kds_3.0.0/toolchain/bin/../lib/gcc/arm-none-eabi/4.8.4/armv7e-m/fpu/crti.o
LOAD c:/freescale/kds_3.0.0/toolchain/bin/../lib/gcc/arm-none-eabi/4.8.4/armv7e-m/fpu/crtbegin.o
LOAD c:/freescale/kds_3.0.0/toolchain/bin/../lib/gcc/arm-none-eabi/4.8.4/../../../../arm-none-eabi/lib/armv7e-m/fpu/crt0.o
LOAD ./Sources/Events.o
LOAD ./Sources/FIFO.o
LOAD ./Sources/FTM.o
LOAD ./Sources/Flash.o
LOAD ./Sources/I2C.o
LOAD ./Sources/LEDs.o
LOAD ./Sources/PIT.o
LOAD ./Sources/RTC.o
LOAD ./Sources/UART.o
LOAD ./Sources/accel.o
LOAD ./Sources/main.o
LOAD ./Sources/median.o
LOAD ./Sources/packet.o
LOAD ./Project_Settings/Startup_Code/startup.o
LOAD ./Generated_Code/Cpu.o
LOAD ./Generated_Code/PE_LDD.o
LOAD ./Generated_Code/Vectors.o
LOAD c:/freescale/kds_3.0.0/toolchain/bin/../lib/gcc/arm-none-eabi/4.8.4/../../../../arm-none-eabi/lib/armv7e-m/fpu\libstdc++_s.a
LOAD c:/freescale/kds_3.0.0/toolchain/bin/../lib/gcc/arm-none-eabi/4.8.4/../../../../arm-none-eabi/lib/armv7e-m/fpu\libm.a
START GROUP
LOAD c:/freescale/kds_3.0.0/toolchain/bin/../lib/gcc/arm-none-eabi/4.8.4/armv7e-m/fpu\libgcc.a
LOAD c:/freescale/kds_3.0.0/toolchain/bin/../lib/gcc/arm-none-eabi/4.8.4/../../../../arm-none-eabi/lib/armv7e-m/fpu\libg_s.a
LOAD c:/freescale/kds_3.0.0/toolchain/bin/../lib/gcc/arm-none-eabi/4.8.4/../../../../arm-none-eabi/lib/armv7e-m/fpu\libc_s.a
END GROUP
START GROUP
LOAD c:/freescale/kds_3.0.0/toolchain/bin/../lib/gcc/arm-none-eabi/4.8.4/armv7e-m/fpu\libgcc.a
LOAD c:/freescale/kds_3.0.0/toolchain/bin/../lib/gcc/arm-none-eabi/4.8.4/../../../../arm-none-eabi/lib/armv7e-m/fpu\libc_s.a
LOAD c:/freescale/kds_3.0.0/toolchain/bin/../lib/gcc/arm-none-eabi/4.8.4/../../../../arm-none-eabi/lib/armv7e-m/fpu\libnosys.a
END GROUP
START GROUP
LOAD c:/freescale/kds_3.0.0/toolchain/bin/../lib/gcc/arm-none-eabi/4.8.4/armv7e-m/fpu\libgcc.a
LOAD c:/freescale/kds_3.0.0/toolchain/bin/../lib/gcc/arm-none-eabi/4.8.4/../../../../arm-none-eabi/lib/armv7e-m/fpu\libc_s.a
LOAD c:/freescale/kds_3.0.0/toolchain/bin/../lib/gcc/arm-none-eabi/4.8.4/../../../../arm-none-eabi/lib/armv7e-m/fpu\libnosys.a
END GROUP
LOAD c:/freescale/kds_3.0.0/toolchain/bin/../lib/gcc/arm-none-eabi/4.8.4/armv7e-m/fpu/crtend.o
LOAD c:/freescale/kds_3.0.0/toolchain/bin/../lib/gcc/arm-none-eabi/4.8.4/armv7e-m/fpu/crtn.o
                0x20000000                _estack = 0x20000000
                0x20000000                __SP_INIT = _estack
                0x20000000                __stack = _estack
                0x00000000                __heap_size = 0x0
                0x00000400                __stack_size = 0x400

.interrupts     0x00000000      0x1e8
                0x00000000                __vector_table = .
                0x00000000                . = ALIGN (0x4)
 *(.vectortable)
 .vectortable   0x00000000      0x1e8 ./Generated_Code/Vectors.o
                0x00000000                __vect_table
                0x000001e8                . = ALIGN (0x4)

.cfmprotect     0x00000400       0x10
                0x00000400                . = ALIGN (0x4)
 *(.cfmconfig)
 .cfmconfig     0x00000400       0x10 ./Generated_Code/Cpu.o
                0x00000400                _cfm
                0x00000410                . = ALIGN (0x4)

.text           0x00000410     0x34c4
                0x00000410                . = ALIGN (0x4)
 *(.text)
 .text          0x00000410       0x54 c:/freescale/kds_3.0.0/toolchain/bin/../lib/gcc/arm-none-eabi/4.8.4/armv7e-m/fpu/crtbegin.o
 .text          0x00000464       0x74 c:/freescale/kds_3.0.0/toolchain/bin/../lib/gcc/arm-none-eabi/4.8.4/../../../../arm-none-eabi/lib/armv7e-m/fpu/crt0.o
                0x00000464                _start
                0x00000464                _mainCRTStartup
 .text          0x000004d8      0x370 c:/freescale/kds_3.0.0/toolchain/bin/../lib/gcc/arm-none-eabi/4.8.4/armv7e-m/fpu\libgcc.a(_arm_addsubdf3.o)
                0x000004d8                __aeabi_drsub
                0x000004e0                __aeabi_dsub
                0x000004e0                __subdf3
                0x000004e4                __aeabi_dadd
                0x000004e4                __adddf3
                0x0000075c                __floatunsidf
                0x0000075c                __aeabi_ui2d
                0x0000077c                __floatsidf
                0x0000077c                __aeabi_i2d
                0x000007a0                __aeabi_f2d
                0x000007a0                __extendsfdf2
                0x000007dc                __floatundidf
                0x000007dc                __aeabi_ul2d
                0x000007ec                __floatdidf
                0x000007ec                __aeabi_l2d
 .text          0x00000848      0x424 c:/freescale/kds_3.0.0/toolchain/bin/../lib/gcc/arm-none-eabi/4.8.4/armv7e-m/fpu\libgcc.a(_arm_muldivdf3.o)
                0x00000848                __aeabi_dmul
                0x00000848                __muldf3
                0x00000a9c                __divdf3
                0x00000a9c                __aeabi_ddiv
 .text          0x00000c6c       0x40 c:/freescale/kds_3.0.0/toolchain/bin/../lib/gcc/arm-none-eabi/4.8.4/armv7e-m/fpu\libgcc.a(_arm_fixunsdfsi.o)
                0x00000c6c                __aeabi_d2uiz
                0x00000c6c                __fixunsdfsi
 *(.text*)
 .text.FIFO_Init
                0x00000cac       0x70 ./Sources/FIFO.o
                0x00000cac                FIFO_Init
 .text.FIFO_Put
                0x00000d1c       0xc4 ./Sources/FIFO.o
                0x00000d1c                FIFO_Put
 .text.FIFO_Get
                0x00000de0       0xc4 ./Sources/FIFO.o
                0x00000de0                FIFO_Get
 .text.FTM_Init
                0x00000ea4       0x7c ./Sources/FTM.o
                0x00000ea4                FTM_Init
 .text.FTM_Set  0x00000f20      0x1d4 ./Sources/FTM.o
                0x00000f20                FTM_Set
 .text.FTM_StartTimer
                0x000010f4       0x34 ./Sources/FTM.o
                0x000010f4                FTM_StartTimer
 .text.FTM0_ISR
                0x00001128       0xb8 ./Sources/FTM.o
                0x00001128                FTM0_ISR
 .text.LaunchCommand
                0x000011e0       0xac ./Sources/Flash.o
 .text.WritePhrase
                0x0000128c       0x30 ./Sources/Flash.o
 .text.EraseSector
                0x000012bc       0x24 ./Sources/Flash.o
 .text.ModifyPhrase
                0x000012e0       0x38 ./Sources/Flash.o
 .text.Flash_Init
                0x00001318       0x10 ./Sources/Flash.o
                0x00001318                Flash_Init
 .text.Flash_AllocateVar
                0x00001328       0xc8 ./Sources/Flash.o
                0x00001328                Flash_AllocateVar
 .text.Flash_Write32
                0x000013f0       0x58 ./Sources/Flash.o
                0x000013f0                Flash_Write32
 .text.Flash_Write16
                0x00001448       0x60 ./Sources/Flash.o
                0x00001448                Flash_Write16
 .text.Flash_Write8
                0x000014a8       0x50 ./Sources/Flash.o
                0x000014a8                Flash_Write8
 .text.Flash_Erase
                0x000014f8       0x14 ./Sources/Flash.o
                0x000014f8                Flash_Erase
 .text.FrequencyDividerRegister
                0x0000150c       0xd0 ./Sources/I2C.o
 .text.WaitForIdleBus
                0x000015dc       0x20 ./Sources/I2C.o
 .text.WaitForAK
                0x000015fc       0x30 ./Sources/I2C.o
 .text.Start    0x0000162c       0x30 ./Sources/I2C.o
 .text.Stop     0x0000165c       0x30 ./Sources/I2C.o
 .text.I2C_Init
                0x0000168c       0xd8 ./Sources/I2C.o
                0x0000168c                I2C_Init
 .text.I2C_SelectSlaveDevice
                0x00001764       0x20 ./Sources/I2C.o
                0x00001764                I2C_SelectSlaveDevice
 .text.I2C_Write
                0x00001784       0x94 ./Sources/I2C.o
                0x00001784                I2C_Write
 .text.I2C_PollRead
                0x00001818      0x184 ./Sources/I2C.o
                0x00001818                I2C_PollRead
 .text.I2C_IntRead
                0x0000199c      0x1c0 ./Sources/I2C.o
                0x0000199c                I2C_IntRead
 .text.I2C_ISR  0x00001b5c      0x1e8 ./Sources/I2C.o
                0x00001b5c                I2C_ISR
 .text.LEDs_Init
                0x00001d44       0xc4 ./Sources/LEDs.o
                0x00001d44                LEDs_Init
 .text.LEDs_On  0x00001e08       0x24 ./Sources/LEDs.o
                0x00001e08                LEDs_On
 .text.LEDs_Off
                0x00001e2c       0x24 ./Sources/LEDs.o
                0x00001e2c                LEDs_Off
 .text.LEDs_Toggle
                0x00001e50       0x24 ./Sources/LEDs.o
                0x00001e50                LEDs_Toggle
 *fill*         0x00001e74        0x4 
 .text.PIT_Init
                0x00001e78       0xa8 ./Sources/PIT.o
                0x00001e78                PIT_Init
 .text.PIT_Set  0x00001f20       0x54 ./Sources/PIT.o
                0x00001f20                PIT_Set
 .text.PIT_Enable
                0x00001f74       0x40 ./Sources/PIT.o
                0x00001f74                PIT_Enable
 .text.PIT_ISR  0x00001fb4       0x48 ./Sources/PIT.o
                0x00001fb4                PIT_ISR
 .text.RTC_Init
                0x00001ffc      0x114 ./Sources/RTC.o
                0x00001ffc                RTC_Init
 .text.RTC_Set  0x00002110       0x54 ./Sources/RTC.o
                0x00002110                RTC_Set
 .text.RTC_Get  0x00002164       0xb0 ./Sources/RTC.o
                0x00002164                RTC_Get
 .text.RTC_ISR  0x00002214       0x34 ./Sources/RTC.o
                0x00002214                RTC_ISR
 .text.UART_Init
                0x00002248      0x10c ./Sources/UART.o
                0x00002248                UART_Init
 .text.UART_InChar
                0x00002354       0x20 ./Sources/UART.o
                0x00002354                UART_InChar
 .text.UART_OutChar
                0x00002374       0x40 ./Sources/UART.o
                0x00002374                UART_OutChar
 .text.UART_ISR
                0x000023b4       0x74 ./Sources/UART.o
                0x000023b4                UART_ISR
 .text.setI2CStruct
                0x00002428       0x34 ./Sources/accel.o
 .text.ActivateAccelerometer
                0x0000245c       0x4c ./Sources/accel.o
 .text.AccelBufferIncrementIndex
                0x000024a8       0x34 ./Sources/accel.o
 .text.Accel_Init
                0x000024dc      0x110 ./Sources/accel.o
                0x000024dc                Accel_Init
 .text.Accel_ReadXYZ
                0x000025ec       0x3c ./Sources/accel.o
                0x000025ec                Accel_ReadXYZ
 .text.Accel_SetMode
                0x00002628      0x158 ./Sources/accel.o
                0x00002628                Accel_SetMode
 .text.AccelDataReady_ISR
                0x00002780       0x48 ./Sources/accel.o
                0x00002780                AccelDataReady_ISR
 .text.Accel_FilterData
                0x000027c8       0x64 ./Sources/accel.o
                0x000027c8                Accel_FilterData
 .text.main     0x0000282c       0x54 ./Sources/main.o
                0x0000282c                main
 .text.TowerInit
                0x00002880       0x9c ./Sources/main.o
                0x00002880                TowerInit
 .text.GlobalsInit
                0x0000291c       0x74 ./Sources/main.o
                0x0000291c                GlobalsInit
 .text.TowerStartup
                0x00002990       0x7c ./Sources/main.o
                0x00002990                TowerStartup
 .text.InitialTowerNb
                0x00002a0c       0x60 ./Sources/main.o
                0x00002a0c                InitialTowerNb
 .text.InitialTowerMode
                0x00002a6c       0x5c ./Sources/main.o
                0x00002a6c                InitialTowerMode
 .text.PITCallback
                0x00002ac8       0x14 ./Sources/main.o
                0x00002ac8                PITCallback
 .text.FTMCallback
                0x00002adc       0x18 ./Sources/main.o
                0x00002adc                FTMCallback
 .text.UpdateTimeRTC
                0x00002af4       0x80 ./Sources/main.o
 .text.AccelCallbackReadComplete
                0x00002b74       0x20 ./Sources/main.o
                0x00002b74                AccelCallbackReadComplete
 .text.AccelCallbackDataReady
                0x00002b94       0x20 ./Sources/main.o
                0x00002b94                AccelCallbackDataReady
 .text.AccelBufferInit
                0x00002bb4       0x64 ./Sources/main.o
                0x00002bb4                AccelBufferInit
 .text.AccelCheckIfNewData
                0x00002c18       0x30 ./Sources/main.o
                0x00002c18                AccelCheckIfNewData
 .text.SendAckPacket
                0x00002c48       0x30 ./Sources/main.o
                0x00002c48                SendAckPacket
 .text.SendNakPacket
                0x00002c78       0x38 ./Sources/main.o
                0x00002c78                SendNakPacket
 .text.HandleInvalidCommand
                0x00002cb0       0x10 ./Sources/main.o
                0x00002cb0                HandleInvalidCommand
 .text.HandleGetStartupValues
                0x00002cc0       0x9c ./Sources/main.o
                0x00002cc0                HandleGetStartupValues
 .text.HandleGetVersion
                0x00002d5c       0x38 ./Sources/main.o
                0x00002d5c                HandleGetVersion
 .text.HandleTowerNumber
                0x00002d94       0x7c ./Sources/main.o
                0x00002d94                HandleTowerNumber
 .text.HandleTowerMode
                0x00002e10       0x80 ./Sources/main.o
                0x00002e10                HandleTowerMode
 .text.HandleFlashProgramByte
                0x00002e90       0x50 ./Sources/main.o
                0x00002e90                HandleFlashProgramByte
 .text.HandleFlashReadByte
                0x00002ee0       0x50 ./Sources/main.o
                0x00002ee0                HandleFlashReadByte
 .text.HandleSetTime
                0x00002f30       0x40 ./Sources/main.o
 .text.HandleProtocolMode
                0x00002f70       0xb8 ./Sources/main.o
                0x00002f70                HandleProtocolMode
 .text.PacketHandle
                0x00003028      0x11c ./Sources/main.o
                0x00003028                PacketHandle
 .text.Median_Filter3
                0x00003144       0x7c ./Sources/median.o
                0x00003144                Median_Filter3
 .text.Packet_Init
                0x000031c0       0x1c ./Sources/packet.o
                0x000031c0                Packet_Init
 .text.Packet_Get
                0x000031dc       0x68 ./Sources/packet.o
                0x000031dc                Packet_Get
 .text.Packet_Put
                0x00003244       0xa4 ./Sources/packet.o
                0x00003244                Packet_Put
 .text.__copy_rom_section
                0x000032e8       0xe4 ./Project_Settings/Startup_Code/startup.o
                0x000032e8                __copy_rom_section
 .text.__copy_rom_sections_to_ram
                0x000033cc       0x9c ./Project_Settings/Startup_Code/startup.o
                0x000033cc                __copy_rom_sections_to_ram
 .text.__init_registers
                0x00003468       0x20 ./Project_Settings/Startup_Code/startup.o
                0x00003468                __init_registers
 .text.__init_user
                0x00003488        0xc ./Project_Settings/Startup_Code/startup.o
                0x00003488                __init_user
 .text.__thumb_startup
                0x00003494       0x34 ./Project_Settings/Startup_Code/startup.o
                0x00003494                __thumb_startup
 .text.Cpu_Interrupt
                0x000034c8       0x18 ./Generated_Code/Cpu.o
                0x000034c8                Cpu_Interrupt
 .text.__init_hardware
                0x000034e0      0x150 ./Generated_Code/Cpu.o
                0x000034e0                __init_hardware
 .text.Cpu_SetBASEPRI
                0x00003630       0x18 ./Generated_Code/Cpu.o
                0x00003630                Cpu_SetBASEPRI
 .text.PE_low_level_init
                0x00003648       0xe4 ./Generated_Code/Cpu.o
                0x00003648                PE_low_level_init
 .text.exit     0x0000372c       0x28 c:/freescale/kds_3.0.0/toolchain/bin/../lib/gcc/arm-none-eabi/4.8.4/../../../../arm-none-eabi/lib/armv7e-m/fpu\libg_s.a(lib_a-exit.o)
                0x0000372c                exit
 .text.__libc_init_array
                0x00003754       0x4c c:/freescale/kds_3.0.0/toolchain/bin/../lib/gcc/arm-none-eabi/4.8.4/../../../../arm-none-eabi/lib/armv7e-m/fpu\libg_s.a(lib_a-init.o)
                0x00003754                __libc_init_array
 .text.memset   0x000037a0       0x10 c:/freescale/kds_3.0.0/toolchain/bin/../lib/gcc/arm-none-eabi/4.8.4/../../../../arm-none-eabi/lib/armv7e-m/fpu\libg_s.a(lib_a-memset.o)
                0x000037a0                memset
 .text._exit    0x000037b0        0x4 c:/freescale/kds_3.0.0/toolchain/bin/../lib/gcc/arm-none-eabi/4.8.4/../../../../arm-none-eabi/lib/armv7e-m/fpu\libnosys.a(_exit.o)
                0x000037b0                _exit
 *(.rodata)
 *(.rodata*)
 .rodata.SCLdivider
                0x000037b4      0x100 ./Sources/I2C.o
 .rodata.PACKET_ACK_MASK
                0x000038b4        0x1 ./Sources/packet.o
                0x000038b4                PACKET_ACK_MASK
 .rodata.str1.1
                0x000038b5        0x2 c:/freescale/kds_3.0.0/toolchain/bin/../lib/gcc/arm-none-eabi/4.8.4/../../../../arm-none-eabi/lib/armv7e-m/fpu\libg_s.a(lib_a-impure.o)
 *fill*         0x000038b7        0x1 
 .rodata._global_impure_ptr
                0x000038b8        0x4 c:/freescale/kds_3.0.0/toolchain/bin/../lib/gcc/arm-none-eabi/4.8.4/../../../../arm-none-eabi/lib/armv7e-m/fpu\libg_s.a(lib_a-impure.o)
                0x000038b8                _global_impure_ptr
 *(.glue_7)
 .glue_7        0x00000000        0x0 linker stubs
 *(.glue_7t)
 .glue_7t       0x00000000        0x0 linker stubs
 *(.eh_frame)
 .eh_frame      0x000038bc        0x0 c:/freescale/kds_3.0.0/toolchain/bin/../lib/gcc/arm-none-eabi/4.8.4/armv7e-m/fpu/crtbegin.o
 *(.init)
 .init          0x000038bc        0x4 c:/freescale/kds_3.0.0/toolchain/bin/../lib/gcc/arm-none-eabi/4.8.4/armv7e-m/fpu/crti.o
                0x000038bc                _init
 .init          0x000038c0        0x8 c:/freescale/kds_3.0.0/toolchain/bin/../lib/gcc/arm-none-eabi/4.8.4/armv7e-m/fpu/crtn.o
 *(.fini)
 .fini          0x000038c8        0x4 c:/freescale/kds_3.0.0/toolchain/bin/../lib/gcc/arm-none-eabi/4.8.4/armv7e-m/fpu/crti.o
                0x000038c8                _fini
 .fini          0x000038cc        0x8 c:/freescale/kds_3.0.0/toolchain/bin/../lib/gcc/arm-none-eabi/4.8.4/armv7e-m/fpu/crtn.o
                0x000038d4                . = ALIGN (0x4)
                0x000038d4                _etext = .

.vfp11_veneer   0x000038d4        0x0
 .vfp11_veneer  0x00000000        0x0 linker stubs

.v4_bx          0x000038d4        0x0
 .v4_bx         0x00000000        0x0 linker stubs

.iplt           0x000038d4        0x0
 .iplt          0x00000000        0x0 c:/freescale/kds_3.0.0/toolchain/bin/../lib/gcc/arm-none-eabi/4.8.4/armv7e-m/fpu/crtbegin.o

.ARM.extab
 *(.ARM.extab* .gnu.linkonce.armextab.*)

.ARM            0x000038d4        0x8
                0x000038d4                __exidx_start = .
 *(.ARM.exidx*)
 .ARM.exidx     0x000038d4        0x8 c:/freescale/kds_3.0.0/toolchain/bin/../lib/gcc/arm-none-eabi/4.8.4/../../../../arm-none-eabi/lib/armv7e-m/fpu/crt0.o
                0x000038dc                __exidx_end = .

.rel.dyn        0x000038dc        0x0
 .rel.iplt      0x00000000        0x0 c:/freescale/kds_3.0.0/toolchain/bin/../lib/gcc/arm-none-eabi/4.8.4/armv7e-m/fpu/crtbegin.o

.ctors          0x000038dc        0x0
                0x000038dc                __CTOR_LIST__ = .
 *crtbegin.o(.ctors)
 *(EXCLUDE_FILE(*crtend.o) .ctors)
 *(SORT(.ctors.*))
 *(.ctors)
                0x000038dc                __CTOR_END__ = .

.dtors          0x000038dc        0x0
                0x000038dc                __DTOR_LIST__ = .
 *crtbegin.o(.dtors)
 *(EXCLUDE_FILE(*crtend.o) .dtors)
 *(SORT(.dtors.*))
 *(.dtors)
                0x000038dc                __DTOR_END__ = .

.preinit_array  0x000038dc        0x0
                0x000038dc                PROVIDE (__preinit_array_start, .)
 *(.preinit_array*)
                0x000038dc                PROVIDE (__preinit_array_end, .)

.init_array     0x000038dc        0x4
                0x000038dc                PROVIDE (__init_array_start, .)
 *(SORT(.init_array.*))
 *(.init_array*)
 .init_array    0x000038dc        0x4 c:/freescale/kds_3.0.0/toolchain/bin/../lib/gcc/arm-none-eabi/4.8.4/armv7e-m/fpu/crtbegin.o
                0x000038e0                PROVIDE (__init_array_end, .)

.fini_array     0x000038e0        0x4
                0x000038e0                PROVIDE (__fini_array_start, .)
 *(SORT(.fini_array.*))
 *(.fini_array*)
 .fini_array    0x000038e0        0x4 c:/freescale/kds_3.0.0/toolchain/bin/../lib/gcc/arm-none-eabi/4.8.4/armv7e-m/fpu/crtbegin.o
                0x000038e4                PROVIDE (__fini_array_end, .)
                0x000038e4                ___ROM_AT = .

.data           0x1fff0000       0x60 load address 0x000038e4
                0x1fff0000                . = ALIGN (0x4)
                0x1fff0000                _sdata = .
 *(.data)
 *(.data*)
 .data.impure_data
                0x1fff0000       0x60 c:/freescale/kds_3.0.0/toolchain/bin/../lib/gcc/arm-none-eabi/4.8.4/../../../../arm-none-eabi/lib/armv7e-m/fpu\libg_s.a(lib_a-impure.o)
                0x1fff0060                . = ALIGN (0x4)
                0x1fff0060                _edata = .
                0x00000060                ___data_size = (_edata - _sdata)
                0x00003944                ___m_data_20000000_ROMStart = (___ROM_AT + SIZEOF (.data))

.jcr            0x1fff0060        0x0 load address 0x00003944
 .jcr           0x1fff0060        0x0 c:/freescale/kds_3.0.0/toolchain/bin/../lib/gcc/arm-none-eabi/4.8.4/armv7e-m/fpu/crtbegin.o

.igot.plt       0x1fff0060        0x0 load address 0x00003944
 .igot.plt      0x00000000        0x0 c:/freescale/kds_3.0.0/toolchain/bin/../lib/gcc/arm-none-eabi/4.8.4/armv7e-m/fpu/crtbegin.o

.m_data_20000000
                0x20000000        0x0 load address 0x00003944
                0x20000000                . = ALIGN (0x4)
                0x20000000                ___m_data_20000000_RAMStart = .
 *(.m_data_20000000)
                0x20000000                ___m_data_20000000_RAMEnd = .
                0x20000000                . = ALIGN (0x4)
                0x00000000                ___m_data_20000000_ROMSize = (___m_data_20000000_RAMEnd - ___m_data_20000000_RAMStart)
                0x20000000                . = ALIGN (0x4)

.bss            0x1fff0060      0x314 load address 0x00003944
                0x1fff0060                __START_BSS = .
                0x1fff0060                PROVIDE (__bss_start__, __START_BSS)
 *(.bss)
 .bss           0x1fff0060       0x1c c:/freescale/kds_3.0.0/toolchain/bin/../lib/gcc/arm-none-eabi/4.8.4/armv7e-m/fpu/crtbegin.o
 *(.bss*)
 .bss.UserFunction
                0x1fff007c       0x20 ./Sources/FTM.o
 .bss.UserArguments
                0x1fff009c       0x20 ./Sources/FTM.o
 .bss.ReadCompleteCallbackFunction
                0x1fff00bc        0x4 ./Sources/I2C.o
 .bss.ReadCompleteCallbackArguments
                0x1fff00c0        0x4 ./Sources/I2C.o
 .bss.SlaveAddress
                0x1fff00c4        0x1 ./Sources/I2C.o
 .bss.RegisterAddress
                0x1fff00c5        0x1 ./Sources/I2C.o
 *fill*         0x1fff00c6        0x2 
 .bss.Data      0x1fff00c8        0x4 ./Sources/I2C.o
 .bss.NbBytes   0x1fff00cc        0x1 ./Sources/I2C.o
 .bss.MaxNbBytes
                0x1fff00cd        0x1 ./Sources/I2C.o
 .bss.I2CIntReadStage
                0x1fff00ce        0x1 ./Sources/I2C.o
 *fill*         0x1fff00cf        0x1 
 .bss.UserFunction
                0x1fff00d0        0x4 ./Sources/PIT.o
 .bss.UserArguments
                0x1fff00d4        0x4 ./Sources/PIT.o
 .bss.NanoSecondPerClockTick
                0x1fff00d8        0x4 ./Sources/PIT.o
 .bss.UserFunction
                0x1fff00dc        0x4 ./Sources/RTC.o
 .bss.UserArguments
                0x1fff00e0        0x4 ./Sources/RTC.o
 .bss.TxFIFO    0x1fff00e4      0x108 ./Sources/UART.o
 .bss.RxFIFO    0x1fff01ec      0x108 ./Sources/UART.o
 .bss.CTRL_REG1_Union
                0x1fff02f4        0x4 ./Sources/accel.o
 .bss.CTRL_REG3_Union
                0x1fff02f8        0x4 ./Sources/accel.o
 .bss.CTRL_REG4_Union
                0x1fff02fc        0x4 ./Sources/accel.o
 .bss.CTRL_REG5_Union
                0x1fff0300        0x4 ./Sources/accel.o
 .bss.DataReadyCallbackFunction
                0x1fff0304        0x4 ./Sources/accel.o
 .bss.DataReadyCallbackArguments
                0x1fff0308        0x4 ./Sources/accel.o
 .bss.ReadCompleteCallbackFunction
                0x1fff030c        0x4 ./Sources/accel.o
 .bss.ReadCompleteCallbackArguments
                0x1fff0310        0x4 ./Sources/accel.o
 .bss.AccelMode
                0x1fff0314        0x1 ./Sources/accel.o
 *fill*         0x1fff0315        0x3 
 .bss.I2CSetupStruct
                0x1fff0318       0x10 ./Sources/accel.o
 .bss.NvTowerNb
                0x1fff0328        0x4 ./Sources/main.o
 .bss.NvTowerMode
                0x1fff032c        0x4 ./Sources/main.o
 .bss.Channel0Load
                0x1fff0330       0x10 ./Sources/main.o
 .bss.AccelSetup
                0x1fff0340       0x14 ./Sources/main.o
 .bss.AccelMode
                0x1fff0354        0x4 ./Sources/main.o
 .bss.SR_lock   0x1fff0358        0x1 ./Generated_Code/Cpu.o
                0x1fff0358                SR_lock
 *(COMMON)
 *fill*         0x1fff0359        0x3 
 COMMON         0x1fff035c        0xd ./Sources/main.o
                0x1fff035c                AccelDataBuffer
 *fill*         0x1fff0369        0x3 
 COMMON         0x1fff036c        0x5 ./Sources/packet.o
                0x1fff036c                Packet
 COMMON         0x1fff0371        0x1 ./Generated_Code/Cpu.o
                0x1fff0371                SR_reg
                0x1fff0374                . = ALIGN (0x4)
 *fill*         0x1fff0372        0x2 
                0x1fff0374                __END_BSS = .
                0x1fff0374                PROVIDE (__bss_end__, __END_BSS)
                0x00003944                _romp_at = ((___ROM_AT + SIZEOF (.data)) + SIZEOF (.m_data_20000000))

.romp           0x1fff0374       0x24 load address 0x00003944
                0x00003944                __S_romp = _romp_at
                0x1fff0374        0x4 LONG 0x38e4 ___ROM_AT
                0x1fff0378        0x4 LONG 0x1fff0000 _sdata
                0x1fff037c        0x4 LONG 0x60 ___data_size
                0x1fff0380        0x4 LONG 0x3944 ___m_data_20000000_ROMStart
                0x1fff0384        0x4 LONG 0x20000000 ___m_data_20000000_RAMStart
                0x1fff0388        0x4 LONG 0x0 ___m_data_20000000_ROMSize
                0x1fff038c        0x4 LONG 0x0
                0x1fff0390        0x4 LONG 0x0
                0x1fff0394        0x4 LONG 0x0

._user_heap_stack
                0x1fff0398      0x400 load address 0x00003968
                0x1fff0398                . = ALIGN (0x4)
                0x1fff0398                PROVIDE (end, .)
                0x1fff0398                PROVIDE (_end, .)
                0x1fff0398                __heap_addr = .
                0x1fff0398                __HeapBase = .
                0x1fff0398                . = (. + __heap_size)
                0x1fff0398                __HeapLimit = .
                0x1fff0798                . = (. + __stack_size)
 *fill*         0x1fff0398      0x400 
                0x1fff0798                . = ALIGN (0x4)

.ARM.attributes
                0x00000000       0x30
 *(.ARM.attributes)
 .ARM.attributes
                0x00000000       0x22 c:/freescale/kds_3.0.0/toolchain/bin/../lib/gcc/arm-none-eabi/4.8.4/armv7e-m/fpu/crti.o
 .ARM.attributes
                0x00000022       0x34 c:/freescale/kds_3.0.0/toolchain/bin/../lib/gcc/arm-none-eabi/4.8.4/armv7e-m/fpu/crtbegin.o
 .ARM.attributes
                0x00000056       0x20 c:/freescale/kds_3.0.0/toolchain/bin/../lib/gcc/arm-none-eabi/4.8.4/../../../../arm-none-eabi/lib/armv7e-m/fpu/crt0.o
 .ARM.attributes
                0x00000076       0x39 ./Sources/FIFO.o
 .ARM.attributes
                0x000000af       0x39 ./Sources/FTM.o
 .ARM.attributes
                0x000000e8       0x39 ./Sources/Flash.o
 .ARM.attributes
                0x00000121       0x39 ./Sources/I2C.o
 .ARM.attributes
                0x0000015a       0x39 ./Sources/LEDs.o
 .ARM.attributes
                0x00000193       0x39 ./Sources/PIT.o
 .ARM.attributes
                0x000001cc       0x39 ./Sources/RTC.o
 .ARM.attributes
                0x00000205       0x39 ./Sources/UART.o
 .ARM.attributes
                0x0000023e       0x39 ./Sources/accel.o
 .ARM.attributes
                0x00000277       0x39 ./Sources/main.o
 .ARM.attributes
                0x000002b0       0x39 ./Sources/median.o
 .ARM.attributes
                0x000002e9       0x39 ./Sources/packet.o
 .ARM.attributes
                0x00000322       0x39 ./Project_Settings/Startup_Code/startup.o
 .ARM.attributes
                0x0000035b       0x39 ./Generated_Code/Cpu.o
 .ARM.attributes
                0x00000394       0x39 ./Generated_Code/Vectors.o
 .ARM.attributes
                0x000003cd       0x22 c:/freescale/kds_3.0.0/toolchain/bin/../lib/gcc/arm-none-eabi/4.8.4/armv7e-m/fpu\libgcc.a(_arm_addsubdf3.o)
 .ARM.attributes
                0x000003ef       0x22 c:/freescale/kds_3.0.0/toolchain/bin/../lib/gcc/arm-none-eabi/4.8.4/armv7e-m/fpu\libgcc.a(_arm_muldivdf3.o)
 .ARM.attributes
                0x00000411       0x22 c:/freescale/kds_3.0.0/toolchain/bin/../lib/gcc/arm-none-eabi/4.8.4/armv7e-m/fpu\libgcc.a(_arm_fixunsdfsi.o)
 .ARM.attributes
                0x00000433       0x34 c:/freescale/kds_3.0.0/toolchain/bin/../lib/gcc/arm-none-eabi/4.8.4/../../../../arm-none-eabi/lib/armv7e-m/fpu\libg_s.a(lib_a-exit.o)
 .ARM.attributes
                0x00000467       0x34 c:/freescale/kds_3.0.0/toolchain/bin/../lib/gcc/arm-none-eabi/4.8.4/../../../../arm-none-eabi/lib/armv7e-m/fpu\libg_s.a(lib_a-impure.o)
 .ARM.attributes
                0x0000049b       0x34 c:/freescale/kds_3.0.0/toolchain/bin/../lib/gcc/arm-none-eabi/4.8.4/../../../../arm-none-eabi/lib/armv7e-m/fpu\libg_s.a(lib_a-init.o)
 .ARM.attributes
                0x000004cf       0x34 c:/freescale/kds_3.0.0/toolchain/bin/../lib/gcc/arm-none-eabi/4.8.4/../../../../arm-none-eabi/lib/armv7e-m/fpu\libg_s.a(lib_a-memset.o)
 .ARM.attributes
                0x00000503       0x34 c:/freescale/kds_3.0.0/toolchain/bin/../lib/gcc/arm-none-eabi/4.8.4/../../../../arm-none-eabi/lib/armv7e-m/fpu\libnosys.a(_exit.o)
 .ARM.attributes
                0x00000537       0x22 c:/freescale/kds_3.0.0/toolchain/bin/../lib/gcc/arm-none-eabi/4.8.4/armv7e-m/fpu/crtn.o
OUTPUT(Lab1.elf elf32-littlearm)

.debug_info     0x00000000     0x5aac
 .debug_info    0x00000000      0x247 ./Sources/FIFO.o
 .debug_info    0x00000247      0x795 ./Sources/FTM.o
 .debug_info    0x000009dc      0x73c ./Sources/Flash.o
 .debug_info    0x00001118      0x955 ./Sources/I2C.o
 .debug_info    0x00001a6d      0x490 ./Sources/LEDs.o
 .debug_info    0x00001efd      0x57a ./Sources/PIT.o
 .debug_info    0x00002477      0x603 ./Sources/RTC.o
 .debug_info    0x00002a7a      0x91e ./Sources/UART.o
 .debug_info    0x00003398      0xb5d ./Sources/accel.o
 .debug_info    0x00003ef5      0x7e2 ./Sources/main.o
 .debug_info    0x000046d7       0xfd ./Sources/median.o
 .debug_info    0x000047d4      0x290 ./Sources/packet.o
 .debug_info    0x00004a64      0x3b0 ./Project_Settings/Startup_Code/startup.o
 .debug_info    0x00004e14      0xb89 ./Generated_Code/Cpu.o
 .debug_info    0x0000599d      0x10f ./Generated_Code/Vectors.o

.debug_abbrev   0x00000000     0x1640
 .debug_abbrev  0x00000000      0x10d ./Sources/FIFO.o
 .debug_abbrev  0x0000010d      0x1c7 ./Sources/FTM.o
 .debug_abbrev  0x000002d4      0x200 ./Sources/Flash.o
 .debug_abbrev  0x000004d4      0x231 ./Sources/I2C.o
 .debug_abbrev  0x00000705      0x144 ./Sources/LEDs.o
 .debug_abbrev  0x00000849      0x16e ./Sources/PIT.o
 .debug_abbrev  0x000009b7      0x15f ./Sources/RTC.o
 .debug_abbrev  0x00000b16      0x19a ./Sources/UART.o
 .debug_abbrev  0x00000cb0      0x264 ./Sources/accel.o
 .debug_abbrev  0x00000f14      0x220 ./Sources/main.o
 .debug_abbrev  0x00001134       0x7b ./Sources/median.o
 .debug_abbrev  0x000011af       0xdf ./Sources/packet.o
 .debug_abbrev  0x0000128e      0x189 ./Project_Settings/Startup_Code/startup.o
 .debug_abbrev  0x00001417      0x185 ./Generated_Code/Cpu.o
 .debug_abbrev  0x0000159c       0xa4 ./Generated_Code/Vectors.o

.debug_aranges  0x00000000      0x450
 .debug_aranges
                0x00000000       0x30 ./Sources/FIFO.o
 .debug_aranges
                0x00000030       0x38 ./Sources/FTM.o
 .debug_aranges
                0x00000068       0x68 ./Sources/Flash.o
 .debug_aranges
                0x000000d0       0x70 ./Sources/I2C.o
 .debug_aranges
                0x00000140       0x38 ./Sources/LEDs.o
 .debug_aranges
                0x00000178       0x38 ./Sources/PIT.o
 .debug_aranges
                0x000001b0       0x38 ./Sources/RTC.o
 .debug_aranges
                0x000001e8       0x40 ./Sources/UART.o
 .debug_aranges
                0x00000228       0x58 ./Sources/accel.o
 .debug_aranges
                0x00000280       0xe0 ./Sources/main.o
 .debug_aranges
                0x00000360       0x20 ./Sources/median.o
 .debug_aranges
                0x00000380       0x30 ./Sources/packet.o
 .debug_aranges
                0x000003b0       0x50 ./Project_Settings/Startup_Code/startup.o
 .debug_aranges
                0x00000400       0x38 ./Generated_Code/Cpu.o
 .debug_aranges
                0x00000438       0x18 ./Generated_Code/Vectors.o

.debug_ranges   0x00000000      0x358
 .debug_ranges  0x00000000       0x20 ./Sources/FIFO.o
 .debug_ranges  0x00000020       0x28 ./Sources/FTM.o
 .debug_ranges  0x00000048       0x58 ./Sources/Flash.o
 .debug_ranges  0x000000a0       0x60 ./Sources/I2C.o
 .debug_ranges  0x00000100       0x28 ./Sources/LEDs.o
 .debug_ranges  0x00000128       0x28 ./Sources/PIT.o
 .debug_ranges  0x00000150       0x28 ./Sources/RTC.o
 .debug_ranges  0x00000178       0x30 ./Sources/UART.o
 .debug_ranges  0x000001a8       0x48 ./Sources/accel.o
 .debug_ranges  0x000001f0       0xd0 ./Sources/main.o
 .debug_ranges  0x000002c0       0x10 ./Sources/median.o
 .debug_ranges  0x000002d0       0x20 ./Sources/packet.o
 .debug_ranges  0x000002f0       0x40 ./Project_Settings/Startup_Code/startup.o
 .debug_ranges  0x00000330       0x28 ./Generated_Code/Cpu.o

.debug_macro    0x00000000    0x1a563
 .debug_macro   0x00000000       0xa2 ./Sources/FIFO.o
 .debug_macro   0x000000a2       0x22 ./Sources/FIFO.o
 .debug_macro   0x000000c4     0x1800 ./Sources/FIFO.o
 .debug_macro   0x000018c4       0xa2 ./Sources/FTM.o
 .debug_macro   0x00001966       0xa1 ./Sources/Flash.o
 .debug_macro   0x00001a07       0x28 ./Sources/Flash.o
 .debug_macro   0x00001a2f       0x9c ./Sources/I2C.o
 .debug_macro   0x00001acb       0x72 ./Sources/LEDs.o
 .debug_macro   0x00001b3d       0x74 ./Sources/PIT.o
 .debug_macro   0x00001bb1       0x9c ./Sources/RTC.o
 .debug_macro   0x00001c4d       0xb2 ./Sources/UART.o
 .debug_macro   0x00001cff      0x1e0 ./Sources/accel.o
 .debug_macro   0x00001edf       0x5e ./Sources/accel.o
 .debug_macro   0x00001f3d       0x8e ./Sources/accel.o
 .debug_macro   0x00001fcb      0x172 ./Sources/main.o
 .debug_macro   0x0000213d       0x10 ./Sources/main.o
 .debug_macro   0x0000214d       0x3a ./Sources/main.o
 .debug_macro   0x00002187       0x2e ./Sources/main.o
 .debug_macro   0x000021b5       0x64 ./Sources/main.o
 .debug_macro   0x00002219       0x65 ./Sources/median.o
 .debug_macro   0x0000227e       0x6e ./Sources/packet.o
 .debug_macro   0x000022ec       0x34 ./Sources/packet.o
 .debug_macro   0x00002320      0x121 ./Project_Settings/Startup_Code/startup.o
 .debug_macro   0x00002441       0x58 ./Project_Settings/Startup_Code/startup.o
 .debug_macro   0x00002499       0x35 ./Project_Settings/Startup_Code/startup.o
 .debug_macro   0x000024ce       0xa3 ./Project_Settings/Startup_Code/startup.o
 .debug_macro   0x00002571      0x166 ./Project_Settings/Startup_Code/startup.o
 .debug_macro   0x000026d7       0x4a ./Project_Settings/Startup_Code/startup.o
 .debug_macro   0x00002721       0x52 ./Project_Settings/Startup_Code/startup.o
 .debug_macro   0x00002773       0x16 ./Project_Settings/Startup_Code/startup.o
 .debug_macro   0x00002789       0x43 ./Project_Settings/Startup_Code/startup.o
 .debug_macro   0x000027cc      0x180 ./Project_Settings/Startup_Code/startup.o
 .debug_macro   0x0000294c      0x2a6 ./Project_Settings/Startup_Code/startup.o
 .debug_macro   0x00002bf2       0x10 ./Project_Settings/Startup_Code/startup.o
 .debug_macro   0x00002c02       0x35 ./Project_Settings/Startup_Code/startup.o
 .debug_macro   0x00002c37       0x16 ./Project_Settings/Startup_Code/startup.o
 .debug_macro   0x00002c4d       0x22 ./Project_Settings/Startup_Code/startup.o
 .debug_macro   0x00002c6f       0x16 ./Project_Settings/Startup_Code/startup.o
 .debug_macro   0x00002c85      0x20f ./Project_Settings/Startup_Code/startup.o
 .debug_macro   0x00002e94    0x174af ./Project_Settings/Startup_Code/startup.o
 .debug_macro   0x0001a343       0x9f ./Generated_Code/Cpu.o
 .debug_macro   0x0001a3e2       0x94 ./Generated_Code/Cpu.o
 .debug_macro   0x0001a476       0xed ./Generated_Code/Vectors.o

.debug_line     0x00000000     0x2ef3
 .debug_line    0x00000000      0x2c0 ./Sources/FIFO.o
 .debug_line    0x000002c0      0x2be ./Sources/FTM.o
 .debug_line    0x0000057e      0x394 ./Sources/Flash.o
 .debug_line    0x00000912      0x421 ./Sources/I2C.o
 .debug_line    0x00000d33      0x287 ./Sources/LEDs.o
 .debug_line    0x00000fba      0x235 ./Sources/PIT.o
 .debug_line    0x000011ef      0x2eb ./Sources/RTC.o
 .debug_line    0x000014da      0x2e7 ./Sources/UART.o
 .debug_line    0x000017c1      0x392 ./Sources/accel.o
 .debug_line    0x00001b53      0x5c0 ./Sources/main.o
 .debug_line    0x00002113      0x1c2 ./Sources/median.o
 .debug_line    0x000022d5      0x1e2 ./Sources/packet.o
 .debug_line    0x000024b7      0x3ca ./Project_Settings/Startup_Code/startup.o
 .debug_line    0x00002881      0x34c ./Generated_Code/Cpu.o
 .debug_line    0x00002bcd      0x326 ./Generated_Code/Vectors.o

.debug_str      0x00000000    0x8efa7
 .debug_str     0x00000000    0x8a53c ./Sources/FIFO.o
                              0x8a6ba (size before relaxing)
 .debug_str     0x0008a53c      0x3e2 ./Sources/FTM.o
                              0x8aa0b (size before relaxing)
 .debug_str     0x0008a91e      0x415 ./Sources/Flash.o
                              0x8aa3d (size before relaxing)
 .debug_str     0x0008ad33      0x33c ./Sources/I2C.o
                              0x8aaeb (size before relaxing)
 .debug_str     0x0008b06f       0xae ./Sources/LEDs.o
                              0x82f09 (size before relaxing)
 .debug_str     0x0008b11d      0x117 ./Sources/PIT.o
                              0x82fcb (size before relaxing)
 .debug_str     0x0008b234       0x88 ./Sources/RTC.o
                              0x8a81c (size before relaxing)
 .debug_str     0x0008b2bc      0x12b ./Sources/UART.o
                              0x8a93d (size before relaxing)
 .debug_str     0x0008b3e7      0xd7f ./Sources/accel.o
                              0x8b777 (size before relaxing)
 .debug_str     0x0008c166      0x553 ./Sources/main.o
                              0x8b2c3 (size before relaxing)
 .debug_str     0x0008c6b9       0x50 ./Sources/median.o
                               0x2fc2 (size before relaxing)
 .debug_str     0x0008c709       0x36 ./Sources/packet.o
                               0x3276 (size before relaxing)
 .debug_str     0x0008c73f     0x2663 ./Project_Settings/Startup_Code/startup.o
                              0x853eb (size before relaxing)
 .debug_str     0x0008eda2      0x1e9 ./Generated_Code/Cpu.o
                              0x8a9de (size before relaxing)
 .debug_str     0x0008ef8b       0x1c ./Generated_Code/Vectors.o
                              0x8a953 (size before relaxing)

.comment        0x00000000       0x70
 .comment       0x00000000       0x70 ./Sources/FIFO.o
                                 0x71 (size before relaxing)
 .comment       0x00000000       0x71 ./Sources/FTM.o
 .comment       0x00000000       0x71 ./Sources/Flash.o
 .comment       0x00000000       0x71 ./Sources/I2C.o
 .comment       0x00000000       0x71 ./Sources/LEDs.o
 .comment       0x00000000       0x71 ./Sources/PIT.o
 .comment       0x00000000       0x71 ./Sources/RTC.o
 .comment       0x00000000       0x71 ./Sources/UART.o
 .comment       0x00000000       0x71 ./Sources/accel.o
 .comment       0x00000000       0x71 ./Sources/main.o
 .comment       0x00000000       0x71 ./Sources/median.o
 .comment       0x00000000       0x71 ./Sources/packet.o
 .comment       0x00000000       0x71 ./Project_Settings/Startup_Code/startup.o
 .comment       0x00000000       0x71 ./Generated_Code/Cpu.o
 .comment       0x00000000       0x71 ./Generated_Code/Vectors.o

.debug_frame    0x00000000      0xbfc
 .debug_frame   0x00000000       0x64 ./Sources/FIFO.o
 .debug_frame   0x00000064       0x84 ./Sources/FTM.o
 .debug_frame   0x000000e8      0x13c ./Sources/Flash.o
 .debug_frame   0x00000224      0x14c ./Sources/I2C.o
 .debug_frame   0x00000370       0x7c ./Sources/LEDs.o
 .debug_frame   0x000003ec       0x90 ./Sources/PIT.o
 .debug_frame   0x0000047c       0x90 ./Sources/RTC.o
 .debug_frame   0x0000050c       0xb0 ./Sources/UART.o
 .debug_frame   0x000005bc      0x104 ./Sources/accel.o
 .debug_frame   0x000006c0      0x2d0 ./Sources/main.o
 .debug_frame   0x00000990       0x2c ./Sources/median.o
 .debug_frame   0x000009bc       0x6c ./Sources/packet.o
 .debug_frame   0x00000a28       0xc0 ./Project_Settings/Startup_Code/startup.o
 .debug_frame   0x00000ae8       0x80 ./Generated_Code/Cpu.o
 .debug_frame   0x00000b68       0x28 c:/freescale/kds_3.0.0/toolchain/bin/../lib/gcc/arm-none-eabi/4.8.4/../../../../arm-none-eabi/lib/armv7e-m/fpu\libg_s.a(lib_a-exit.o)
 .debug_frame   0x00000b90       0x2c c:/freescale/kds_3.0.0/toolchain/bin/../lib/gcc/arm-none-eabi/4.8.4/../../../../arm-none-eabi/lib/armv7e-m/fpu\libg_s.a(lib_a-init.o)
 .debug_frame   0x00000bbc       0x20 c:/freescale/kds_3.0.0/toolchain/bin/../lib/gcc/arm-none-eabi/4.8.4/../../../../arm-none-eabi/lib/armv7e-m/fpu\libg_s.a(lib_a-memset.o)
 .debug_frame   0x00000bdc       0x20 c:/freescale/kds_3.0.0/toolchain/bin/../lib/gcc/arm-none-eabi/4.8.4/../../../../arm-none-eabi/lib/armv7e-m/fpu\libnosys.a(_exit.o)
